172.71.103.117 - - [10/Jul/2024:17:01:12 +0000] "GET /test/notifications HTTP/1.1" 200 2 "https://cms.bitlerbot.ir/test/tasks/fib/submissions" "Mozilla/5.0 (X11; Linux x86_64; rv:126.0) Gecko/20100101 Firefox/126.0"
172.71.182.195 - - [10/Jul/2024:17:01:15 +0000] "GET /test/tasks/fib/submissions HTTP/1.1" 200 4472 "https://cms.bitlerbot.ir/test/tasks/fib/description" "Mozilla/5.0 (X11; Linux x86_64; rv:126.0) Gecko/20100101 Firefox/126.0"
162.158.129.140 - - [10/Jul/2024:17:01:15 +0000] "GET /aws/notifications?last_notification=1720630845.000955 HTTP/1.1" 200 2 "https://cms.bitlerbot.ir/aws/task/2" "Mozilla/5.0 (X11; Linux x86_64) AppleWebKit/537.36 (KHTML, like Gecko) Chrome/126.0.0.0 Safari/537.36"
172.71.182.195 - - [10/Jul/2024:17:01:15 +0000] "GET /test/notifications HTTP/1.1" 200 2 "https://cms.bitlerbot.ir/test/tasks/fib/submissions" "Mozilla/5.0 (X11; Linux x86_64; rv:126.0) Gecko/20100101 Firefox/126.0"
172.71.182.195 - - [10/Jul/2024:17:01:23 +0000] "GET /test HTTP/1.1" 200 2483 "https://cms.bitlerbot.ir/test/tasks/fib/submissions" "Mozilla/5.0 (X11; Linux x86_64; rv:126.0) Gecko/20100101 Firefox/126.0"
172.71.182.195 - - [10/Jul/2024:17:01:24 +0000] "GET /test/notifications HTTP/1.1" 200 2 "https://cms.bitlerbot.ir/test" "Mozilla/5.0 (X11; Linux x86_64; rv:126.0) Gecko/20100101 Firefox/126.0"
162.158.129.141 - - [10/Jul/2024:17:01:30 +0000] "GET /aws/notifications?last_notification=1720630845.000955 HTTP/1.1" 200 2 "https://cms.bitlerbot.ir/aws/task/2" "Mozilla/5.0 (X11; Linux x86_64) AppleWebKit/537.36 (KHTML, like Gecko) Chrome/126.0.0.0 Safari/537.36"
172.71.182.195 - - [10/Jul/2024:17:01:32 +0000] "GET /test/tasks/fib/submissions HTTP/1.1" 200 4471 "https://cms.bitlerbot.ir/test" "Mozilla/5.0 (X11; Linux x86_64; rv:126.0) Gecko/20100101 Firefox/126.0"
172.71.182.195 - - [10/Jul/2024:17:01:32 +0000] "GET /test/notifications HTTP/1.1" 200 2 "https://cms.bitlerbot.ir/test/tasks/fib/submissions" "Mozilla/5.0 (X11; Linux x86_64; rv:126.0) Gecko/20100101 Firefox/126.0"
162.158.129.141 - - [10/Jul/2024:17:01:45 +0000] "GET /aws/notifications?last_notification=1720630845.000955 HTTP/1.1" 200 2 "https://cms.bitlerbot.ir/aws/task/2" "Mozilla/5.0 (X11; Linux x86_64) AppleWebKit/537.36 (KHTML, like Gecko) Chrome/126.0.0.0 Safari/537.36"
162.158.129.140 - - [10/Jul/2024:17:02:00 +0000] "GET /aws/notifications?last_notification=1720630845.000955 HTTP/1.1" 200 122 "https://cms.bitlerbot.ir/aws/task/2" "Mozilla/5.0 (X11; Linux x86_64) AppleWebKit/537.36 (KHTML, like Gecko) Chrome/126.0.0.0 Safari/537.36"
162.158.129.141 - - [10/Jul/2024:17:02:00 +0000] "POST /aws/task/2 HTTP/1.1" 302 0 "https://cms.bitlerbot.ir/aws/task/2" "Mozilla/5.0 (X11; Linux x86_64) AppleWebKit/537.36 (KHTML, like Gecko) Chrome/126.0.0.0 Safari/537.36"
162.158.129.141 - - [10/Jul/2024:17:02:00 +0000] "GET /aws/task/2 HTTP/1.1" 200 5094 "https://cms.bitlerbot.ir/aws/task/2" "Mozilla/5.0 (X11; Linux x86_64) AppleWebKit/537.36 (KHTML, like Gecko) Chrome/126.0.0.0 Safari/537.36"
172.71.182.195 - - [10/Jul/2024:17:02:00 +0000] "GET /rws/contests/test HTTP/1.1" 200 124 "https://cms.bitlerbot.ir/rws/" "Mozilla/5.0 (X11; Linux x86_64; rv:126.0) Gecko/20100101 Firefox/126.0"
172.71.182.195 - - [10/Jul/2024:17:02:00 +0000] "GET /rws/tasks/fib HTTP/1.1" 200 161 "https://cms.bitlerbot.ir/rws/" "Mozilla/5.0 (X11; Linux x86_64; rv:126.0) Gecko/20100101 Firefox/126.0"
172.71.182.195 - - [10/Jul/2024:17:02:00 +0000] "GET /rws/users/testme HTTP/1.1" 200 89 "https://cms.bitlerbot.ir/rws/" "Mozilla/5.0 (X11; Linux x86_64; rv:126.0) Gecko/20100101 Firefox/126.0"
172.71.182.194 - - [10/Jul/2024:17:02:00 +0000] "GET /rws/users/sinasahabi HTTP/1.1" 200 93 "https://cms.bitlerbot.ir/rws/" "Mozilla/5.0 (X11; Linux x86_64; rv:126.0) Gecko/20100101 Firefox/126.0"
162.158.129.141 - - [10/Jul/2024:17:02:00 +0000] "GET /aws/notifications?last_notification=1720630920.586525 HTTP/1.1" 200 2 "https://cms.bitlerbot.ir/aws/task/2" "Mozilla/5.0 (X11; Linux x86_64) AppleWebKit/537.36 (KHTML, like Gecko) Chrome/126.0.0.0 Safari/537.36"
172.71.182.195 - - [10/Jul/2024:17:02:03 +0000] "GET /test/notifications HTTP/1.1" 200 2 "https://cms.bitlerbot.ir/test/tasks/fib/submissions" "Mozilla/5.0 (X11; Linux x86_64; rv:126.0) Gecko/20100101 Firefox/126.0"
162.158.129.140 - - [10/Jul/2024:17:02:03 +0000] "GET /aws/contest/3 HTTP/1.1" 200 3977 "https://cms.bitlerbot.ir/aws/task/2" "Mozilla/5.0 (X11; Linux x86_64) AppleWebKit/537.36 (KHTML, like Gecko) Chrome/126.0.0.0 Safari/537.36"
162.158.129.141 - - [10/Jul/2024:17:02:04 +0000] "GET /aws/notifications?last_notification=1720630923.710001 HTTP/1.1" 200 2 "https://cms.bitlerbot.ir/aws/contest/3" "Mozilla/5.0 (X11; Linux x86_64) AppleWebKit/537.36 (KHTML, like Gecko) Chrome/126.0.0.0 Safari/537.36"
162.158.129.141 - - [10/Jul/2024:17:02:08 +0000] "GET /aws/contest/3/resourceslist HTTP/1.1" 200 1535 "https://cms.bitlerbot.ir/aws/contest/3" "Mozilla/5.0 (X11; Linux x86_64) AppleWebKit/537.36 (KHTML, like Gecko) Chrome/126.0.0.0 Safari/537.36"
162.158.129.141 - - [10/Jul/2024:17:02:08 +0000] "GET /aws/notifications?last_notification=1720630928.531235 HTTP/1.1" 200 2 "https://cms.bitlerbot.ir/aws/contest/3/resourceslist" "Mozilla/5.0 (X11; Linux x86_64) AppleWebKit/537.36 (KHTML, like Gecko) Chrome/126.0.0.0 Safari/537.36"
162.158.129.140 - - [10/Jul/2024:17:02:11 +0000] "GET /aws/resources/all/3 HTTP/1.1" 200 3834 "https://cms.bitlerbot.ir/aws/contest/3/resourceslist" "Mozilla/5.0 (X11; Linux x86_64) AppleWebKit/537.36 (KHTML, like Gecko) Chrome/126.0.0.0 Safari/537.36"
162.158.129.141 - - [10/Jul/2024:17:02:12 +0000] "GET /aws/notifications?last_notification=1720630931.917868 HTTP/1.1" 200 2 "https://cms.bitlerbot.ir/aws/resources/all/3" "Mozilla/5.0 (X11; Linux x86_64) AppleWebKit/537.36 (KHTML, like Gecko) Chrome/126.0.0.0 Safari/537.36"
162.158.129.141 - - [10/Jul/2024:17:02:12 +0000] "POST /aws/rpc/ResourceService/0/get_resources HTTP/1.1" 200 3833 "https://cms.bitlerbot.ir/aws/resources/all/3" "Mozilla/5.0 (X11; Linux x86_64) AppleWebKit/537.36 (KHTML, like Gecko) Chrome/126.0.0.0 Safari/537.36"
162.158.129.141 - - [10/Jul/2024:17:02:22 +0000] "POST /aws/rpc/ResourceService/0/get_resources HTTP/1.1" 200 364 "https://cms.bitlerbot.ir/aws/resources/all/3" "Mozilla/5.0 (X11; Linux x86_64) AppleWebKit/537.36 (KHTML, like Gecko) Chrome/126.0.0.0 Safari/537.36"
162.158.129.140 - - [10/Jul/2024:17:02:27 +0000] "GET /aws/notifications?last_notification=1720630931.917868 HTTP/1.1" 200 2 "https://cms.bitlerbot.ir/aws/resources/all/3" "Mozilla/5.0 (X11; Linux x86_64) AppleWebKit/537.36 (KHTML, like Gecko) Chrome/126.0.0.0 Safari/537.36"
162.158.129.141 - - [10/Jul/2024:17:02:27 +0000] "GET /aws/contest/3/overview HTTP/1.1" 200 3289 "https://cms.bitlerbot.ir/aws/resources/all/3" "Mozilla/5.0 (X11; Linux x86_64) AppleWebKit/537.36 (KHTML, like Gecko) Chrome/126.0.0.0 Safari/537.36"
162.158.129.140 - - [10/Jul/2024:17:02:27 +0000] "GET /aws/notifications?last_notification=1720630947.336277 HTTP/1.1" 200 2 "https://cms.bitlerbot.ir/aws/contest/3/overview" "Mozilla/5.0 (X11; Linux x86_64) AppleWebKit/537.36 (KHTML, like Gecko) Chrome/126.0.0.0 Safari/537.36"
162.158.129.141 - - [10/Jul/2024:17:02:27 +0000] "POST /aws/rpc/EvaluationService/0/queue_status HTTP/1.1" 200 56 "https://cms.bitlerbot.ir/aws/contest/3/overview" "Mozilla/5.0 (X11; Linux x86_64) AppleWebKit/537.36 (KHTML, like Gecko) Chrome/126.0.0.0 Safari/537.36"
162.158.129.141 - - [10/Jul/2024:17:02:27 +0000] "POST /aws/rpc/LogService/0/last_messages HTTP/1.1" 200 56 "https://cms.bitlerbot.ir/aws/contest/3/overview" "Mozilla/5.0 (X11; Linux x86_64) AppleWebKit/537.36 (KHTML, like Gecko) Chrome/126.0.0.0 Safari/537.36"
162.158.129.141 - - [10/Jul/2024:17:02:27 +0000] "POST /aws/rpc/AdminWebServer/0/submissions_status HTTP/1.1" 200 125 "https://cms.bitlerbot.ir/aws/contest/3/overview" "Mozilla/5.0 (X11; Linux x86_64) AppleWebKit/537.36 (KHTML, like Gecko) Chrome/126.0.0.0 Safari/537.36"
162.158.129.140 - - [10/Jul/2024:17:02:27 +0000] "POST /aws/rpc/EvaluationService/0/workers_status HTTP/1.1" 200 114 "https://cms.bitlerbot.ir/aws/contest/3/overview" "Mozilla/5.0 (X11; Linux x86_64) AppleWebKit/537.36 (KHTML, like Gecko) Chrome/126.0.0.0 Safari/537.36"
162.158.129.141 - - [10/Jul/2024:17:02:32 +0000] "POST /aws/rpc/EvaluationService/0/queue_status HTTP/1.1" 200 56 "https://cms.bitlerbot.ir/aws/contest/3/overview" "Mozilla/5.0 (X11; Linux x86_64) AppleWebKit/537.36 (KHTML, like Gecko) Chrome/126.0.0.0 Safari/537.36"
162.158.129.141 - - [10/Jul/2024:17:02:32 +0000] "POST /aws/rpc/EvaluationService/0/workers_status HTTP/1.1" 200 114 "https://cms.bitlerbot.ir/aws/contest/3/overview" "Mozilla/5.0 (X11; Linux x86_64) AppleWebKit/537.36 (KHTML, like Gecko) Chrome/126.0.0.0 Safari/537.36"
162.158.129.140 - - [10/Jul/2024:17:02:32 +0000] "POST /aws/rpc/LogService/0/last_messages HTTP/1.1" 200 56 "https://cms.bitlerbot.ir/aws/contest/3/overview" "Mozilla/5.0 (X11; Linux x86_64) AppleWebKit/537.36 (KHTML, like Gecko) Chrome/126.0.0.0 Safari/537.36"
162.158.129.141 - - [10/Jul/2024:17:02:32 +0000] "POST /aws/rpc/AdminWebServer/0/submissions_status HTTP/1.1" 200 125 "https://cms.bitlerbot.ir/aws/contest/3/overview" "Mozilla/5.0 (X11; Linux x86_64) AppleWebKit/537.36 (KHTML, like Gecko) Chrome/126.0.0.0 Safari/537.36"
172.71.182.195 - - [10/Jul/2024:17:02:33 +0000] "GET /test/notifications HTTP/1.1" 200 2 "https://cms.bitlerbot.ir/test/tasks/fib/submissions" "Mozilla/5.0 (X11; Linux x86_64; rv:126.0) Gecko/20100101 Firefox/126.0"
162.158.129.140 - - [10/Jul/2024:17:02:36 +0000] "GET /aws/contest/3/submissions HTTP/1.1" 200 2373 "https://cms.bitlerbot.ir/aws/contest/3/overview" "Mozilla/5.0 (X11; Linux x86_64) AppleWebKit/537.36 (KHTML, like Gecko) Chrome/126.0.0.0 Safari/537.36"
162.158.129.141 - - [10/Jul/2024:17:02:36 +0000] "GET /aws/notifications?last_notification=1720630956.28946 HTTP/1.1" 200 2 "https://cms.bitlerbot.ir/aws/contest/3/submissions" "Mozilla/5.0 (X11; Linux x86_64) AppleWebKit/537.36 (KHTML, like Gecko) Chrome/126.0.0.0 Safari/537.36"
162.158.129.141 - - [10/Jul/2024:17:02:51 +0000] "GET /aws/notifications?last_notification=1720630956.28946 HTTP/1.1" 200 2 "https://cms.bitlerbot.ir/aws/contest/3/submissions" "Mozilla/5.0 (X11; Linux x86_64) AppleWebKit/537.36 (KHTML, like Gecko) Chrome/126.0.0.0 Safari/537.36"
172.71.182.194 - - [10/Jul/2024:17:02:52 +0000] "GET /test/tasks/fib/submissions HTTP/1.1" 200 4472 "https://cms.bitlerbot.ir/test" "Mozilla/5.0 (X11; Linux x86_64; rv:126.0) Gecko/20100101 Firefox/126.0"
172.71.182.195 - - [10/Jul/2024:17:02:52 +0000] "GET /test/notifications HTTP/1.1" 200 2 "https://cms.bitlerbot.ir/test/tasks/fib/submissions" "Mozilla/5.0 (X11; Linux x86_64; rv:126.0) Gecko/20100101 Firefox/126.0"
162.158.129.140 - - [10/Jul/2024:17:02:56 +0000] "GET /aws/contest/3/users HTTP/1.1" 200 1752 "https://cms.bitlerbot.ir/aws/contest/3/submissions" "Mozilla/5.0 (X11; Linux x86_64) AppleWebKit/537.36 (KHTML, like Gecko) Chrome/126.0.0.0 Safari/537.36"
162.158.129.141 - - [10/Jul/2024:17:02:56 +0000] "GET /aws/notifications?last_notification=1720630976.569124 HTTP/1.1" 200 2 "https://cms.bitlerbot.ir/aws/contest/3/users" "Mozilla/5.0 (X11; Linux x86_64) AppleWebKit/537.36 (KHTML, like Gecko) Chrome/126.0.0.0 Safari/537.36"
162.158.129.140 - - [10/Jul/2024:17:02:58 +0000] "GET /aws/contest/3/user/2/edit HTTP/1.1" 200 3720 "https://cms.bitlerbot.ir/aws/contest/3/users" "Mozilla/5.0 (X11; Linux x86_64) AppleWebKit/537.36 (KHTML, like Gecko) Chrome/126.0.0.0 Safari/537.36"
162.158.129.141 - - [10/Jul/2024:17:02:58 +0000] "GET /aws/notifications?last_notification=1720630978.183668 HTTP/1.1" 200 2 "https://cms.bitlerbot.ir/aws/contest/3/user/2/edit" "Mozilla/5.0 (X11; Linux x86_64) AppleWebKit/537.36 (KHTML, like Gecko) Chrome/126.0.0.0 Safari/537.36"
162.158.129.141 - - [10/Jul/2024:17:03:07 +0000] "GET /aws/user/2 HTTP/1.1" 200 2499 "https://cms.bitlerbot.ir/aws/contest/3/user/2/edit" "Mozilla/5.0 (X11; Linux x86_64) AppleWebKit/537.36 (KHTML, like Gecko) Chrome/126.0.0.0 Safari/537.36"
162.158.129.140 - - [10/Jul/2024:17:03:08 +0000] "GET /aws/notifications?last_notification=1720630987.673442 HTTP/1.1" 200 2 "https://cms.bitlerbot.ir/aws/user/2" "Mozilla/5.0 (X11; Linux x86_64) AppleWebKit/537.36 (KHTML, like Gecko) Chrome/126.0.0.0 Safari/537.36"
162.158.129.141 - - [10/Jul/2024:17:03:23 +0000] "GET /aws/notifications?last_notification=1720630987.673442 HTTP/1.1" 200 2 "https://cms.bitlerbot.ir/aws/user/2" "Mozilla/5.0 (X11; Linux x86_64) AppleWebKit/537.36 (KHTML, like Gecko) Chrome/126.0.0.0 Safari/537.36"
172.71.182.195 - - [10/Jul/2024:17:03:23 +0000] "GET /test/notifications HTTP/1.1" 200 2 "https://cms.bitlerbot.ir/test/tasks/fib/submissions" "Mozilla/5.0 (X11; Linux x86_64; rv:126.0) Gecko/20100101 Firefox/126.0"
162.158.129.140 - - [10/Jul/2024:17:03:30 +0000] "GET /aws/ HTTP/1.1" 200 3143 "https://cms.bitlerbot.ir/aws/user/2" "Mozilla/5.0 (X11; Linux x86_64) AppleWebKit/537.36 (KHTML, like Gecko) Chrome/126.0.0.0 Safari/537.36"
162.158.129.140 - - [10/Jul/2024:17:03:30 +0000] "POST /aws/rpc/LogService/0/last_messages HTTP/1.1" 200 56 "https://cms.bitlerbot.ir/aws/" "Mozilla/5.0 (X11; Linux x86_64) AppleWebKit/537.36 (KHTML, like Gecko) Chrome/126.0.0.0 Safari/537.36"
162.158.129.141 - - [10/Jul/2024:17:03:30 +0000] "POST /aws/rpc/EvaluationService/0/queue_status HTTP/1.1" 200 56 "https://cms.bitlerbot.ir/aws/" "Mozilla/5.0 (X11; Linux x86_64) AppleWebKit/537.36 (KHTML, like Gecko) Chrome/126.0.0.0 Safari/537.36"
162.158.129.141 - - [10/Jul/2024:17:03:30 +0000] "POST /aws/rpc/EvaluationService/0/workers_status HTTP/1.1" 200 114 "https://cms.bitlerbot.ir/aws/" "Mozilla/5.0 (X11; Linux x86_64) AppleWebKit/537.36 (KHTML, like Gecko) Chrome/126.0.0.0 Safari/537.36"
162.158.129.141 - - [10/Jul/2024:17:03:31 +0000] "GET /aws/notifications?last_notification=1720631010.640981 HTTP/1.1" 200 2 "https://cms.bitlerbot.ir/aws/" "Mozilla/5.0 (X11; Linux x86_64) AppleWebKit/537.36 (KHTML, like Gecko) Chrome/126.0.0.0 Safari/537.36"
162.158.129.140 - - [10/Jul/2024:17:03:35 +0000] "GET /aws/task/2 HTTP/1.1" 200 5095 "https://cms.bitlerbot.ir/aws/" "Mozilla/5.0 (X11; Linux x86_64) AppleWebKit/537.36 (KHTML, like Gecko) Chrome/126.0.0.0 Safari/537.36"
162.158.129.141 - - [10/Jul/2024:17:03:36 +0000] "POST /aws/rpc/LogService/0/last_messages HTTP/1.1" 200 56 "https://cms.bitlerbot.ir/aws/" "Mozilla/5.0 (X11; Linux x86_64) AppleWebKit/537.36 (KHTML, like Gecko) Chrome/126.0.0.0 Safari/537.36"
162.158.129.141 - - [10/Jul/2024:17:03:36 +0000] "POST /aws/rpc/EvaluationService/0/queue_status HTTP/1.1" 200 56 "https://cms.bitlerbot.ir/aws/" "Mozilla/5.0 (X11; Linux x86_64) AppleWebKit/537.36 (KHTML, like Gecko) Chrome/126.0.0.0 Safari/537.36"
162.158.129.140 - - [10/Jul/2024:17:03:36 +0000] "POST /aws/rpc/EvaluationService/0/workers_status HTTP/1.1" 200 114 "https://cms.bitlerbot.ir/aws/" "Mozilla/5.0 (X11; Linux x86_64) AppleWebKit/537.36 (KHTML, like Gecko) Chrome/126.0.0.0 Safari/537.36"
162.158.129.141 - - [10/Jul/2024:17:03:36 +0000] "GET /aws/notifications?last_notification=1720631015.873357 HTTP/1.1" 200 2 "https://cms.bitlerbot.ir/aws/task/2" "Mozilla/5.0 (X11; Linux x86_64) AppleWebKit/537.36 (KHTML, like Gecko) Chrome/126.0.0.0 Safari/537.36"
162.158.129.140 - - [10/Jul/2024:17:03:51 +0000] "GET /aws/notifications?last_notification=1720631015.873357 HTTP/1.1" 200 2 "https://cms.bitlerbot.ir/aws/task/2" "Mozilla/5.0 (X11; Linux x86_64) AppleWebKit/537.36 (KHTML, like Gecko) Chrome/126.0.0.0 Safari/537.36"
172.71.182.194 - - [10/Jul/2024:17:03:52 +0000] "GET /test/notifications HTTP/1.1" 200 2 "https://cms.bitlerbot.ir/test/tasks/fib/submissions" "Mozilla/5.0 (X11; Linux x86_64; rv:126.0) Gecko/20100101 Firefox/126.0"
172.71.182.195 - - [10/Jul/2024:17:03:58 +0000] "GET /test/tasks/fib/submissions/2/details HTTP/1.1" 200 405 "https://cms.bitlerbot.ir/test/tasks/fib/submissions" "Mozilla/5.0 (X11; Linux x86_64; rv:126.0) Gecko/20100101 Firefox/126.0"
172.71.182.194 - - [10/Jul/2024:17:04:01 +0000] "POST /test/logout HTTP/1.1" 302 0 "https://cms.bitlerbot.ir/test/tasks/fib/submissions" "Mozilla/5.0 (X11; Linux x86_64; rv:126.0) Gecko/20100101 Firefox/126.0"
172.71.182.195 - - [10/Jul/2024:17:04:01 +0000] "GET /test HTTP/1.1" 200 1418 "https://cms.bitlerbot.ir/test/tasks/fib/submissions" "Mozilla/5.0 (X11; Linux x86_64; rv:126.0) Gecko/20100101 Firefox/126.0"
162.158.129.141 - - [10/Jul/2024:17:04:06 +0000] "GET /aws/notifications?last_notification=1720631015.873357 HTTP/1.1" 200 2 "https://cms.bitlerbot.ir/aws/task/2" "Mozilla/5.0 (X11; Linux x86_64) AppleWebKit/537.36 (KHTML, like Gecko) Chrome/126.0.0.0 Safari/537.36"
172.71.182.194 - - [10/Jul/2024:17:04:12 +0000] "POST /test/login HTTP/1.1" 302 0 "https://cms.bitlerbot.ir/test" "Mozilla/5.0 (X11; Linux x86_64; rv:126.0) Gecko/20100101 Firefox/126.0"
172.71.182.195 - - [10/Jul/2024:17:04:12 +0000] "GET /test HTTP/1.1" 200 2486 "https://cms.bitlerbot.ir/test" "Mozilla/5.0 (X11; Linux x86_64; rv:126.0) Gecko/20100101 Firefox/126.0"
172.71.182.194 - - [10/Jul/2024:17:04:12 +0000] "GET /test/notifications HTTP/1.1" 200 2 "https://cms.bitlerbot.ir/test" "Mozilla/5.0 (X11; Linux x86_64; rv:126.0) Gecko/20100101 Firefox/126.0"
172.71.182.195 - - [10/Jul/2024:17:04:17 +0000] "GET /test/tasks/fib/submissions HTTP/1.1" 200 4472 "https://cms.bitlerbot.ir/test" "Mozilla/5.0 (X11; Linux x86_64; rv:126.0) Gecko/20100101 Firefox/126.0"
172.71.182.194 - - [10/Jul/2024:17:04:17 +0000] "GET /test/notifications HTTP/1.1" 200 2 "https://cms.bitlerbot.ir/test/tasks/fib/submissions" "Mozilla/5.0 (X11; Linux x86_64; rv:126.0) Gecko/20100101 Firefox/126.0"
162.158.129.141 - - [10/Jul/2024:17:04:21 +0000] "GET /aws/notifications?last_notification=1720631015.873357 HTTP/1.1" 200 2 "https://cms.bitlerbot.ir/aws/task/2" "Mozilla/5.0 (X11; Linux x86_64) AppleWebKit/537.36 (KHTML, like Gecko) Chrome/126.0.0.0 Safari/537.36"
162.158.129.140 - - [10/Jul/2024:17:04:36 +0000] "GET /aws/notifications?last_notification=1720631015.873357 HTTP/1.1" 200 2 "https://cms.bitlerbot.ir/aws/task/2" "Mozilla/5.0 (X11; Linux x86_64) AppleWebKit/537.36 (KHTML, like Gecko) Chrome/126.0.0.0 Safari/537.36"
162.158.129.141 - - [10/Jul/2024:17:04:39 +0000] "GET /aws/ HTTP/1.1" 200 3143 "https://cms.bitlerbot.ir/aws/task/2" "Mozilla/5.0 (X11; Linux x86_64) AppleWebKit/537.36 (KHTML, like Gecko) Chrome/126.0.0.0 Safari/537.36"
162.158.129.140 - - [10/Jul/2024:17:04:39 +0000] "POST /aws/rpc/EvaluationService/0/queue_status HTTP/1.1" 200 56 "https://cms.bitlerbot.ir/aws/" "Mozilla/5.0 (X11; Linux x86_64) AppleWebKit/537.36 (KHTML, like Gecko) Chrome/126.0.0.0 Safari/537.36"
162.158.129.141 - - [10/Jul/2024:17:04:39 +0000] "POST /aws/rpc/EvaluationService/0/workers_status HTTP/1.1" 200 114 "https://cms.bitlerbot.ir/aws/" "Mozilla/5.0 (X11; Linux x86_64) AppleWebKit/537.36 (KHTML, like Gecko) Chrome/126.0.0.0 Safari/537.36"
162.158.129.140 - - [10/Jul/2024:17:04:39 +0000] "GET /aws/notifications?last_notification=1720631079.228664 HTTP/1.1" 200 2 "https://cms.bitlerbot.ir/aws/" "Mozilla/5.0 (X11; Linux x86_64) AppleWebKit/537.36 (KHTML, like Gecko) Chrome/126.0.0.0 Safari/537.36"
162.158.129.141 - - [10/Jul/2024:17:04:39 +0000] "POST /aws/rpc/LogService/0/last_messages HTTP/1.1" 200 56 "https://cms.bitlerbot.ir/aws/" "Mozilla/5.0 (X11; Linux x86_64) AppleWebKit/537.36 (KHTML, like Gecko) Chrome/126.0.0.0 Safari/537.36"
162.158.129.141 - - [10/Jul/2024:17:04:43 +0000] "GET /aws/tasks/add HTTP/1.1" 200 1591 "https://cms.bitlerbot.ir/aws/" "Mozilla/5.0 (X11; Linux x86_64) AppleWebKit/537.36 (KHTML, like Gecko) Chrome/126.0.0.0 Safari/537.36"
162.158.129.141 - - [10/Jul/2024:17:04:43 +0000] "GET /aws/notifications?last_notification=1720631083.027497 HTTP/1.1" 200 2 "https://cms.bitlerbot.ir/aws/tasks/add" "Mozilla/5.0 (X11; Linux x86_64) AppleWebKit/537.36 (KHTML, like Gecko) Chrome/126.0.0.0 Safari/537.36"
162.158.129.140 - - [10/Jul/2024:17:04:46 +0000] "POST /aws/tasks/add HTTP/1.1" 302 0 "https://cms.bitlerbot.ir/aws/tasks/add" "Mozilla/5.0 (X11; Linux x86_64) AppleWebKit/537.36 (KHTML, like Gecko) Chrome/126.0.0.0 Safari/537.36"
172.71.182.195 - - [10/Jul/2024:17:04:47 +0000] "GET /rws/contests/test HTTP/1.1" 200 134 "https://cms.bitlerbot.ir/rws/" "Mozilla/5.0 (X11; Linux x86_64; rv:126.0) Gecko/20100101 Firefox/126.0"
172.71.182.194 - - [10/Jul/2024:17:04:47 +0000] "GET /rws/tasks/fib HTTP/1.1" 200 161 "https://cms.bitlerbot.ir/rws/" "Mozilla/5.0 (X11; Linux x86_64; rv:126.0) Gecko/20100101 Firefox/126.0"
162.158.129.140 - - [10/Jul/2024:17:04:47 +0000] "GET /aws/task/3 HTTP/1.1" 200 4824 "https://cms.bitlerbot.ir/aws/tasks/add" "Mozilla/5.0 (X11; Linux x86_64) AppleWebKit/537.36 (KHTML, like Gecko) Chrome/126.0.0.0 Safari/537.36"
172.71.182.194 - - [10/Jul/2024:17:04:47 +0000] "GET /rws/users/sinasahabi HTTP/1.1" 200 93 "https://cms.bitlerbot.ir/rws/" "Mozilla/5.0 (X11; Linux x86_64; rv:126.0) Gecko/20100101 Firefox/126.0"
172.71.182.195 - - [10/Jul/2024:17:04:47 +0000] "GET /rws/users/testme HTTP/1.1" 200 79 "https://cms.bitlerbot.ir/rws/" "Mozilla/5.0 (X11; Linux x86_64; rv:126.0) Gecko/20100101 Firefox/126.0"
162.158.129.141 - - [10/Jul/2024:17:04:47 +0000] "GET /aws/notifications?last_notification=1720631087.226241 HTTP/1.1" 200 122 "https://cms.bitlerbot.ir/aws/task/3" "Mozilla/5.0 (X11; Linux x86_64) AppleWebKit/537.36 (KHTML, like Gecko) Chrome/126.0.0.0 Safari/537.36"
172.71.182.194 - - [10/Jul/2024:17:04:47 +0000] "GET /test/notifications HTTP/1.1" 200 2 "https://cms.bitlerbot.ir/test/tasks/fib/submissions" "Mozilla/5.0 (X11; Linux x86_64; rv:126.0) Gecko/20100101 Firefox/126.0"
162.158.129.141 - - [10/Jul/2024:17:05:02 +0000] "GET /aws/notifications?last_notification=1720631087.226241 HTTP/1.1" 200 2 "https://cms.bitlerbot.ir/aws/task/3" "Mozilla/5.0 (X11; Linux x86_64) AppleWebKit/537.36 (KHTML, like Gecko) Chrome/126.0.0.0 Safari/537.36"
162.158.129.141 - - [10/Jul/2024:17:05:17 +0000] "GET /aws/notifications?last_notification=1720631087.226241 HTTP/1.1" 200 2 "https://cms.bitlerbot.ir/aws/task/3" "Mozilla/5.0 (X11; Linux x86_64) AppleWebKit/537.36 (KHTML, like Gecko) Chrome/126.0.0.0 Safari/537.36"
172.71.182.194 - - [10/Jul/2024:17:05:17 +0000] "GET /test/notifications HTTP/1.1" 200 2 "https://cms.bitlerbot.ir/test/tasks/fib/submissions" "Mozilla/5.0 (X11; Linux x86_64; rv:126.0) Gecko/20100101 Firefox/126.0"
162.158.129.140 - - [10/Jul/2024:17:05:20 +0000] "GET /aws/dataset/2/testcases/add HTTP/1.1" 200 1609 "https://cms.bitlerbot.ir/aws/task/3" "Mozilla/5.0 (X11; Linux x86_64) AppleWebKit/537.36 (KHTML, like Gecko) Chrome/126.0.0.0 Safari/537.36"
162.158.129.140 - - [10/Jul/2024:17:05:21 +0000] "GET /aws/notifications?last_notification=1720631120.716242 HTTP/1.1" 200 2 "https://cms.bitlerbot.ir/aws/dataset/2/testcases/add" "Mozilla/5.0 (X11; Linux x86_64) AppleWebKit/537.36 (KHTML, like Gecko) Chrome/126.0.0.0 Safari/537.36"
162.158.129.141 - - [10/Jul/2024:17:05:36 +0000] "GET /aws/notifications?last_notification=1720631120.716242 HTTP/1.1" 200 2 "https://cms.bitlerbot.ir/aws/dataset/2/testcases/add" "Mozilla/5.0 (X11; Linux x86_64) AppleWebKit/537.36 (KHTML, like Gecko) Chrome/126.0.0.0 Safari/537.36"
162.158.129.141 - - [10/Jul/2024:17:05:36 +0000] "POST /aws/dataset/2/testcases/add HTTP/1.1" 302 0 "https://cms.bitlerbot.ir/aws/dataset/2/testcases/add" "Mozilla/5.0 (X11; Linux x86_64) AppleWebKit/537.36 (KHTML, like Gecko) Chrome/126.0.0.0 Safari/537.36"
162.158.129.141 - - [10/Jul/2024:17:05:37 +0000] "GET /aws/task/3 HTTP/1.1" 200 5067 "https://cms.bitlerbot.ir/aws/dataset/2/testcases/add" "Mozilla/5.0 (X11; Linux x86_64) AppleWebKit/537.36 (KHTML, like Gecko) Chrome/126.0.0.0 Safari/537.36"
172.71.182.195 - - [10/Jul/2024:17:05:37 +0000] "GET /rws/contests/test HTTP/1.1" 200 134 "https://cms.bitlerbot.ir/rws/" "Mozilla/5.0 (X11; Linux x86_64; rv:126.0) Gecko/20100101 Firefox/126.0"
172.71.182.195 - - [10/Jul/2024:17:05:37 +0000] "GET /rws/users/sinasahabi HTTP/1.1" 200 93 "https://cms.bitlerbot.ir/rws/" "Mozilla/5.0 (X11; Linux x86_64; rv:126.0) Gecko/20100101 Firefox/126.0"
172.71.182.194 - - [10/Jul/2024:17:05:37 +0000] "GET /rws/tasks/fib HTTP/1.1" 200 161 "https://cms.bitlerbot.ir/rws/" "Mozilla/5.0 (X11; Linux x86_64; rv:126.0) Gecko/20100101 Firefox/126.0"
172.71.182.195 - - [10/Jul/2024:17:05:37 +0000] "GET /rws/users/testme HTTP/1.1" 200 89 "https://cms.bitlerbot.ir/rws/" "Mozilla/5.0 (X11; Linux x86_64; rv:126.0) Gecko/20100101 Firefox/126.0"
162.158.129.140 - - [10/Jul/2024:17:05:37 +0000] "GET /aws/notifications?last_notification=1720631137.122155 HTTP/1.1" 200 122 "https://cms.bitlerbot.ir/aws/task/3" "Mozilla/5.0 (X11; Linux x86_64) AppleWebKit/537.36 (KHTML, like Gecko) Chrome/126.0.0.0 Safari/537.36"
162.158.129.140 - - [10/Jul/2024:17:05:47 +0000] "GET /aws/contest/3 HTTP/1.1" 200 3976 "https://cms.bitlerbot.ir/aws/task/3" "Mozilla/5.0 (X11; Linux x86_64) AppleWebKit/537.36 (KHTML, like Gecko) Chrome/126.0.0.0 Safari/537.36"
162.158.129.141 - - [10/Jul/2024:17:05:47 +0000] "GET /aws/notifications?last_notification=1720631147.225989 HTTP/1.1" 200 2 "https://cms.bitlerbot.ir/aws/contest/3" "Mozilla/5.0 (X11; Linux x86_64) AppleWebKit/537.36 (KHTML, like Gecko) Chrome/126.0.0.0 Safari/537.36"
172.71.182.195 - - [10/Jul/2024:17:05:47 +0000] "GET /test/notifications HTTP/1.1" 200 2 "https://cms.bitlerbot.ir/test/tasks/fib/submissions" "Mozilla/5.0 (X11; Linux x86_64; rv:126.0) Gecko/20100101 Firefox/126.0"
162.158.129.141 - - [10/Jul/2024:17:05:50 +0000] "GET /aws/contest/3/tasks HTTP/1.1" 200 1771 "https://cms.bitlerbot.ir/aws/contest/3" "Mozilla/5.0 (X11; Linux x86_64) AppleWebKit/537.36 (KHTML, like Gecko) Chrome/126.0.0.0 Safari/537.36"
162.158.129.141 - - [10/Jul/2024:17:05:51 +0000] "GET /aws/notifications?last_notification=1720631150.651443 HTTP/1.1" 200 2 "https://cms.bitlerbot.ir/aws/contest/3/tasks" "Mozilla/5.0 (X11; Linux x86_64) AppleWebKit/537.36 (KHTML, like Gecko) Chrome/126.0.0.0 Safari/537.36"
162.158.129.140 - - [10/Jul/2024:17:05:54 +0000] "POST /aws/contest/3/tasks/add HTTP/1.1" 302 0 "https://cms.bitlerbot.ir/aws/contest/3/tasks" "Mozilla/5.0 (X11; Linux x86_64) AppleWebKit/537.36 (KHTML, like Gecko) Chrome/126.0.0.0 Safari/537.36"
172.71.182.195 - - [10/Jul/2024:17:05:54 +0000] "GET /rws/contests/test HTTP/1.1" 200 134 "https://cms.bitlerbot.ir/rws/" "Mozilla/5.0 (X11; Linux x86_64; rv:126.0) Gecko/20100101 Firefox/126.0"
162.158.129.140 - - [10/Jul/2024:17:05:54 +0000] "GET /aws/contest/3/tasks HTTP/1.1" 200 1774 "https://cms.bitlerbot.ir/aws/contest/3/tasks" "Mozilla/5.0 (X11; Linux x86_64) AppleWebKit/537.36 (KHTML, like Gecko) Chrome/126.0.0.0 Safari/537.36"
172.71.182.195 - - [10/Jul/2024:17:05:55 +0000] "GET /rws/tasks/fib HTTP/1.1" 200 161 "https://cms.bitlerbot.ir/rws/" "Mozilla/5.0 (X11; Linux x86_64; rv:126.0) Gecko/20100101 Firefox/126.0"
172.71.182.194 - - [10/Jul/2024:17:05:55 +0000] "GET /rws/tasks/fib2 HTTP/1.1" 200 163 "https://cms.bitlerbot.ir/rws/" "Mozilla/5.0 (X11; Linux x86_64; rv:126.0) Gecko/20100101 Firefox/126.0"
172.71.182.195 - - [10/Jul/2024:17:05:55 +0000] "GET /rws/users/sinasahabi HTTP/1.1" 200 93 "https://cms.bitlerbot.ir/rws/" "Mozilla/5.0 (X11; Linux x86_64; rv:126.0) Gecko/20100101 Firefox/126.0"
172.71.182.195 - - [10/Jul/2024:17:05:55 +0000] "GET /rws/users/testme HTTP/1.1" 200 89 "https://cms.bitlerbot.ir/rws/" "Mozilla/5.0 (X11; Linux x86_64; rv:126.0) Gecko/20100101 Firefox/126.0"
162.158.129.141 - - [10/Jul/2024:17:05:55 +0000] "GET /aws/notifications?last_notification=1720631154.934397 HTTP/1.1" 200 123 "https://cms.bitlerbot.ir/aws/contest/3/tasks" "Mozilla/5.0 (X11; Linux x86_64) AppleWebKit/537.36 (KHTML, like Gecko) Chrome/126.0.0.0 Safari/537.36"
172.71.182.195 - - [10/Jul/2024:17:06:04 +0000] "GET /test HTTP/1.1" 200 2514 "https://cms.bitlerbot.ir/test/tasks/fib/submissions" "Mozilla/5.0 (X11; Linux x86_64; rv:126.0) Gecko/20100101 Firefox/126.0"
172.71.182.194 - - [10/Jul/2024:17:06:04 +0000] "GET /test/notifications HTTP/1.1" 200 2 "https://cms.bitlerbot.ir/test" "Mozilla/5.0 (X11; Linux x86_64; rv:126.0) Gecko/20100101 Firefox/126.0"
162.158.129.141 - - [10/Jul/2024:17:06:10 +0000] "GET /aws/notifications?last_notification=1720631154.934397 HTTP/1.1" 200 2 "https://cms.bitlerbot.ir/aws/contest/3/tasks" "Mozilla/5.0 (X11; Linux x86_64) AppleWebKit/537.36 (KHTML, like Gecko) Chrome/126.0.0.0 Safari/537.36"
172.71.182.195 - - [10/Jul/2024:17:06:10 +0000] "GET /test/tasks/fib2/submissions HTTP/1.1" 200 4391 "https://cms.bitlerbot.ir/test" "Mozilla/5.0 (X11; Linux x86_64; rv:126.0) Gecko/20100101 Firefox/126.0"
172.71.182.195 - - [10/Jul/2024:17:06:10 +0000] "GET /test/notifications HTTP/1.1" 200 2 "https://cms.bitlerbot.ir/test/tasks/fib2/submissions" "Mozilla/5.0 (X11; Linux x86_64; rv:126.0) Gecko/20100101 Firefox/126.0"
172.71.182.195 - - [10/Jul/2024:17:06:21 +0000] "POST /test/tasks/fib2/submit HTTP/1.1" 302 0 "https://cms.bitlerbot.ir/test/tasks/fib2/submissions" "Mozilla/5.0 (X11; Linux x86_64; rv:126.0) Gecko/20100101 Firefox/126.0"
172.71.182.194 - - [10/Jul/2024:17:06:21 +0000] "GET /test/tasks/fib2/submissions?submission_id=l1W7fOikfMBTqdbBMDMlpC6RVOty5CQxC4QaMatImHI. HTTP/1.1" 200 4475 "https://cms.bitlerbot.ir/test/tasks/fib2/submissions" "Mozilla/5.0 (X11; Linux x86_64; rv:126.0) Gecko/20100101 Firefox/126.0"
172.71.182.195 - - [10/Jul/2024:17:06:22 +0000] "GET /test/notifications HTTP/1.1" 200 169 "https://cms.bitlerbot.ir/test/tasks/fib2/submissions?submission_id=l1W7fOikfMBTqdbBMDMlpC6RVOty5CQxC4QaMatImHI." "Mozilla/5.0 (X11; Linux x86_64; rv:126.0) Gecko/20100101 Firefox/126.0"
172.71.182.195 - - [10/Jul/2024:17:06:23 +0000] "GET /test/tasks/fib2/submissions/1 HTTP/1.1" 200 68 "https://cms.bitlerbot.ir/test/tasks/fib2/submissions?submission_id=l1W7fOikfMBTqdbBMDMlpC6RVOty5CQxC4QaMatImHI." "Mozilla/5.0 (X11; Linux x86_64; rv:126.0) Gecko/20100101 Firefox/126.0"
162.158.129.141 - - [10/Jul/2024:17:06:25 +0000] "GET /aws/notifications?last_notification=1720631154.934397 HTTP/1.1" 200 2 "https://cms.bitlerbot.ir/aws/contest/3/tasks" "Mozilla/5.0 (X11; Linux x86_64) AppleWebKit/537.36 (KHTML, like Gecko) Chrome/126.0.0.0 Safari/537.36"
172.71.182.195 - - [10/Jul/2024:17:06:25 +0000] "GET /test/tasks/fib2/submissions/1 HTTP/1.1" 200 69 "https://cms.bitlerbot.ir/test/tasks/fib2/submissions?submission_id=l1W7fOikfMBTqdbBMDMlpC6RVOty5CQxC4QaMatImHI." "Mozilla/5.0 (X11; Linux x86_64; rv:126.0) Gecko/20100101 Firefox/126.0"
172.71.182.194 - - [10/Jul/2024:17:06:28 +0000] "GET /test/tasks/fib2/submissions/1 HTTP/1.1" 200 142 "https://cms.bitlerbot.ir/test/tasks/fib2/submissions?submission_id=l1W7fOikfMBTqdbBMDMlpC6RVOty5CQxC4QaMatImHI." "Mozilla/5.0 (X11; Linux x86_64; rv:126.0) Gecko/20100101 Firefox/126.0"
172.71.182.195 - - [10/Jul/2024:17:06:30 +0000] "GET /test/tasks/fib2/submissions/1/details HTTP/1.1" 200 377 "https://cms.bitlerbot.ir/test/tasks/fib2/submissions?submission_id=l1W7fOikfMBTqdbBMDMlpC6RVOty5CQxC4QaMatImHI." "Mozilla/5.0 (X11; Linux x86_64; rv:126.0) Gecko/20100101 Firefox/126.0"
162.158.129.140 - - [10/Jul/2024:17:06:40 +0000] "GET /aws/notifications?last_notification=1720631154.934397 HTTP/1.1" 200 2 "https://cms.bitlerbot.ir/aws/contest/3/tasks" "Mozilla/5.0 (X11; Linux x86_64) AppleWebKit/537.36 (KHTML, like Gecko) Chrome/126.0.0.0 Safari/537.36"
172.71.182.195 - - [10/Jul/2024:17:06:41 +0000] "GET /rws/ HTTP/1.1" 200 1274 "-" "Mozilla/5.0 (X11; Linux x86_64; rv:126.0) Gecko/20100101 Firefox/126.0"
172.71.182.195 - - [10/Jul/2024:17:06:42 +0000] "GET /rws/contests/ HTTP/1.1" 200 129 "https://cms.bitlerbot.ir/rws/" "Mozilla/5.0 (X11; Linux x86_64; rv:126.0) Gecko/20100101 Firefox/126.0"
172.71.182.194 - - [10/Jul/2024:17:06:42 +0000] "GET /rws/teams/ HTTP/1.1" 200 2 "https://cms.bitlerbot.ir/rws/" "Mozilla/5.0 (X11; Linux x86_64; rv:126.0) Gecko/20100101 Firefox/126.0"
172.71.182.195 - - [10/Jul/2024:17:06:42 +0000] "GET /rws/users/ HTTP/1.1" 200 120 "https://cms.bitlerbot.ir/rws/" "Mozilla/5.0 (X11; Linux x86_64; rv:126.0) Gecko/20100101 Firefox/126.0"
172.71.182.195 - - [10/Jul/2024:17:06:42 +0000] "GET /rws/tasks/ HTTP/1.1" 200 184 "https://cms.bitlerbot.ir/rws/" "Mozilla/5.0 (X11; Linux x86_64; rv:126.0) Gecko/20100101 Firefox/126.0"
172.71.182.195 - - [10/Jul/2024:17:06:43 +0000] "GET /rws/scores HTTP/1.1" 200 83 "https://cms.bitlerbot.ir/rws/" "Mozilla/5.0 (X11; Linux x86_64; rv:126.0) Gecko/20100101 Firefox/126.0"
162.158.129.140 - - [10/Jul/2024:17:06:44 +0000] "GET /rws/events?last_event_id=61ce77e81e84d HTTP/1.1" 200 1509 "https://cms.bitlerbot.ir/rws/" "Mozilla/5.0 (X11; Linux x86_64; rv:126.0) Gecko/20100101 Firefox/126.0"
172.71.182.195 - - [10/Jul/2024:17:06:52 +0000] "GET /test/notifications HTTP/1.1" 200 2 "https://cms.bitlerbot.ir/test/tasks/fib2/submissions?submission_id=l1W7fOikfMBTqdbBMDMlpC6RVOty5CQxC4QaMatImHI." "Mozilla/5.0 (X11; Linux x86_64; rv:126.0) Gecko/20100101 Firefox/126.0"
162.158.129.140 - - [10/Jul/2024:17:06:55 +0000] "GET /aws/notifications?last_notification=1720631154.934397 HTTP/1.1" 200 2 "https://cms.bitlerbot.ir/aws/contest/3/tasks" "Mozilla/5.0 (X11; Linux x86_64) AppleWebKit/537.36 (KHTML, like Gecko) Chrome/126.0.0.0 Safari/537.36"
172.71.182.194 - - [10/Jul/2024:17:07:04 +0000] "GET /rws/events?last_event_id=61ce7ab9feba2 HTTP/1.1" 200 14 "https://cms.bitlerbot.ir/rws/" "Mozilla/5.0 (X11; Linux x86_64; rv:126.0) Gecko/20100101 Firefox/126.0"
162.158.129.141 - - [10/Jul/2024:17:07:10 +0000] "GET /aws/notifications?last_notification=1720631154.934397 HTTP/1.1" 200 2 "https://cms.bitlerbot.ir/aws/contest/3/tasks" "Mozilla/5.0 (X11; Linux x86_64) AppleWebKit/537.36 (KHTML, like Gecko) Chrome/126.0.0.0 Safari/537.36"
172.70.251.51 - - [10/Jul/2024:17:07:22 +0000] "GET /test/notifications HTTP/1.1" 200 2 "https://cms.bitlerbot.ir/test/tasks/fib2/submissions?submission_id=l1W7fOikfMBTqdbBMDMlpC6RVOty5CQxC4QaMatImHI." "Mozilla/5.0 (X11; Linux x86_64; rv:126.0) Gecko/20100101 Firefox/126.0"
162.158.129.141 - - [10/Jul/2024:17:07:25 +0000] "GET /aws/notifications?last_notification=1720631154.934397 HTTP/1.1" 200 2 "https://cms.bitlerbot.ir/aws/contest/3/tasks" "Mozilla/5.0 (X11; Linux x86_64) AppleWebKit/537.36 (KHTML, like Gecko) Chrome/126.0.0.0 Safari/537.36"
162.158.129.140 - - [10/Jul/2024:17:07:40 +0000] "GET /aws/notifications?last_notification=1720631154.934397 HTTP/1.1" 200 2 "https://cms.bitlerbot.ir/aws/contest/3/tasks" "Mozilla/5.0 (X11; Linux x86_64) AppleWebKit/537.36 (KHTML, like Gecko) Chrome/126.0.0.0 Safari/537.36"
172.70.251.51 - - [10/Jul/2024:17:07:52 +0000] "GET /test/notifications HTTP/1.1" 200 2 "https://cms.bitlerbot.ir/test/tasks/fib2/submissions?submission_id=l1W7fOikfMBTqdbBMDMlpC6RVOty5CQxC4QaMatImHI." "Mozilla/5.0 (X11; Linux x86_64; rv:126.0) Gecko/20100101 Firefox/126.0"
162.158.129.140 - - [10/Jul/2024:17:07:55 +0000] "GET /aws/notifications?last_notification=1720631154.934397 HTTP/1.1" 200 2 "https://cms.bitlerbot.ir/aws/contest/3/tasks" "Mozilla/5.0 (X11; Linux x86_64) AppleWebKit/537.36 (KHTML, like Gecko) Chrome/126.0.0.0 Safari/537.36"
162.158.129.141 - - [10/Jul/2024:17:08:10 +0000] "GET /aws/notifications?last_notification=1720631154.934397 HTTP/1.1" 200 2 "https://cms.bitlerbot.ir/aws/contest/3/tasks" "Mozilla/5.0 (X11; Linux x86_64) AppleWebKit/537.36 (KHTML, like Gecko) Chrome/126.0.0.0 Safari/537.36"
172.70.251.51 - - [10/Jul/2024:17:08:22 +0000] "GET /test/notifications HTTP/1.1" 200 2 "https://cms.bitlerbot.ir/test/tasks/fib2/submissions?submission_id=l1W7fOikfMBTqdbBMDMlpC6RVOty5CQxC4QaMatImHI." "Mozilla/5.0 (X11; Linux x86_64; rv:126.0) Gecko/20100101 Firefox/126.0"
162.158.129.141 - - [10/Jul/2024:17:08:25 +0000] "GET /aws/notifications?last_notification=1720631154.934397 HTTP/1.1" 200 2 "https://cms.bitlerbot.ir/aws/contest/3/tasks" "Mozilla/5.0 (X11; Linux x86_64) AppleWebKit/537.36 (KHTML, like Gecko) Chrome/126.0.0.0 Safari/537.36"
162.158.129.140 - - [10/Jul/2024:17:08:40 +0000] "GET /aws/notifications?last_notification=1720631154.934397 HTTP/1.1" 200 2 "https://cms.bitlerbot.ir/aws/contest/3/tasks" "Mozilla/5.0 (X11; Linux x86_64) AppleWebKit/537.36 (KHTML, like Gecko) Chrome/126.0.0.0 Safari/537.36"
172.70.251.51 - - [10/Jul/2024:17:08:52 +0000] "GET /test/notifications HTTP/1.1" 200 2 "https://cms.bitlerbot.ir/test/tasks/fib2/submissions?submission_id=l1W7fOikfMBTqdbBMDMlpC6RVOty5CQxC4QaMatImHI." "Mozilla/5.0 (X11; Linux x86_64; rv:126.0) Gecko/20100101 Firefox/126.0"
162.158.129.140 - - [10/Jul/2024:17:08:55 +0000] "GET /aws/notifications?last_notification=1720631154.934397 HTTP/1.1" 200 2 "https://cms.bitlerbot.ir/aws/contest/3/tasks" "Mozilla/5.0 (X11; Linux x86_64) AppleWebKit/537.36 (KHTML, like Gecko) Chrome/126.0.0.0 Safari/537.36"
162.158.129.141 - - [10/Jul/2024:17:09:10 +0000] "GET /aws/notifications?last_notification=1720631154.934397 HTTP/1.1" 200 2 "https://cms.bitlerbot.ir/aws/contest/3/tasks" "Mozilla/5.0 (X11; Linux x86_64) AppleWebKit/537.36 (KHTML, like Gecko) Chrome/126.0.0.0 Safari/537.36"
162.158.129.141 - - [10/Jul/2024:17:09:25 +0000] "GET /aws/notifications?last_notification=1720631154.934397 HTTP/1.1" 200 2 "https://cms.bitlerbot.ir/aws/contest/3/tasks" "Mozilla/5.0 (X11; Linux x86_64) AppleWebKit/537.36 (KHTML, like Gecko) Chrome/126.0.0.0 Safari/537.36"
162.158.129.140 - - [10/Jul/2024:17:09:40 +0000] "GET /aws/notifications?last_notification=1720631154.934397 HTTP/1.1" 200 2 "https://cms.bitlerbot.ir/aws/contest/3/tasks" "Mozilla/5.0 (X11; Linux x86_64) AppleWebKit/537.36 (KHTML, like Gecko) Chrome/126.0.0.0 Safari/537.36"
162.158.129.220 - - [10/Jul/2024:17:09:53 +0000] "GET /test/notifications HTTP/1.1" 200 2 "https://cms.bitlerbot.ir/test/tasks/fib2/submissions?submission_id=l1W7fOikfMBTqdbBMDMlpC6RVOty5CQxC4QaMatImHI." "Mozilla/5.0 (X11; Linux x86_64; rv:126.0) Gecko/20100101 Firefox/126.0"
162.158.129.140 - - [10/Jul/2024:17:09:55 +0000] "GET /aws/notifications?last_notification=1720631154.934397 HTTP/1.1" 200 2 "https://cms.bitlerbot.ir/aws/contest/3/tasks" "Mozilla/5.0 (X11; Linux x86_64) AppleWebKit/537.36 (KHTML, like Gecko) Chrome/126.0.0.0 Safari/537.36"
162.158.129.141 - - [10/Jul/2024:17:10:10 +0000] "GET /aws/notifications?last_notification=1720631154.934397 HTTP/1.1" 200 2 "https://cms.bitlerbot.ir/aws/contest/3/tasks" "Mozilla/5.0 (X11; Linux x86_64) AppleWebKit/537.36 (KHTML, like Gecko) Chrome/126.0.0.0 Safari/537.36"
162.158.129.141 - - [10/Jul/2024:17:10:11 +0000] "GET /aws/task/2 HTTP/1.1" 200 5094 "https://cms.bitlerbot.ir/aws/contest/3/tasks" "Mozilla/5.0 (X11; Linux x86_64) AppleWebKit/537.36 (KHTML, like Gecko) Chrome/126.0.0.0 Safari/537.36"
162.158.129.140 - - [10/Jul/2024:17:10:11 +0000] "GET /aws/notifications?last_notification=1720631411.054787 HTTP/1.1" 200 2 "https://cms.bitlerbot.ir/aws/task/2" "Mozilla/5.0 (X11; Linux x86_64) AppleWebKit/537.36 (KHTML, like Gecko) Chrome/126.0.0.0 Safari/537.36"
162.158.129.140 - - [10/Jul/2024:17:10:17 +0000] "POST /aws/task/2 HTTP/1.1" 302 0 "https://cms.bitlerbot.ir/aws/task/2" "Mozilla/5.0 (X11; Linux x86_64) AppleWebKit/537.36 (KHTML, like Gecko) Chrome/126.0.0.0 Safari/537.36"
162.158.129.141 - - [10/Jul/2024:17:10:17 +0000] "GET /aws/task/2 HTTP/1.1" 200 5098 "https://cms.bitlerbot.ir/aws/task/2" "Mozilla/5.0 (X11; Linux x86_64) AppleWebKit/537.36 (KHTML, like Gecko) Chrome/126.0.0.0 Safari/537.36"
162.158.129.141 - - [10/Jul/2024:17:10:17 +0000] "GET /aws/notifications?last_notification=1720631417.334079 HTTP/1.1" 200 122 "https://cms.bitlerbot.ir/aws/task/2" "Mozilla/5.0 (X11; Linux x86_64) AppleWebKit/537.36 (KHTML, like Gecko) Chrome/126.0.0.0 Safari/537.36"
162.158.129.220 - - [10/Jul/2024:17:10:22 +0000] "GET /test/notifications HTTP/1.1" 200 2 "https://cms.bitlerbot.ir/test/tasks/fib2/submissions?submission_id=l1W7fOikfMBTqdbBMDMlpC6RVOty5CQxC4QaMatImHI." "Mozilla/5.0 (X11; Linux x86_64; rv:126.0) Gecko/20100101 Firefox/126.0"
162.158.129.220 - - [10/Jul/2024:17:10:24 +0000] "GET /test/tasks/fib2/description HTTP/1.1" 200 2633 "https://cms.bitlerbot.ir/test/tasks/fib2/submissions?submission_id=l1W7fOikfMBTqdbBMDMlpC6RVOty5CQxC4QaMatImHI." "Mozilla/5.0 (X11; Linux x86_64; rv:126.0) Gecko/20100101 Firefox/126.0"
162.158.129.220 - - [10/Jul/2024:17:10:24 +0000] "GET /test/notifications HTTP/1.1" 200 2 "https://cms.bitlerbot.ir/test/tasks/fib2/description" "Mozilla/5.0 (X11; Linux x86_64; rv:126.0) Gecko/20100101 Firefox/126.0"
162.158.129.220 - - [10/Jul/2024:17:10:25 +0000] "GET /test/tasks/fib/description HTTP/1.1" 200 2637 "https://cms.bitlerbot.ir/test/tasks/fib2/description" "Mozilla/5.0 (X11; Linux x86_64; rv:126.0) Gecko/20100101 Firefox/126.0"
162.158.129.220 - - [10/Jul/2024:17:10:26 +0000] "GET /test/notifications HTTP/1.1" 200 2 "https://cms.bitlerbot.ir/test/tasks/fib/description" "Mozilla/5.0 (X11; Linux x86_64; rv:126.0) Gecko/20100101 Firefox/126.0"
162.158.129.220 - - [10/Jul/2024:17:10:28 +0000] "GET /test/tasks/fib/submissions HTTP/1.1" 200 4486 "https://cms.bitlerbot.ir/test/tasks/fib/description" "Mozilla/5.0 (X11; Linux x86_64; rv:126.0) Gecko/20100101 Firefox/126.0"
162.158.129.220 - - [10/Jul/2024:17:10:28 +0000] "GET /test/notifications HTTP/1.1" 200 2 "https://cms.bitlerbot.ir/test/tasks/fib/submissions" "Mozilla/5.0 (X11; Linux x86_64; rv:126.0) Gecko/20100101 Firefox/126.0"
162.158.129.140 - - [10/Jul/2024:17:10:32 +0000] "GET /aws/notifications?last_notification=1720631417.334079 HTTP/1.1" 200 2 "https://cms.bitlerbot.ir/aws/task/2" "Mozilla/5.0 (X11; Linux x86_64) AppleWebKit/537.36 (KHTML, like Gecko) Chrome/126.0.0.0 Safari/537.36"
162.158.129.220 - - [10/Jul/2024:17:10:33 +0000] "GET /test/tasks/fib2/submissions HTTP/1.1" 200 4471 "https://cms.bitlerbot.ir/test/tasks/fib/submissions" "Mozilla/5.0 (X11; Linux x86_64; rv:126.0) Gecko/20100101 Firefox/126.0"
162.158.129.220 - - [10/Jul/2024:17:10:34 +0000] "GET /test/notifications HTTP/1.1" 200 2 "https://cms.bitlerbot.ir/test/tasks/fib2/submissions" "Mozilla/5.0 (X11; Linux x86_64; rv:126.0) Gecko/20100101 Firefox/126.0"
162.158.129.220 - - [10/Jul/2024:17:10:35 +0000] "GET /test/tasks/fib/submissions HTTP/1.1" 200 4488 "https://cms.bitlerbot.ir/test/tasks/fib2/submissions" "Mozilla/5.0 (X11; Linux x86_64; rv:126.0) Gecko/20100101 Firefox/126.0"
162.158.129.220 - - [10/Jul/2024:17:10:36 +0000] "GET /test/notifications HTTP/1.1" 200 2 "https://cms.bitlerbot.ir/test/tasks/fib/submissions" "Mozilla/5.0 (X11; Linux x86_64; rv:126.0) Gecko/20100101 Firefox/126.0"
162.158.129.220 - - [10/Jul/2024:17:10:44 +0000] "POST /test/tasks/fib/submit HTTP/1.1" 302 0 "https://cms.bitlerbot.ir/test/tasks/fib/submissions" "Mozilla/5.0 (X11; Linux x86_64; rv:126.0) Gecko/20100101 Firefox/126.0"
162.158.129.220 - - [10/Jul/2024:17:10:45 +0000] "GET /test/tasks/fib/submissions?submission_id=MlRFkF4_4xC2BDfFN1KBGsX-CuiN6fN6Rh1mDiw-OcE. HTTP/1.1" 200 4539 "https://cms.bitlerbot.ir/test/tasks/fib/submissions" "Mozilla/5.0 (X11; Linux x86_64; rv:126.0) Gecko/20100101 Firefox/126.0"
162.158.129.220 - - [10/Jul/2024:17:10:45 +0000] "GET /test/notifications HTTP/1.1" 200 169 "https://cms.bitlerbot.ir/test/tasks/fib/submissions?submission_id=MlRFkF4_4xC2BDfFN1KBGsX-CuiN6fN6Rh1mDiw-OcE." "Mozilla/5.0 (X11; Linux x86_64; rv:126.0) Gecko/20100101 Firefox/126.0"
162.158.129.220 - - [10/Jul/2024:17:10:46 +0000] "GET /test/tasks/fib/submissions/3 HTTP/1.1" 200 68 "https://cms.bitlerbot.ir/test/tasks/fib/submissions?submission_id=MlRFkF4_4xC2BDfFN1KBGsX-CuiN6fN6Rh1mDiw-OcE." "Mozilla/5.0 (X11; Linux x86_64; rv:126.0) Gecko/20100101 Firefox/126.0"
162.158.129.140 - - [10/Jul/2024:17:10:47 +0000] "GET /aws/notifications?last_notification=1720631417.334079 HTTP/1.1" 200 2 "https://cms.bitlerbot.ir/aws/task/2" "Mozilla/5.0 (X11; Linux x86_64) AppleWebKit/537.36 (KHTML, like Gecko) Chrome/126.0.0.0 Safari/537.36"
162.158.129.220 - - [10/Jul/2024:17:10:48 +0000] "GET /test/tasks/fib/submissions/3 HTTP/1.1" 200 69 "https://cms.bitlerbot.ir/test/tasks/fib/submissions?submission_id=MlRFkF4_4xC2BDfFN1KBGsX-CuiN6fN6Rh1mDiw-OcE." "Mozilla/5.0 (X11; Linux x86_64; rv:126.0) Gecko/20100101 Firefox/126.0"
162.158.129.220 - - [10/Jul/2024:17:10:50 +0000] "GET /test/tasks/fib/submissions/3 HTTP/1.1" 200 157 "https://cms.bitlerbot.ir/test/tasks/fib/submissions?submission_id=MlRFkF4_4xC2BDfFN1KBGsX-CuiN6fN6Rh1mDiw-OcE." "Mozilla/5.0 (X11; Linux x86_64; rv:126.0) Gecko/20100101 Firefox/126.0"
162.158.129.220 - - [10/Jul/2024:17:10:55 +0000] "GET /test HTTP/1.1" 200 2514 "https://cms.bitlerbot.ir/test/tasks/fib/submissions?submission_id=MlRFkF4_4xC2BDfFN1KBGsX-CuiN6fN6Rh1mDiw-OcE." "Mozilla/5.0 (X11; Linux x86_64; rv:126.0) Gecko/20100101 Firefox/126.0"
162.158.129.220 - - [10/Jul/2024:17:10:55 +0000] "GET /test/notifications HTTP/1.1" 200 2 "https://cms.bitlerbot.ir/test" "Mozilla/5.0 (X11; Linux x86_64; rv:126.0) Gecko/20100101 Firefox/126.0"
162.158.129.220 - - [10/Jul/2024:17:11:00 +0000] "GET /test/tasks/fib/description HTTP/1.1" 200 2638 "https://cms.bitlerbot.ir/test" "Mozilla/5.0 (X11; Linux x86_64; rv:126.0) Gecko/20100101 Firefox/126.0"
162.158.129.220 - - [10/Jul/2024:17:11:00 +0000] "GET /test/notifications HTTP/1.1" 200 2 "https://cms.bitlerbot.ir/test/tasks/fib/description" "Mozilla/5.0 (X11; Linux x86_64; rv:126.0) Gecko/20100101 Firefox/126.0"
162.158.129.220 - - [10/Jul/2024:17:11:01 +0000] "GET /test/tasks/fib/submissions HTTP/1.1" 200 4511 "https://cms.bitlerbot.ir/test/tasks/fib/description" "Mozilla/5.0 (X11; Linux x86_64; rv:126.0) Gecko/20100101 Firefox/126.0"
162.158.129.220 - - [10/Jul/2024:17:11:01 +0000] "GET /test/notifications HTTP/1.1" 200 2 "https://cms.bitlerbot.ir/test/tasks/fib/submissions" "Mozilla/5.0 (X11; Linux x86_64; rv:126.0) Gecko/20100101 Firefox/126.0"
162.158.129.141 - - [10/Jul/2024:17:11:02 +0000] "GET /aws/notifications?last_notification=1720631417.334079 HTTP/1.1" 200 2 "https://cms.bitlerbot.ir/aws/task/2" "Mozilla/5.0 (X11; Linux x86_64) AppleWebKit/537.36 (KHTML, like Gecko) Chrome/126.0.0.0 Safari/537.36"
162.158.129.220 - - [10/Jul/2024:17:11:08 +0000] "GET /test/tasks/fib/submissions/3/details HTTP/1.1" 200 438 "https://cms.bitlerbot.ir/test/tasks/fib/submissions" "Mozilla/5.0 (X11; Linux x86_64; rv:126.0) Gecko/20100101 Firefox/126.0"
162.158.129.141 - - [10/Jul/2024:17:11:17 +0000] "GET /aws/notifications?last_notification=1720631417.334079 HTTP/1.1" 200 2 "https://cms.bitlerbot.ir/aws/task/2" "Mozilla/5.0 (X11; Linux x86_64) AppleWebKit/537.36 (KHTML, like Gecko) Chrome/126.0.0.0 Safari/537.36"
162.158.129.140 - - [10/Jul/2024:17:11:18 +0000] "GET /aws/notifications?last_notification=1720631417.334079 HTTP/1.1" 200 2 "https://cms.bitlerbot.ir/aws/task/2" "Mozilla/5.0 (X11; Linux x86_64) AppleWebKit/537.36 (KHTML, like Gecko) Chrome/126.0.0.0 Safari/537.36"
162.158.129.140 - - [10/Jul/2024:17:11:23 +0000] "GET /aws/notifications?last_notification=1720631154.934397 HTTP/1.1" 200 2 "https://cms.bitlerbot.ir/aws/contest/3/tasks" "Mozilla/5.0 (X11; Linux x86_64) AppleWebKit/537.36 (KHTML, like Gecko) Chrome/126.0.0.0 Safari/537.36"
162.158.129.141 - - [10/Jul/2024:17:11:24 +0000] "GET /aws/task/3 HTTP/1.1" 200 5096 "https://cms.bitlerbot.ir/aws/contest/3/tasks" "Mozilla/5.0 (X11; Linux x86_64) AppleWebKit/537.36 (KHTML, like Gecko) Chrome/126.0.0.0 Safari/537.36"
162.158.129.141 - - [10/Jul/2024:17:11:25 +0000] "GET /aws/notifications?last_notification=1720631484.94061 HTTP/1.1" 200 2 "https://cms.bitlerbot.ir/aws/task/3" "Mozilla/5.0 (X11; Linux x86_64) AppleWebKit/537.36 (KHTML, like Gecko) Chrome/126.0.0.0 Safari/537.36"
162.158.129.140 - - [10/Jul/2024:17:11:28 +0000] "POST /aws/task/3 HTTP/1.1" 302 0 "https://cms.bitlerbot.ir/aws/task/3" "Mozilla/5.0 (X11; Linux x86_64) AppleWebKit/537.36 (KHTML, like Gecko) Chrome/126.0.0.0 Safari/537.36"
162.158.129.140 - - [10/Jul/2024:17:11:28 +0000] "GET /aws/task/3 HTTP/1.1" 200 5092 "https://cms.bitlerbot.ir/aws/task/3" "Mozilla/5.0 (X11; Linux x86_64) AppleWebKit/537.36 (KHTML, like Gecko) Chrome/126.0.0.0 Safari/537.36"
162.158.129.141 - - [10/Jul/2024:17:11:28 +0000] "GET /aws/notifications?last_notification=1720631488.42 HTTP/1.1" 200 121 "https://cms.bitlerbot.ir/aws/task/3" "Mozilla/5.0 (X11; Linux x86_64) AppleWebKit/537.36 (KHTML, like Gecko) Chrome/126.0.0.0 Safari/537.36"
162.158.129.220 - - [10/Jul/2024:17:11:32 +0000] "GET /test/notifications HTTP/1.1" 200 2 "https://cms.bitlerbot.ir/test/tasks/fib/submissions" "Mozilla/5.0 (X11; Linux x86_64; rv:126.0) Gecko/20100101 Firefox/126.0"
162.158.129.220 - - [10/Jul/2024:17:11:39 +0000] "GET /test/tasks/fib2/description HTTP/1.1" 200 2634 "https://cms.bitlerbot.ir/test/tasks/fib/submissions" "Mozilla/5.0 (X11; Linux x86_64; rv:126.0) Gecko/20100101 Firefox/126.0"
162.158.129.220 - - [10/Jul/2024:17:11:39 +0000] "GET /test/notifications HTTP/1.1" 200 2 "https://cms.bitlerbot.ir/test/tasks/fib2/description" "Mozilla/5.0 (X11; Linux x86_64; rv:126.0) Gecko/20100101 Firefox/126.0"
162.158.129.220 - - [10/Jul/2024:17:11:40 +0000] "GET /test/tasks/fib2/submissions HTTP/1.1" 200 4464 "https://cms.bitlerbot.ir/test/tasks/fib2/description" "Mozilla/5.0 (X11; Linux x86_64; rv:126.0) Gecko/20100101 Firefox/126.0"
162.158.129.220 - - [10/Jul/2024:17:11:41 +0000] "GET /test/notifications HTTP/1.1" 200 2 "https://cms.bitlerbot.ir/test/tasks/fib2/submissions" "Mozilla/5.0 (X11; Linux x86_64; rv:126.0) Gecko/20100101 Firefox/126.0"
162.158.129.141 - - [10/Jul/2024:17:11:43 +0000] "GET /aws/notifications?last_notification=1720631488.42 HTTP/1.1" 200 2 "https://cms.bitlerbot.ir/aws/task/3" "Mozilla/5.0 (X11; Linux x86_64) AppleWebKit/537.36 (KHTML, like Gecko) Chrome/126.0.0.0 Safari/537.36"
162.158.129.220 - - [10/Jul/2024:17:11:46 +0000] "POST /test/tasks/fib2/submit HTTP/1.1" 302 0 "https://cms.bitlerbot.ir/test/tasks/fib2/submissions" "Mozilla/5.0 (X11; Linux x86_64; rv:126.0) Gecko/20100101 Firefox/126.0"
