162.158.129.141 - - [10/Jul/2024:16:49:52 +0000] "POST /aws/dataset/1/testcases/add HTTP/1.1" 302 0 "https://cms.bitlerbot.ir/aws/dataset/1/testcases/add" "Mozilla/5.0 (X11; Linux x86_64) AppleWebKit/537.36 (KHTML, like Gecko) Chrome/126.0.0.0 Safari/537.36"
162.158.129.140 - - [10/Jul/2024:16:49:53 +0000] "GET /aws/dataset/1/testcases/add HTTP/1.1" 200 1594 "https://cms.bitlerbot.ir/aws/dataset/1/testcases/add" "Mozilla/5.0 (X11; Linux x86_64) AppleWebKit/537.36 (KHTML, like Gecko) Chrome/126.0.0.0 Safari/537.36"
162.158.129.140 - - [10/Jul/2024:16:49:53 +0000] "GET /aws/notifications?last_notification=1720630193.084174 HTTP/1.1" 200 143 "https://cms.bitlerbot.ir/aws/dataset/1/testcases/add" "Mozilla/5.0 (X11; Linux x86_64) AppleWebKit/537.36 (KHTML, like Gecko) Chrome/126.0.0.0 Safari/537.36"
162.158.129.140 - - [10/Jul/2024:16:50:08 +0000] "GET /aws/notifications?last_notification=1720630193.084174 HTTP/1.1" 200 2 "https://cms.bitlerbot.ir/aws/dataset/1/testcases/add" "Mozilla/5.0 (X11; Linux x86_64) AppleWebKit/537.36 (KHTML, like Gecko) Chrome/126.0.0.0 Safari/537.36"
162.158.129.141 - - [10/Jul/2024:16:50:19 +0000] "POST /aws/dataset/1/testcases/add HTTP/1.1" 302 0 "https://cms.bitlerbot.ir/aws/dataset/1/testcases/add" "Mozilla/5.0 (X11; Linux x86_64) AppleWebKit/537.36 (KHTML, like Gecko) Chrome/126.0.0.0 Safari/537.36"
162.158.129.141 - - [10/Jul/2024:16:50:19 +0000] "GET /aws/task/2 HTTP/1.1" 200 5048 "https://cms.bitlerbot.ir/aws/dataset/1/testcases/add" "Mozilla/5.0 (X11; Linux x86_64) AppleWebKit/537.36 (KHTML, like Gecko) Chrome/126.0.0.0 Safari/537.36"
162.158.129.141 - - [10/Jul/2024:16:50:20 +0000] "GET /aws/notifications?last_notification=1720630219.55639 HTTP/1.1" 200 122 "https://cms.bitlerbot.ir/aws/task/2" "Mozilla/5.0 (X11; Linux x86_64) AppleWebKit/537.36 (KHTML, like Gecko) Chrome/126.0.0.0 Safari/537.36"
162.158.129.141 - - [10/Jul/2024:16:50:28 +0000] "GET /aws/ HTTP/1.1" 200 3145 "https://cms.bitlerbot.ir/aws/task/2" "Mozilla/5.0 (X11; Linux x86_64) AppleWebKit/537.36 (KHTML, like Gecko) Chrome/126.0.0.0 Safari/537.36"
162.158.129.141 - - [10/Jul/2024:16:50:29 +0000] "GET /aws/notifications?last_notification=1720630228.735939 HTTP/1.1" 200 2 "https://cms.bitlerbot.ir/aws/" "Mozilla/5.0 (X11; Linux x86_64) AppleWebKit/537.36 (KHTML, like Gecko) Chrome/126.0.0.0 Safari/537.36"
162.158.129.141 - - [10/Jul/2024:16:50:29 +0000] "POST /aws/rpc/EvaluationService/0/queue_status HTTP/1.1" 200 56 "https://cms.bitlerbot.ir/aws/" "Mozilla/5.0 (X11; Linux x86_64) AppleWebKit/537.36 (KHTML, like Gecko) Chrome/126.0.0.0 Safari/537.36"
162.158.129.141 - - [10/Jul/2024:16:50:29 +0000] "POST /aws/rpc/EvaluationService/0/workers_status HTTP/1.1" 200 114 "https://cms.bitlerbot.ir/aws/" "Mozilla/5.0 (X11; Linux x86_64) AppleWebKit/537.36 (KHTML, like Gecko) Chrome/126.0.0.0 Safari/537.36"
162.158.129.140 - - [10/Jul/2024:16:50:29 +0000] "POST /aws/rpc/LogService/0/last_messages HTTP/1.1" 200 56 "https://cms.bitlerbot.ir/aws/" "Mozilla/5.0 (X11; Linux x86_64) AppleWebKit/537.36 (KHTML, like Gecko) Chrome/126.0.0.0 Safari/537.36"
162.158.129.141 - - [10/Jul/2024:16:50:33 +0000] "GET /aws/users/add HTTP/1.1" 200 1993 "https://cms.bitlerbot.ir/aws/" "Mozilla/5.0 (X11; Linux x86_64) AppleWebKit/537.36 (KHTML, like Gecko) Chrome/126.0.0.0 Safari/537.36"
162.158.129.141 - - [10/Jul/2024:16:50:33 +0000] "GET /aws/notifications?last_notification=1720630233.485245 HTTP/1.1" 200 2 "https://cms.bitlerbot.ir/aws/users/add" "Mozilla/5.0 (X11; Linux x86_64) AppleWebKit/537.36 (KHTML, like Gecko) Chrome/126.0.0.0 Safari/537.36"
162.158.129.141 - - [10/Jul/2024:16:50:48 +0000] "GET /aws/notifications?last_notification=1720630233.485245 HTTP/1.1" 200 2 "https://cms.bitlerbot.ir/aws/users/add" "Mozilla/5.0 (X11; Linux x86_64) AppleWebKit/537.36 (KHTML, like Gecko) Chrome/126.0.0.0 Safari/537.36"
162.158.129.140 - - [10/Jul/2024:16:50:50 +0000] "POST /aws/users/add HTTP/1.1" 302 0 "https://cms.bitlerbot.ir/aws/users/add" "Mozilla/5.0 (X11; Linux x86_64) AppleWebKit/537.36 (KHTML, like Gecko) Chrome/126.0.0.0 Safari/537.36"
162.158.129.141 - - [10/Jul/2024:16:50:50 +0000] "GET /aws/user/2 HTTP/1.1" 200 2369 "https://cms.bitlerbot.ir/aws/users/add" "Mozilla/5.0 (X11; Linux x86_64) AppleWebKit/537.36 (KHTML, like Gecko) Chrome/126.0.0.0 Safari/537.36"
162.158.129.141 - - [10/Jul/2024:16:50:51 +0000] "GET /aws/notifications?last_notification=1720630250.894349 HTTP/1.1" 200 122 "https://cms.bitlerbot.ir/aws/user/2" "Mozilla/5.0 (X11; Linux x86_64) AppleWebKit/537.36 (KHTML, like Gecko) Chrome/126.0.0.0 Safari/537.36"
162.158.129.141 - - [10/Jul/2024:16:50:53 +0000] "GET /aws/ HTTP/1.1" 200 3143 "https://cms.bitlerbot.ir/aws/user/2" "Mozilla/5.0 (X11; Linux x86_64) AppleWebKit/537.36 (KHTML, like Gecko) Chrome/126.0.0.0 Safari/537.36"
162.158.129.141 - - [10/Jul/2024:16:50:54 +0000] "GET /aws/notifications?last_notification=1720630253.919805 HTTP/1.1" 200 2 "https://cms.bitlerbot.ir/aws/" "Mozilla/5.0 (X11; Linux x86_64) AppleWebKit/537.36 (KHTML, like Gecko) Chrome/126.0.0.0 Safari/537.36"
162.158.129.141 - - [10/Jul/2024:16:50:54 +0000] "POST /aws/rpc/LogService/0/last_messages HTTP/1.1" 200 56 "https://cms.bitlerbot.ir/aws/" "Mozilla/5.0 (X11; Linux x86_64) AppleWebKit/537.36 (KHTML, like Gecko) Chrome/126.0.0.0 Safari/537.36"
162.158.129.140 - - [10/Jul/2024:16:50:54 +0000] "POST /aws/rpc/EvaluationService/0/queue_status HTTP/1.1" 200 56 "https://cms.bitlerbot.ir/aws/" "Mozilla/5.0 (X11; Linux x86_64) AppleWebKit/537.36 (KHTML, like Gecko) Chrome/126.0.0.0 Safari/537.36"
162.158.129.141 - - [10/Jul/2024:16:50:54 +0000] "POST /aws/rpc/EvaluationService/0/workers_status HTTP/1.1" 200 114 "https://cms.bitlerbot.ir/aws/" "Mozilla/5.0 (X11; Linux x86_64) AppleWebKit/537.36 (KHTML, like Gecko) Chrome/126.0.0.0 Safari/537.36"
162.158.129.141 - - [10/Jul/2024:16:50:59 +0000] "POST /aws/rpc/EvaluationService/0/queue_status HTTP/1.1" 200 56 "https://cms.bitlerbot.ir/aws/" "Mozilla/5.0 (X11; Linux x86_64) AppleWebKit/537.36 (KHTML, like Gecko) Chrome/126.0.0.0 Safari/537.36"
162.158.129.141 - - [10/Jul/2024:16:50:59 +0000] "POST /aws/rpc/EvaluationService/0/workers_status HTTP/1.1" 200 114 "https://cms.bitlerbot.ir/aws/" "Mozilla/5.0 (X11; Linux x86_64) AppleWebKit/537.36 (KHTML, like Gecko) Chrome/126.0.0.0 Safari/537.36"
162.158.129.140 - - [10/Jul/2024:16:50:59 +0000] "POST /aws/rpc/LogService/0/last_messages HTTP/1.1" 200 56 "https://cms.bitlerbot.ir/aws/" "Mozilla/5.0 (X11; Linux x86_64) AppleWebKit/537.36 (KHTML, like Gecko) Chrome/126.0.0.0 Safari/537.36"
162.158.129.141 - - [10/Jul/2024:16:51:04 +0000] "POST /aws/rpc/LogService/0/last_messages HTTP/1.1" 200 56 "https://cms.bitlerbot.ir/aws/" "Mozilla/5.0 (X11; Linux x86_64) AppleWebKit/537.36 (KHTML, like Gecko) Chrome/126.0.0.0 Safari/537.36"
162.158.129.141 - - [10/Jul/2024:16:51:04 +0000] "POST /aws/rpc/EvaluationService/0/workers_status HTTP/1.1" 200 114 "https://cms.bitlerbot.ir/aws/" "Mozilla/5.0 (X11; Linux x86_64) AppleWebKit/537.36 (KHTML, like Gecko) Chrome/126.0.0.0 Safari/537.36"
162.158.129.141 - - [10/Jul/2024:16:51:04 +0000] "POST /aws/rpc/EvaluationService/0/queue_status HTTP/1.1" 200 56 "https://cms.bitlerbot.ir/aws/" "Mozilla/5.0 (X11; Linux x86_64) AppleWebKit/537.36 (KHTML, like Gecko) Chrome/126.0.0.0 Safari/537.36"
162.158.129.140 - - [10/Jul/2024:16:51:07 +0000] "GET / HTTP/1.1" 200 421 "-" "Mozilla/5.0 (X11; Linux x86_64; rv:126.0) Gecko/20100101 Firefox/126.0"
162.158.94.72 - - [10/Jul/2024:16:51:08 +0000] "GET /static/favicon.ico HTTP/1.1" 200 16958 "https://cms.bitlerbot.ir/" "Mozilla/5.0 (X11; Linux x86_64; rv:126.0) Gecko/20100101 Firefox/126.0"
172.71.183.88 - - [10/Jul/2024:16:51:09 +0000] "GET /static/img/glyphicons-halflings-white.png HTTP/1.1" 200 8777 "-" "Mozilla/5.0 (X11; Linux x86_64; rv:126.0) Gecko/20100101 Firefox/126.0"
162.158.129.141 - - [10/Jul/2024:16:51:09 +0000] "GET /aws/notifications?last_notification=1720630253.919805 HTTP/1.1" 200 2 "https://cms.bitlerbot.ir/aws/" "Mozilla/5.0 (X11; Linux x86_64) AppleWebKit/537.36 (KHTML, like Gecko) Chrome/126.0.0.0 Safari/537.36"
162.158.129.141 - - [10/Jul/2024:16:51:09 +0000] "POST /aws/rpc/EvaluationService/0/queue_status HTTP/1.1" 200 56 "https://cms.bitlerbot.ir/aws/" "Mozilla/5.0 (X11; Linux x86_64) AppleWebKit/537.36 (KHTML, like Gecko) Chrome/126.0.0.0 Safari/537.36"
162.158.129.141 - - [10/Jul/2024:16:51:09 +0000] "POST /aws/rpc/LogService/0/last_messages HTTP/1.1" 200 56 "https://cms.bitlerbot.ir/aws/" "Mozilla/5.0 (X11; Linux x86_64) AppleWebKit/537.36 (KHTML, like Gecko) Chrome/126.0.0.0 Safari/537.36"
162.158.129.140 - - [10/Jul/2024:16:51:09 +0000] "POST /aws/rpc/EvaluationService/0/workers_status HTTP/1.1" 200 114 "https://cms.bitlerbot.ir/aws/" "Mozilla/5.0 (X11; Linux x86_64) AppleWebKit/537.36 (KHTML, like Gecko) Chrome/126.0.0.0 Safari/537.36"
172.71.94.207 - - [10/Jul/2024:16:51:09 +0000] "GET /static/img/glyphicons-halflings.png HTTP/1.1" 200 13826 "-" "Mozilla/5.0 (X11; Linux x86_64; rv:126.0) Gecko/20100101 Firefox/126.0"
162.158.94.251 - - [10/Jul/2024:16:51:14 +0000] "GET /test HTTP/1.1" 200 1415 "https://cms.bitlerbot.ir/" "Mozilla/5.0 (X11; Linux x86_64; rv:126.0) Gecko/20100101 Firefox/126.0"
162.158.129.141 - - [10/Jul/2024:16:51:14 +0000] "POST /aws/rpc/EvaluationService/0/queue_status HTTP/1.1" 200 56 "https://cms.bitlerbot.ir/aws/" "Mozilla/5.0 (X11; Linux x86_64) AppleWebKit/537.36 (KHTML, like Gecko) Chrome/126.0.0.0 Safari/537.36"
162.158.129.141 - - [10/Jul/2024:16:51:14 +0000] "POST /aws/rpc/EvaluationService/0/workers_status HTTP/1.1" 200 114 "https://cms.bitlerbot.ir/aws/" "Mozilla/5.0 (X11; Linux x86_64) AppleWebKit/537.36 (KHTML, like Gecko) Chrome/126.0.0.0 Safari/537.36"
162.158.129.141 - - [10/Jul/2024:16:51:14 +0000] "POST /aws/rpc/LogService/0/last_messages HTTP/1.1" 200 56 "https://cms.bitlerbot.ir/aws/" "Mozilla/5.0 (X11; Linux x86_64) AppleWebKit/537.36 (KHTML, like Gecko) Chrome/126.0.0.0 Safari/537.36"
162.158.129.141 - - [10/Jul/2024:16:51:19 +0000] "POST /aws/rpc/LogService/0/last_messages HTTP/1.1" 200 56 "https://cms.bitlerbot.ir/aws/" "Mozilla/5.0 (X11; Linux x86_64) AppleWebKit/537.36 (KHTML, like Gecko) Chrome/126.0.0.0 Safari/537.36"
162.158.129.141 - - [10/Jul/2024:16:51:19 +0000] "POST /aws/rpc/EvaluationService/0/queue_status HTTP/1.1" 200 56 "https://cms.bitlerbot.ir/aws/" "Mozilla/5.0 (X11; Linux x86_64) AppleWebKit/537.36 (KHTML, like Gecko) Chrome/126.0.0.0 Safari/537.36"
162.158.129.140 - - [10/Jul/2024:16:51:19 +0000] "POST /aws/rpc/EvaluationService/0/workers_status HTTP/1.1" 200 114 "https://cms.bitlerbot.ir/aws/" "Mozilla/5.0 (X11; Linux x86_64) AppleWebKit/537.36 (KHTML, like Gecko) Chrome/126.0.0.0 Safari/537.36"
162.158.129.141 - - [10/Jul/2024:16:51:23 +0000] "GET /aws/contest/3 HTTP/1.1" 200 3976 "https://cms.bitlerbot.ir/aws/" "Mozilla/5.0 (X11; Linux x86_64) AppleWebKit/537.36 (KHTML, like Gecko) Chrome/126.0.0.0 Safari/537.36"
162.158.129.141 - - [10/Jul/2024:16:51:24 +0000] "GET /aws/notifications?last_notification=1720630283.535581 HTTP/1.1" 200 2 "https://cms.bitlerbot.ir/aws/contest/3" "Mozilla/5.0 (X11; Linux x86_64) AppleWebKit/537.36 (KHTML, like Gecko) Chrome/126.0.0.0 Safari/537.36"
162.158.129.140 - - [10/Jul/2024:16:51:26 +0000] "GET /aws/contest/3/users HTTP/1.1" 200 1739 "https://cms.bitlerbot.ir/aws/contest/3" "Mozilla/5.0 (X11; Linux x86_64) AppleWebKit/537.36 (KHTML, like Gecko) Chrome/126.0.0.0 Safari/537.36"
162.158.129.141 - - [10/Jul/2024:16:51:26 +0000] "GET /aws/notifications?last_notification=1720630285.985154 HTTP/1.1" 200 2 "https://cms.bitlerbot.ir/aws/contest/3/users" "Mozilla/5.0 (X11; Linux x86_64) AppleWebKit/537.36 (KHTML, like Gecko) Chrome/126.0.0.0 Safari/537.36"
162.158.129.141 - - [10/Jul/2024:16:51:29 +0000] "POST /aws/contest/3/users/add HTTP/1.1" 302 0 "https://cms.bitlerbot.ir/aws/contest/3/users" "Mozilla/5.0 (X11; Linux x86_64) AppleWebKit/537.36 (KHTML, like Gecko) Chrome/126.0.0.0 Safari/537.36"
162.158.129.141 - - [10/Jul/2024:16:51:29 +0000] "GET /aws/contest/3/users HTTP/1.1" 200 1750 "https://cms.bitlerbot.ir/aws/contest/3/users" "Mozilla/5.0 (X11; Linux x86_64) AppleWebKit/537.36 (KHTML, like Gecko) Chrome/126.0.0.0 Safari/537.36"
162.158.129.140 - - [10/Jul/2024:16:51:29 +0000] "GET /aws/notifications?last_notification=1720630289.457103 HTTP/1.1" 200 121 "https://cms.bitlerbot.ir/aws/contest/3/users" "Mozilla/5.0 (X11; Linux x86_64) AppleWebKit/537.36 (KHTML, like Gecko) Chrome/126.0.0.0 Safari/537.36"
162.158.129.141 - - [10/Jul/2024:16:51:34 +0000] "GET /aws/contest/3/tasks HTTP/1.1" 200 1728 "https://cms.bitlerbot.ir/aws/contest/3/users" "Mozilla/5.0 (X11; Linux x86_64) AppleWebKit/537.36 (KHTML, like Gecko) Chrome/126.0.0.0 Safari/537.36"
162.158.129.141 - - [10/Jul/2024:16:51:34 +0000] "GET /aws/notifications?last_notification=1720630294.024018 HTTP/1.1" 200 2 "https://cms.bitlerbot.ir/aws/contest/3/tasks" "Mozilla/5.0 (X11; Linux x86_64) AppleWebKit/537.36 (KHTML, like Gecko) Chrome/126.0.0.0 Safari/537.36"
162.158.129.141 - - [10/Jul/2024:16:51:37 +0000] "POST /aws/contest/3/tasks/add HTTP/1.1" 302 0 "https://cms.bitlerbot.ir/aws/contest/3/tasks" "Mozilla/5.0 (X11; Linux x86_64) AppleWebKit/537.36 (KHTML, like Gecko) Chrome/126.0.0.0 Safari/537.36"
162.158.129.140 - - [10/Jul/2024:16:51:37 +0000] "GET /aws/contest/3/tasks HTTP/1.1" 200 1758 "https://cms.bitlerbot.ir/aws/contest/3/tasks" "Mozilla/5.0 (X11; Linux x86_64) AppleWebKit/537.36 (KHTML, like Gecko) Chrome/126.0.0.0 Safari/537.36"
162.158.129.141 - - [10/Jul/2024:16:51:38 +0000] "GET /aws/notifications?last_notification=1720630297.953679 HTTP/1.1" 200 122 "https://cms.bitlerbot.ir/aws/contest/3/tasks" "Mozilla/5.0 (X11; Linux x86_64) AppleWebKit/537.36 (KHTML, like Gecko) Chrome/126.0.0.0 Safari/537.36"
162.158.129.141 - - [10/Jul/2024:16:51:53 +0000] "GET /aws/notifications?last_notification=1720630297.953679 HTTP/1.1" 200 2 "https://cms.bitlerbot.ir/aws/contest/3/tasks" "Mozilla/5.0 (X11; Linux x86_64) AppleWebKit/537.36 (KHTML, like Gecko) Chrome/126.0.0.0 Safari/537.36"
162.158.129.141 - - [10/Jul/2024:16:51:56 +0000] "POST /test/login HTTP/1.1" 302 0 "https://cms.bitlerbot.ir/test" "Mozilla/5.0 (X11; Linux x86_64; rv:126.0) Gecko/20100101 Firefox/126.0"
162.158.129.140 - - [10/Jul/2024:16:51:56 +0000] "GET /test HTTP/1.1" 200 2486 "https://cms.bitlerbot.ir/test" "Mozilla/5.0 (X11; Linux x86_64; rv:126.0) Gecko/20100101 Firefox/126.0"
162.158.129.141 - - [10/Jul/2024:16:51:56 +0000] "GET /test/notifications HTTP/1.1" 200 2 "https://cms.bitlerbot.ir/test" "Mozilla/5.0 (X11; Linux x86_64; rv:126.0) Gecko/20100101 Firefox/126.0"
162.158.129.141 - - [10/Jul/2024:16:52:06 +0000] "GET /test/tasks/fib/description HTTP/1.1" 200 2618 "https://cms.bitlerbot.ir/test" "Mozilla/5.0 (X11; Linux x86_64; rv:126.0) Gecko/20100101 Firefox/126.0"
162.158.129.141 - - [10/Jul/2024:16:52:07 +0000] "GET /test/notifications HTTP/1.1" 200 2 "https://cms.bitlerbot.ir/test/tasks/fib/description" "Mozilla/5.0 (X11; Linux x86_64; rv:126.0) Gecko/20100101 Firefox/126.0"
162.158.129.140 - - [10/Jul/2024:16:52:08 +0000] "GET /aws/notifications?last_notification=1720630297.953679 HTTP/1.1" 200 2 "https://cms.bitlerbot.ir/aws/contest/3/tasks" "Mozilla/5.0 (X11; Linux x86_64) AppleWebKit/537.36 (KHTML, like Gecko) Chrome/126.0.0.0 Safari/537.36"
162.158.129.141 - - [10/Jul/2024:16:52:20 +0000] "GET /test/tasks/fib/submissions HTTP/1.1" 200 4374 "https://cms.bitlerbot.ir/test/tasks/fib/description" "Mozilla/5.0 (X11; Linux x86_64; rv:126.0) Gecko/20100101 Firefox/126.0"
162.158.129.141 - - [10/Jul/2024:16:52:20 +0000] "GET /test/notifications HTTP/1.1" 200 2 "https://cms.bitlerbot.ir/test/tasks/fib/submissions" "Mozilla/5.0 (X11; Linux x86_64; rv:126.0) Gecko/20100101 Firefox/126.0"
162.158.129.141 - - [10/Jul/2024:16:52:23 +0000] "GET /aws/notifications?last_notification=1720630297.953679 HTTP/1.1" 200 2 "https://cms.bitlerbot.ir/aws/contest/3/tasks" "Mozilla/5.0 (X11; Linux x86_64) AppleWebKit/537.36 (KHTML, like Gecko) Chrome/126.0.0.0 Safari/537.36"
162.158.129.140 - - [10/Jul/2024:16:52:38 +0000] "GET /aws/notifications?last_notification=1720630297.953679 HTTP/1.1" 200 2 "https://cms.bitlerbot.ir/aws/contest/3/tasks" "Mozilla/5.0 (X11; Linux x86_64) AppleWebKit/537.36 (KHTML, like Gecko) Chrome/126.0.0.0 Safari/537.36"
64.62.156.21 - - [10/Jul/2024:16:52:49 +0000] "SSH-2.0-Go" 400 157 "-" "-"
162.158.129.141 - - [10/Jul/2024:16:52:50 +0000] "GET /test/notifications HTTP/1.1" 200 2 "https://cms.bitlerbot.ir/test/tasks/fib/submissions" "Mozilla/5.0 (X11; Linux x86_64; rv:126.0) Gecko/20100101 Firefox/126.0"
162.158.129.141 - - [10/Jul/2024:16:52:53 +0000] "GET /aws/notifications?last_notification=1720630297.953679 HTTP/1.1" 200 2 "https://cms.bitlerbot.ir/aws/contest/3/tasks" "Mozilla/5.0 (X11; Linux x86_64) AppleWebKit/537.36 (KHTML, like Gecko) Chrome/126.0.0.0 Safari/537.36"
162.158.129.141 - - [10/Jul/2024:16:53:08 +0000] "GET /aws/notifications?last_notification=1720630297.953679 HTTP/1.1" 200 2 "https://cms.bitlerbot.ir/aws/contest/3/tasks" "Mozilla/5.0 (X11; Linux x86_64) AppleWebKit/537.36 (KHTML, like Gecko) Chrome/126.0.0.0 Safari/537.36"
162.158.129.140 - - [10/Jul/2024:16:53:18 +0000] "POST /test/tasks/fib/submit HTTP/1.1" 302 0 "https://cms.bitlerbot.ir/test/tasks/fib/submissions" "Mozilla/5.0 (X11; Linux x86_64; rv:126.0) Gecko/20100101 Firefox/126.0"
162.158.129.141 - - [10/Jul/2024:16:53:18 +0000] "GET /test/tasks/fib/submissions?submission_id=8GA8t9dHwwfuJT83ozCZmMn7KwNy7qJP8p1-ALtxmdA. HTTP/1.1" 200 4453 "https://cms.bitlerbot.ir/test/tasks/fib/submissions" "Mozilla/5.0 (X11; Linux x86_64; rv:126.0) Gecko/20100101 Firefox/126.0"
162.158.129.141 - - [10/Jul/2024:16:53:19 +0000] "GET /test/notifications HTTP/1.1" 200 170 "https://cms.bitlerbot.ir/test/tasks/fib/submissions?submission_id=8GA8t9dHwwfuJT83ozCZmMn7KwNy7qJP8p1-ALtxmdA." "Mozilla/5.0 (X11; Linux x86_64; rv:126.0) Gecko/20100101 Firefox/126.0"
188.114.102.165 - - [10/Jul/2024:16:53:19 +0000] "GET /static/loading.gif HTTP/1.1" 200 673 "https://cms.bitlerbot.ir/test/tasks/fib/submissions?submission_id=8GA8t9dHwwfuJT83ozCZmMn7KwNy7qJP8p1-ALtxmdA." "Mozilla/5.0 (X11; Linux x86_64; rv:126.0) Gecko/20100101 Firefox/126.0"
162.158.129.141 - - [10/Jul/2024:16:53:21 +0000] "GET /test/tasks/fib/submissions/1 HTTP/1.1" 200 69 "https://cms.bitlerbot.ir/test/tasks/fib/submissions?submission_id=8GA8t9dHwwfuJT83ozCZmMn7KwNy7qJP8p1-ALtxmdA." "Mozilla/5.0 (X11; Linux x86_64; rv:126.0) Gecko/20100101 Firefox/126.0"
162.158.129.140 - - [10/Jul/2024:16:53:23 +0000] "GET /aws/notifications?last_notification=1720630297.953679 HTTP/1.1" 200 2 "https://cms.bitlerbot.ir/aws/contest/3/tasks" "Mozilla/5.0 (X11; Linux x86_64) AppleWebKit/537.36 (KHTML, like Gecko) Chrome/126.0.0.0 Safari/537.36"
162.158.129.141 - - [10/Jul/2024:16:53:23 +0000] "GET /test/tasks/fib/submissions/1 HTTP/1.1" 200 142 "https://cms.bitlerbot.ir/test/tasks/fib/submissions?submission_id=8GA8t9dHwwfuJT83ozCZmMn7KwNy7qJP8p1-ALtxmdA." "Mozilla/5.0 (X11; Linux x86_64; rv:126.0) Gecko/20100101 Firefox/126.0"
162.158.129.141 - - [10/Jul/2024:16:53:27 +0000] "GET /test/tasks/fib/submissions?submission_id=8GA8t9dHwwfuJT83ozCZmMn7KwNy7qJP8p1-ALtxmdA. HTTP/1.1" 200 4454 "https://cms.bitlerbot.ir/test/tasks/fib/submissions" "Mozilla/5.0 (X11; Linux x86_64; rv:126.0) Gecko/20100101 Firefox/126.0"
162.158.129.141 - - [10/Jul/2024:16:53:27 +0000] "GET /test/notifications HTTP/1.1" 200 2 "https://cms.bitlerbot.ir/test/tasks/fib/submissions?submission_id=8GA8t9dHwwfuJT83ozCZmMn7KwNy7qJP8p1-ALtxmdA." "Mozilla/5.0 (X11; Linux x86_64; rv:126.0) Gecko/20100101 Firefox/126.0"
162.158.129.140 - - [10/Jul/2024:16:53:28 +0000] "GET /test/tasks/fib/submissions/1/details HTTP/1.1" 200 376 "https://cms.bitlerbot.ir/test/tasks/fib/submissions?submission_id=8GA8t9dHwwfuJT83ozCZmMn7KwNy7qJP8p1-ALtxmdA." "Mozilla/5.0 (X11; Linux x86_64; rv:126.0) Gecko/20100101 Firefox/126.0"
162.158.129.141 - - [10/Jul/2024:16:53:38 +0000] "GET /aws/notifications?last_notification=1720630297.953679 HTTP/1.1" 200 2 "https://cms.bitlerbot.ir/aws/contest/3/tasks" "Mozilla/5.0 (X11; Linux x86_64) AppleWebKit/537.36 (KHTML, like Gecko) Chrome/126.0.0.0 Safari/537.36"
162.158.129.141 - - [10/Jul/2024:16:53:53 +0000] "GET /aws/notifications?last_notification=1720630297.953679 HTTP/1.1" 200 2 "https://cms.bitlerbot.ir/aws/contest/3/tasks" "Mozilla/5.0 (X11; Linux x86_64) AppleWebKit/537.36 (KHTML, like Gecko) Chrome/126.0.0.0 Safari/537.36"
162.158.129.141 - - [10/Jul/2024:16:53:56 +0000] "GET /rws HTTP/1.1" 301 169 "-" "Mozilla/5.0 (X11; Linux x86_64; rv:126.0) Gecko/20100101 Firefox/126.0"
162.158.129.140 - - [10/Jul/2024:16:53:58 +0000] "GET /test/notifications HTTP/1.1" 200 2 "https://cms.bitlerbot.ir/test/tasks/fib/submissions?submission_id=8GA8t9dHwwfuJT83ozCZmMn7KwNy7qJP8p1-ALtxmdA." "Mozilla/5.0 (X11; Linux x86_64; rv:126.0) Gecko/20100101 Firefox/126.0"
162.158.129.141 - - [10/Jul/2024:16:54:03 +0000] "GET /rws/ HTTP/1.1" 200 1281 "-" "Mozilla/5.0 (X11; Linux x86_64; rv:126.0) Gecko/20100101 Firefox/126.0"
162.158.129.141 - - [10/Jul/2024:16:54:05 +0000] "GET /rws/logo HTTP/1.1" 200 11250 "https://cms.bitlerbot.ir/rws/" "Mozilla/5.0 (X11; Linux x86_64; rv:126.0) Gecko/20100101 Firefox/126.0"
172.70.251.140 - - [10/Jul/2024:16:54:05 +0000] "GET /rws/img/tick_black.png HTTP/1.1" 200 413 "-" "Mozilla/5.0 (X11; Linux x86_64; rv:126.0) Gecko/20100101 Firefox/126.0"
172.70.250.48 - - [10/Jul/2024:16:54:05 +0000] "GET /rws/img/tick_white.png HTTP/1.1" 200 413 "-" "Mozilla/5.0 (X11; Linux x86_64; rv:126.0) Gecko/20100101 Firefox/126.0"
162.158.129.141 - - [10/Jul/2024:16:54:05 +0000] "GET /rws/teams/ HTTP/1.1" 200 2 "https://cms.bitlerbot.ir/rws/" "Mozilla/5.0 (X11; Linux x86_64; rv:126.0) Gecko/20100101 Firefox/126.0"
162.158.129.140 - - [10/Jul/2024:16:54:05 +0000] "GET /rws/contests/ HTTP/1.1" 200 139 "https://cms.bitlerbot.ir/rws/" "Mozilla/5.0 (X11; Linux x86_64; rv:126.0) Gecko/20100101 Firefox/126.0"
162.158.129.141 - - [10/Jul/2024:16:54:05 +0000] "GET /rws/users/ HTTP/1.1" 200 120 "https://cms.bitlerbot.ir/rws/" "Mozilla/5.0 (X11; Linux x86_64; rv:126.0) Gecko/20100101 Firefox/126.0"
162.158.129.141 - - [10/Jul/2024:16:54:05 +0000] "GET /rws/tasks/ HTTP/1.1" 200 166 "https://cms.bitlerbot.ir/rws/" "Mozilla/5.0 (X11; Linux x86_64; rv:126.0) Gecko/20100101 Firefox/126.0"
162.158.129.141 - - [10/Jul/2024:16:54:06 +0000] "GET /rws/scores HTTP/1.1" 200 77 "https://cms.bitlerbot.ir/rws/" "Mozilla/5.0 (X11; Linux x86_64; rv:126.0) Gecko/20100101 Firefox/126.0"
162.158.129.141 - - [10/Jul/2024:16:54:08 +0000] "GET /aws/notifications?last_notification=1720630297.953679 HTTP/1.1" 200 2 "https://cms.bitlerbot.ir/aws/contest/3/tasks" "Mozilla/5.0 (X11; Linux x86_64) AppleWebKit/537.36 (KHTML, like Gecko) Chrome/126.0.0.0 Safari/537.36"
162.158.129.141 - - [10/Jul/2024:16:54:23 +0000] "GET /aws/notifications?last_notification=1720630297.953679 HTTP/1.1" 200 2 "https://cms.bitlerbot.ir/aws/contest/3/tasks" "Mozilla/5.0 (X11; Linux x86_64) AppleWebKit/537.36 (KHTML, like Gecko) Chrome/126.0.0.0 Safari/537.36"
162.158.129.141 - - [10/Jul/2024:16:54:28 +0000] "GET /test/notifications HTTP/1.1" 200 2 "https://cms.bitlerbot.ir/test/tasks/fib/submissions?submission_id=8GA8t9dHwwfuJT83ozCZmMn7KwNy7qJP8p1-ALtxmdA." "Mozilla/5.0 (X11; Linux x86_64; rv:126.0) Gecko/20100101 Firefox/126.0"
162.158.129.141 - - [10/Jul/2024:16:54:38 +0000] "GET /aws/notifications?last_notification=1720630297.953679 HTTP/1.1" 200 2 "https://cms.bitlerbot.ir/aws/contest/3/tasks" "Mozilla/5.0 (X11; Linux x86_64) AppleWebKit/537.36 (KHTML, like Gecko) Chrome/126.0.0.0 Safari/537.36"
162.158.129.141 - - [10/Jul/2024:16:54:53 +0000] "GET /aws/notifications?last_notification=1720630297.953679 HTTP/1.1" 200 2 "https://cms.bitlerbot.ir/aws/contest/3/tasks" "Mozilla/5.0 (X11; Linux x86_64) AppleWebKit/537.36 (KHTML, like Gecko) Chrome/126.0.0.0 Safari/537.36"
162.158.129.141 - - [10/Jul/2024:16:54:58 +0000] "GET /test/notifications HTTP/1.1" 200 2 "https://cms.bitlerbot.ir/test/tasks/fib/submissions?submission_id=8GA8t9dHwwfuJT83ozCZmMn7KwNy7qJP8p1-ALtxmdA." "Mozilla/5.0 (X11; Linux x86_64; rv:126.0) Gecko/20100101 Firefox/126.0"
162.158.129.141 - - [10/Jul/2024:16:55:08 +0000] "GET /aws/notifications?last_notification=1720630297.953679 HTTP/1.1" 200 2 "https://cms.bitlerbot.ir/aws/contest/3/tasks" "Mozilla/5.0 (X11; Linux x86_64) AppleWebKit/537.36 (KHTML, like Gecko) Chrome/126.0.0.0 Safari/537.36"
162.158.129.141 - - [10/Jul/2024:16:55:23 +0000] "GET /aws/notifications?last_notification=1720630297.953679 HTTP/1.1" 200 2 "https://cms.bitlerbot.ir/aws/contest/3/tasks" "Mozilla/5.0 (X11; Linux x86_64) AppleWebKit/537.36 (KHTML, like Gecko) Chrome/126.0.0.0 Safari/537.36"
162.158.129.141 - - [10/Jul/2024:16:55:28 +0000] "GET /test/notifications HTTP/1.1" 200 2 "https://cms.bitlerbot.ir/test/tasks/fib/submissions?submission_id=8GA8t9dHwwfuJT83ozCZmMn7KwNy7qJP8p1-ALtxmdA." "Mozilla/5.0 (X11; Linux x86_64; rv:126.0) Gecko/20100101 Firefox/126.0"
162.158.129.141 - - [10/Jul/2024:16:55:38 +0000] "GET /aws/notifications?last_notification=1720630297.953679 HTTP/1.1" 200 2 "https://cms.bitlerbot.ir/aws/contest/3/tasks" "Mozilla/5.0 (X11; Linux x86_64) AppleWebKit/537.36 (KHTML, like Gecko) Chrome/126.0.0.0 Safari/537.36"
162.158.129.141 - - [10/Jul/2024:16:55:53 +0000] "GET /aws/notifications?last_notification=1720630297.953679 HTTP/1.1" 200 2 "https://cms.bitlerbot.ir/aws/contest/3/tasks" "Mozilla/5.0 (X11; Linux x86_64) AppleWebKit/537.36 (KHTML, like Gecko) Chrome/126.0.0.0 Safari/537.36"
162.158.129.141 - - [10/Jul/2024:16:55:58 +0000] "GET /test/notifications HTTP/1.1" 200 2 "https://cms.bitlerbot.ir/test/tasks/fib/submissions?submission_id=8GA8t9dHwwfuJT83ozCZmMn7KwNy7qJP8p1-ALtxmdA." "Mozilla/5.0 (X11; Linux x86_64; rv:126.0) Gecko/20100101 Firefox/126.0"
162.158.129.141 - - [10/Jul/2024:16:56:08 +0000] "GET /aws/notifications?last_notification=1720630297.953679 HTTP/1.1" 200 2 "https://cms.bitlerbot.ir/aws/contest/3/tasks" "Mozilla/5.0 (X11; Linux x86_64) AppleWebKit/537.36 (KHTML, like Gecko) Chrome/126.0.0.0 Safari/537.36"
162.158.129.141 - - [10/Jul/2024:16:56:23 +0000] "GET /aws/notifications?last_notification=1720630297.953679 HTTP/1.1" 200 2 "https://cms.bitlerbot.ir/aws/contest/3/tasks" "Mozilla/5.0 (X11; Linux x86_64) AppleWebKit/537.36 (KHTML, like Gecko) Chrome/126.0.0.0 Safari/537.36"
162.158.129.141 - - [10/Jul/2024:16:56:28 +0000] "GET /test/notifications HTTP/1.1" 200 2 "https://cms.bitlerbot.ir/test/tasks/fib/submissions?submission_id=8GA8t9dHwwfuJT83ozCZmMn7KwNy7qJP8p1-ALtxmdA." "Mozilla/5.0 (X11; Linux x86_64; rv:126.0) Gecko/20100101 Firefox/126.0"
162.158.129.141 - - [10/Jul/2024:16:56:38 +0000] "GET /aws/notifications?last_notification=1720630297.953679 HTTP/1.1" 200 2 "https://cms.bitlerbot.ir/aws/contest/3/tasks" "Mozilla/5.0 (X11; Linux x86_64) AppleWebKit/537.36 (KHTML, like Gecko) Chrome/126.0.0.0 Safari/537.36"
162.158.129.141 - - [10/Jul/2024:16:56:47 +0000] "GET /aws/contest/3/user_tests HTTP/1.1" 200 1510 "https://cms.bitlerbot.ir/aws/contest/3/tasks" "Mozilla/5.0 (X11; Linux x86_64) AppleWebKit/537.36 (KHTML, like Gecko) Chrome/126.0.0.0 Safari/537.36"
162.158.129.141 - - [10/Jul/2024:16:56:48 +0000] "GET /aws/notifications?last_notification=1720630607.625345 HTTP/1.1" 200 2 "https://cms.bitlerbot.ir/aws/contest/3/user_tests" "Mozilla/5.0 (X11; Linux x86_64) AppleWebKit/537.36 (KHTML, like Gecko) Chrome/126.0.0.0 Safari/537.36"
162.158.129.141 - - [10/Jul/2024:16:56:49 +0000] "GET /aws/contest/3/users HTTP/1.1" 200 1755 "https://cms.bitlerbot.ir/aws/contest/3/user_tests" "Mozilla/5.0 (X11; Linux x86_64) AppleWebKit/537.36 (KHTML, like Gecko) Chrome/126.0.0.0 Safari/537.36"
162.158.129.141 - - [10/Jul/2024:16:56:50 +0000] "GET /aws/notifications?last_notification=1720630609.762533 HTTP/1.1" 200 2 "https://cms.bitlerbot.ir/aws/contest/3/users" "Mozilla/5.0 (X11; Linux x86_64) AppleWebKit/537.36 (KHTML, like Gecko) Chrome/126.0.0.0 Safari/537.36"
162.158.129.141 - - [10/Jul/2024:16:56:53 +0000] "GET /aws/contest/3/submissions HTTP/1.1" 200 2296 "https://cms.bitlerbot.ir/aws/contest/3/users" "Mozilla/5.0 (X11; Linux x86_64) AppleWebKit/537.36 (KHTML, like Gecko) Chrome/126.0.0.0 Safari/537.36"
162.158.129.141 - - [10/Jul/2024:16:56:53 +0000] "GET /aws/notifications?last_notification=1720630612.972451 HTTP/1.1" 200 2 "https://cms.bitlerbot.ir/aws/contest/3/submissions" "Mozilla/5.0 (X11; Linux x86_64) AppleWebKit/537.36 (KHTML, like Gecko) Chrome/126.0.0.0 Safari/537.36"
162.158.129.141 - - [10/Jul/2024:16:56:58 +0000] "GET /test/notifications HTTP/1.1" 200 2 "https://cms.bitlerbot.ir/test/tasks/fib/submissions?submission_id=8GA8t9dHwwfuJT83ozCZmMn7KwNy7qJP8p1-ALtxmdA." "Mozilla/5.0 (X11; Linux x86_64; rv:126.0) Gecko/20100101 Firefox/126.0"
162.158.129.141 - - [10/Jul/2024:16:57:00 +0000] "GET /aws/contest/3 HTTP/1.1" 200 3973 "https://cms.bitlerbot.ir/aws/contest/3/submissions" "Mozilla/5.0 (X11; Linux x86_64) AppleWebKit/537.36 (KHTML, like Gecko) Chrome/126.0.0.0 Safari/537.36"
162.158.129.141 - - [10/Jul/2024:16:57:01 +0000] "GET /aws/notifications?last_notification=1720630620.758488 HTTP/1.1" 200 2 "https://cms.bitlerbot.ir/aws/contest/3" "Mozilla/5.0 (X11; Linux x86_64) AppleWebKit/537.36 (KHTML, like Gecko) Chrome/126.0.0.0 Safari/537.36"
162.158.129.141 - - [10/Jul/2024:16:57:16 +0000] "GET /aws/notifications?last_notification=1720630620.758488 HTTP/1.1" 200 2 "https://cms.bitlerbot.ir/aws/contest/3" "Mozilla/5.0 (X11; Linux x86_64) AppleWebKit/537.36 (KHTML, like Gecko) Chrome/126.0.0.0 Safari/537.36"
162.158.129.141 - - [10/Jul/2024:16:57:29 +0000] "GET /test/notifications HTTP/1.1" 200 2 "https://cms.bitlerbot.ir/test/tasks/fib/submissions?submission_id=8GA8t9dHwwfuJT83ozCZmMn7KwNy7qJP8p1-ALtxmdA." "Mozilla/5.0 (X11; Linux x86_64; rv:126.0) Gecko/20100101 Firefox/126.0"
162.158.129.141 - - [10/Jul/2024:16:57:31 +0000] "GET /aws/notifications?last_notification=1720630620.758488 HTTP/1.1" 200 2 "https://cms.bitlerbot.ir/aws/contest/3" "Mozilla/5.0 (X11; Linux x86_64) AppleWebKit/537.36 (KHTML, like Gecko) Chrome/126.0.0.0 Safari/537.36"
162.158.129.141 - - [10/Jul/2024:16:57:46 +0000] "GET /aws/notifications?last_notification=1720630620.758488 HTTP/1.1" 200 2 "https://cms.bitlerbot.ir/aws/contest/3" "Mozilla/5.0 (X11; Linux x86_64) AppleWebKit/537.36 (KHTML, like Gecko) Chrome/126.0.0.0 Safari/537.36"
162.158.129.141 - - [10/Jul/2024:16:57:49 +0000] "GET /aws/contest/3/tasks HTTP/1.1" 200 1757 "https://cms.bitlerbot.ir/aws/contest/3" "Mozilla/5.0 (X11; Linux x86_64) AppleWebKit/537.36 (KHTML, like Gecko) Chrome/126.0.0.0 Safari/537.36"
162.158.129.141 - - [10/Jul/2024:16:57:49 +0000] "GET /aws/notifications?last_notification=1720630669.133441 HTTP/1.1" 200 2 "https://cms.bitlerbot.ir/aws/contest/3/tasks" "Mozilla/5.0 (X11; Linux x86_64) AppleWebKit/537.36 (KHTML, like Gecko) Chrome/126.0.0.0 Safari/537.36"
162.158.129.141 - - [10/Jul/2024:16:57:50 +0000] "GET /aws/task/2 HTTP/1.1" 200 5094 "https://cms.bitlerbot.ir/aws/contest/3/tasks" "Mozilla/5.0 (X11; Linux x86_64) AppleWebKit/537.36 (KHTML, like Gecko) Chrome/126.0.0.0 Safari/537.36"
162.158.129.141 - - [10/Jul/2024:16:57:51 +0000] "GET /aws/notifications?last_notification=1720630670.859986 HTTP/1.1" 200 2 "https://cms.bitlerbot.ir/aws/task/2" "Mozilla/5.0 (X11; Linux x86_64) AppleWebKit/537.36 (KHTML, like Gecko) Chrome/126.0.0.0 Safari/537.36"
162.158.129.141 - - [10/Jul/2024:16:57:58 +0000] "GET /test/notifications HTTP/1.1" 200 2 "https://cms.bitlerbot.ir/test/tasks/fib/submissions?submission_id=8GA8t9dHwwfuJT83ozCZmMn7KwNy7qJP8p1-ALtxmdA." "Mozilla/5.0 (X11; Linux x86_64; rv:126.0) Gecko/20100101 Firefox/126.0"
162.158.129.141 - - [10/Jul/2024:16:58:03 +0000] "POST /aws/task/2 HTTP/1.1" 302 0 "https://cms.bitlerbot.ir/aws/task/2" "Mozilla/5.0 (X11; Linux x86_64) AppleWebKit/537.36 (KHTML, like Gecko) Chrome/126.0.0.0 Safari/537.36"
162.158.129.141 - - [10/Jul/2024:16:58:04 +0000] "GET /aws/task/2 HTTP/1.1" 200 5093 "https://cms.bitlerbot.ir/aws/task/2" "Mozilla/5.0 (X11; Linux x86_64) AppleWebKit/537.36 (KHTML, like Gecko) Chrome/126.0.0.0 Safari/537.36"
162.158.129.141 - - [10/Jul/2024:16:58:04 +0000] "GET /rws/contests/test HTTP/1.1" 200 124 "https://cms.bitlerbot.ir/rws/" "Mozilla/5.0 (X11; Linux x86_64; rv:126.0) Gecko/20100101 Firefox/126.0"
162.158.129.141 - - [10/Jul/2024:16:58:04 +0000] "GET /rws/tasks/fib HTTP/1.1" 200 161 "https://cms.bitlerbot.ir/rws/" "Mozilla/5.0 (X11; Linux x86_64; rv:126.0) Gecko/20100101 Firefox/126.0"
162.158.129.141 - - [10/Jul/2024:16:58:04 +0000] "GET /aws/notifications?last_notification=1720630684.066449 HTTP/1.1" 200 123 "https://cms.bitlerbot.ir/aws/task/2" "Mozilla/5.0 (X11; Linux x86_64) AppleWebKit/537.36 (KHTML, like Gecko) Chrome/126.0.0.0 Safari/537.36"
162.158.129.141 - - [10/Jul/2024:16:58:05 +0000] "GET /rws/users/testme HTTP/1.1" 200 89 "https://cms.bitlerbot.ir/rws/" "Mozilla/5.0 (X11; Linux x86_64; rv:126.0) Gecko/20100101 Firefox/126.0"
162.158.129.141 - - [10/Jul/2024:16:58:05 +0000] "GET /rws/users/sinasahabi HTTP/1.1" 200 93 "https://cms.bitlerbot.ir/rws/" "Mozilla/5.0 (X11; Linux x86_64; rv:126.0) Gecko/20100101 Firefox/126.0"
162.158.129.141 - - [10/Jul/2024:16:58:11 +0000] "GET /test/tasks/fib/submissions?submission_id=8GA8t9dHwwfuJT83ozCZmMn7KwNy7qJP8p1-ALtxmdA. HTTP/1.1" 200 4452 "https://cms.bitlerbot.ir/test/tasks/fib/submissions" "Mozilla/5.0 (X11; Linux x86_64; rv:126.0) Gecko/20100101 Firefox/126.0"
162.158.129.141 - - [10/Jul/2024:16:58:11 +0000] "GET /test/notifications HTTP/1.1" 200 2 "https://cms.bitlerbot.ir/test/tasks/fib/submissions?submission_id=8GA8t9dHwwfuJT83ozCZmMn7KwNy7qJP8p1-ALtxmdA." "Mozilla/5.0 (X11; Linux x86_64; rv:126.0) Gecko/20100101 Firefox/126.0"
172.71.103.117 - - [10/Jul/2024:16:58:14 +0000] "GET /test/tasks/fib/submissions?submission_id=8GA8t9dHwwfuJT83ozCZmMn7KwNy7qJP8p1-ALtxmdA. HTTP/1.1" 200 4453 "https://cms.bitlerbot.ir/test/tasks/fib/submissions" "Mozilla/5.0 (X11; Linux x86_64; rv:126.0) Gecko/20100101 Firefox/126.0"
172.71.103.79 - - [10/Jul/2024:16:58:14 +0000] "GET /static/jq/jquery-3.6.0.min.js HTTP/1.1" 200 89501 "https://cms.bitlerbot.ir/test/tasks/fib/submissions?submission_id=8GA8t9dHwwfuJT83ozCZmMn7KwNy7qJP8p1-ALtxmdA." "Mozilla/5.0 (X11; Linux x86_64; rv:126.0) Gecko/20100101 Firefox/126.0"
172.70.47.6 - - [10/Jul/2024:16:58:14 +0000] "GET /static/jq/jquery-migrate-3.3.2.min.js HTTP/1.1" 200 11224 "https://cms.bitlerbot.ir/test/tasks/fib/submissions?submission_id=8GA8t9dHwwfuJT83ozCZmMn7KwNy7qJP8p1-ALtxmdA." "Mozilla/5.0 (X11; Linux x86_64; rv:126.0) Gecko/20100101 Firefox/126.0"
141.101.76.79 - - [10/Jul/2024:16:58:14 +0000] "GET /static/css/bootstrap.css HTTP/1.1" 200 16096 "https://cms.bitlerbot.ir/test/tasks/fib/submissions?submission_id=8GA8t9dHwwfuJT83ozCZmMn7KwNy7qJP8p1-ALtxmdA." "Mozilla/5.0 (X11; Linux x86_64; rv:126.0) Gecko/20100101 Firefox/126.0"
172.71.99.40 - - [10/Jul/2024:16:58:14 +0000] "GET /static/cws_style.css HTTP/1.1" 200 4011 "https://cms.bitlerbot.ir/test/tasks/fib/submissions?submission_id=8GA8t9dHwwfuJT83ozCZmMn7KwNy7qJP8p1-ALtxmdA." "Mozilla/5.0 (X11; Linux x86_64; rv:126.0) Gecko/20100101 Firefox/126.0"
172.71.99.57 - - [10/Jul/2024:16:58:14 +0000] "GET /static/cws_utils.js HTTP/1.1" 200 13670 "https://cms.bitlerbot.ir/test/tasks/fib/submissions?submission_id=8GA8t9dHwwfuJT83ozCZmMn7KwNy7qJP8p1-ALtxmdA." "Mozilla/5.0 (X11; Linux x86_64; rv:126.0) Gecko/20100101 Firefox/126.0"
172.71.94.237 - - [10/Jul/2024:16:58:14 +0000] "GET /static/js/bootstrap.js HTTP/1.1" 200 22455 "https://cms.bitlerbot.ir/test/tasks/fib/submissions?submission_id=8GA8t9dHwwfuJT83ozCZmMn7KwNy7qJP8p1-ALtxmdA." "Mozilla/5.0 (X11; Linux x86_64; rv:126.0) Gecko/20100101 Firefox/126.0"
172.71.103.117 - - [10/Jul/2024:16:58:15 +0000] "GET /test/notifications HTTP/1.1" 200 2 "https://cms.bitlerbot.ir/test/tasks/fib/submissions?submission_id=8GA8t9dHwwfuJT83ozCZmMn7KwNy7qJP8p1-ALtxmdA." "Mozilla/5.0 (X11; Linux x86_64; rv:126.0) Gecko/20100101 Firefox/126.0"
172.71.183.166 - - [10/Jul/2024:16:58:15 +0000] "GET /static/favicon.ico HTTP/1.1" 200 16958 "https://cms.bitlerbot.ir/test/tasks/fib/submissions?submission_id=8GA8t9dHwwfuJT83ozCZmMn7KwNy7qJP8p1-ALtxmdA." "Mozilla/5.0 (X11; Linux x86_64; rv:126.0) Gecko/20100101 Firefox/126.0"
172.71.99.213 - - [10/Jul/2024:16:58:16 +0000] "GET /static/loading.gif HTTP/1.1" 200 673 "https://cms.bitlerbot.ir/test/tasks/fib/submissions?submission_id=8GA8t9dHwwfuJT83ozCZmMn7KwNy7qJP8p1-ALtxmdA." "Mozilla/5.0 (X11; Linux x86_64; rv:126.0) Gecko/20100101 Firefox/126.0"
172.71.103.117 - - [10/Jul/2024:16:58:16 +0000] "GET /test/tasks/fib/submissions/1/details HTTP/1.1" 200 405 "https://cms.bitlerbot.ir/test/tasks/fib/submissions?submission_id=8GA8t9dHwwfuJT83ozCZmMn7KwNy7qJP8p1-ALtxmdA." "Mozilla/5.0 (X11; Linux x86_64; rv:126.0) Gecko/20100101 Firefox/126.0"
162.158.129.141 - - [10/Jul/2024:16:58:19 +0000] "GET /aws/notifications?last_notification=1720630684.066449 HTTP/1.1" 200 2 "https://cms.bitlerbot.ir/aws/task/2" "Mozilla/5.0 (X11; Linux x86_64) AppleWebKit/537.36 (KHTML, like Gecko) Chrome/126.0.0.0 Safari/537.36"
172.71.103.117 - - [10/Jul/2024:16:58:29 +0000] "POST /test/tasks/fib/submit HTTP/1.1" 302 0 "https://cms.bitlerbot.ir/test/tasks/fib/submissions?submission_id=8GA8t9dHwwfuJT83ozCZmMn7KwNy7qJP8p1-ALtxmdA." "Mozilla/5.0 (X11; Linux x86_64; rv:126.0) Gecko/20100101 Firefox/126.0"
172.71.103.117 - - [10/Jul/2024:16:58:30 +0000] "GET /test/tasks/fib/submissions?submission_id=BzkO2_QsFKvYBH2xCsePVgpCCd1L7e9nAWSG8956KFM. HTTP/1.1" 200 4492 "https://cms.bitlerbot.ir/test/tasks/fib/submissions?submission_id=8GA8t9dHwwfuJT83ozCZmMn7KwNy7qJP8p1-ALtxmdA." "Mozilla/5.0 (X11; Linux x86_64; rv:126.0) Gecko/20100101 Firefox/126.0"
172.71.103.117 - - [10/Jul/2024:16:58:30 +0000] "GET /test/notifications HTTP/1.1" 200 169 "https://cms.bitlerbot.ir/test/tasks/fib/submissions?submission_id=BzkO2_QsFKvYBH2xCsePVgpCCd1L7e9nAWSG8956KFM." "Mozilla/5.0 (X11; Linux x86_64; rv:126.0) Gecko/20100101 Firefox/126.0"
172.71.103.117 - - [10/Jul/2024:16:58:32 +0000] "GET /test/tasks/fib/submissions/2 HTTP/1.1" 200 68 "https://cms.bitlerbot.ir/test/tasks/fib/submissions?submission_id=BzkO2_QsFKvYBH2xCsePVgpCCd1L7e9nAWSG8956KFM." "Mozilla/5.0 (X11; Linux x86_64; rv:126.0) Gecko/20100101 Firefox/126.0"
172.71.103.117 - - [10/Jul/2024:16:58:34 +0000] "GET /test/tasks/fib/submissions/2 HTTP/1.1" 200 69 "https://cms.bitlerbot.ir/test/tasks/fib/submissions?submission_id=BzkO2_QsFKvYBH2xCsePVgpCCd1L7e9nAWSG8956KFM." "Mozilla/5.0 (X11; Linux x86_64; rv:126.0) Gecko/20100101 Firefox/126.0"
162.158.129.141 - - [10/Jul/2024:16:58:34 +0000] "GET /aws/notifications?last_notification=1720630684.066449 HTTP/1.1" 200 2 "https://cms.bitlerbot.ir/aws/task/2" "Mozilla/5.0 (X11; Linux x86_64) AppleWebKit/537.36 (KHTML, like Gecko) Chrome/126.0.0.0 Safari/537.36"
172.71.103.117 - - [10/Jul/2024:16:58:36 +0000] "GET /test/tasks/fib/submissions/2 HTTP/1.1" 200 142 "https://cms.bitlerbot.ir/test/tasks/fib/submissions?submission_id=BzkO2_QsFKvYBH2xCsePVgpCCd1L7e9nAWSG8956KFM." "Mozilla/5.0 (X11; Linux x86_64; rv:126.0) Gecko/20100101 Firefox/126.0"
172.71.103.117 - - [10/Jul/2024:16:58:40 +0000] "GET /test/tasks/fib/submissions/2/details HTTP/1.1" 200 405 "https://cms.bitlerbot.ir/test/tasks/fib/submissions?submission_id=BzkO2_QsFKvYBH2xCsePVgpCCd1L7e9nAWSG8956KFM." "Mozilla/5.0 (X11; Linux x86_64; rv:126.0) Gecko/20100101 Firefox/126.0"
162.158.129.141 - - [10/Jul/2024:16:58:49 +0000] "GET /aws/notifications?last_notification=1720630684.066449 HTTP/1.1" 200 2 "https://cms.bitlerbot.ir/aws/task/2" "Mozilla/5.0 (X11; Linux x86_64) AppleWebKit/537.36 (KHTML, like Gecko) Chrome/126.0.0.0 Safari/537.36"
172.71.103.117 - - [10/Jul/2024:16:59:01 +0000] "GET /test/notifications HTTP/1.1" 200 2 "https://cms.bitlerbot.ir/test/tasks/fib/submissions?submission_id=BzkO2_QsFKvYBH2xCsePVgpCCd1L7e9nAWSG8956KFM." "Mozilla/5.0 (X11; Linux x86_64; rv:126.0) Gecko/20100101 Firefox/126.0"
162.158.129.141 - - [10/Jul/2024:16:59:04 +0000] "GET /aws/notifications?last_notification=1720630684.066449 HTTP/1.1" 200 2 "https://cms.bitlerbot.ir/aws/task/2" "Mozilla/5.0 (X11; Linux x86_64) AppleWebKit/537.36 (KHTML, like Gecko) Chrome/126.0.0.0 Safari/537.36"
162.158.129.141 - - [10/Jul/2024:16:59:10 +0000] "GET /aws/dataset/1 HTTP/1.1" 200 2455 "https://cms.bitlerbot.ir/aws/task/2" "Mozilla/5.0 (X11; Linux x86_64) AppleWebKit/537.36 (KHTML, like Gecko) Chrome/126.0.0.0 Safari/537.36"
162.158.129.141 - - [10/Jul/2024:16:59:10 +0000] "GET /aws/notifications?last_notification=1720630750.408532 HTTP/1.1" 200 2 "https://cms.bitlerbot.ir/aws/dataset/1" "Mozilla/5.0 (X11; Linux x86_64) AppleWebKit/537.36 (KHTML, like Gecko) Chrome/126.0.0.0 Safari/537.36"
162.158.129.141 - - [10/Jul/2024:16:59:26 +0000] "GET /aws/notifications?last_notification=1720630750.408532 HTTP/1.1" 200 2 "https://cms.bitlerbot.ir/aws/dataset/1" "Mozilla/5.0 (X11; Linux x86_64) AppleWebKit/537.36 (KHTML, like Gecko) Chrome/126.0.0.0 Safari/537.36"
162.158.129.141 - - [10/Jul/2024:16:59:26 +0000] "GET /aws/contest/3/ranking HTTP/1.1" 200 1720 "https://cms.bitlerbot.ir/aws/dataset/1" "Mozilla/5.0 (X11; Linux x86_64) AppleWebKit/537.36 (KHTML, like Gecko) Chrome/126.0.0.0 Safari/537.36"
162.158.129.141 - - [10/Jul/2024:16:59:27 +0000] "GET /aws/notifications?last_notification=1720630766.795785 HTTP/1.1" 200 2 "https://cms.bitlerbot.ir/aws/contest/3/ranking" "Mozilla/5.0 (X11; Linux x86_64) AppleWebKit/537.36 (KHTML, like Gecko) Chrome/126.0.0.0 Safari/537.36"
162.158.129.141 - - [10/Jul/2024:16:59:29 +0000] "GET /aws/contest/3/submissions HTTP/1.1" 200 2378 "https://cms.bitlerbot.ir/aws/contest/3/ranking" "Mozilla/5.0 (X11; Linux x86_64) AppleWebKit/537.36 (KHTML, like Gecko) Chrome/126.0.0.0 Safari/537.36"
162.158.129.141 - - [10/Jul/2024:16:59:30 +0000] "GET /aws/notifications?last_notification=1720630769.319844 HTTP/1.1" 200 2 "https://cms.bitlerbot.ir/aws/contest/3/submissions" "Mozilla/5.0 (X11; Linux x86_64) AppleWebKit/537.36 (KHTML, like Gecko) Chrome/126.0.0.0 Safari/537.36"
172.71.103.117 - - [10/Jul/2024:16:59:31 +0000] "GET /test/notifications HTTP/1.1" 200 2 "https://cms.bitlerbot.ir/test/tasks/fib/submissions?submission_id=BzkO2_QsFKvYBH2xCsePVgpCCd1L7e9nAWSG8956KFM." "Mozilla/5.0 (X11; Linux x86_64; rv:126.0) Gecko/20100101 Firefox/126.0"
162.158.129.141 - - [10/Jul/2024:16:59:35 +0000] "GET /aws/contest/3/user_tests HTTP/1.1" 200 1511 "https://cms.bitlerbot.ir/aws/contest/3/submissions" "Mozilla/5.0 (X11; Linux x86_64) AppleWebKit/537.36 (KHTML, like Gecko) Chrome/126.0.0.0 Safari/537.36"
162.158.129.141 - - [10/Jul/2024:16:59:35 +0000] "GET /aws/notifications?last_notification=1720630775.235538 HTTP/1.1" 200 2 "https://cms.bitlerbot.ir/aws/contest/3/user_tests" "Mozilla/5.0 (X11; Linux x86_64) AppleWebKit/537.36 (KHTML, like Gecko) Chrome/126.0.0.0 Safari/537.36"
162.158.129.141 - - [10/Jul/2024:16:59:38 +0000] "GET /aws/contest/3/tasks HTTP/1.1" 200 1756 "https://cms.bitlerbot.ir/aws/contest/3/user_tests" "Mozilla/5.0 (X11; Linux x86_64) AppleWebKit/537.36 (KHTML, like Gecko) Chrome/126.0.0.0 Safari/537.36"
162.158.129.141 - - [10/Jul/2024:16:59:38 +0000] "GET /aws/notifications?last_notification=1720630778.347588 HTTP/1.1" 200 2 "https://cms.bitlerbot.ir/aws/contest/3/tasks" "Mozilla/5.0 (X11; Linux x86_64) AppleWebKit/537.36 (KHTML, like Gecko) Chrome/126.0.0.0 Safari/537.36"
162.158.129.141 - - [10/Jul/2024:16:59:42 +0000] "GET /aws/task/2 HTTP/1.1" 200 5093 "https://cms.bitlerbot.ir/aws/contest/3/tasks" "Mozilla/5.0 (X11; Linux x86_64) AppleWebKit/537.36 (KHTML, like Gecko) Chrome/126.0.0.0 Safari/537.36"
162.158.129.141 - - [10/Jul/2024:16:59:43 +0000] "GET /aws/notifications?last_notification=1720630782.891381 HTTP/1.1" 200 2 "https://cms.bitlerbot.ir/aws/task/2" "Mozilla/5.0 (X11; Linux x86_64) AppleWebKit/537.36 (KHTML, like Gecko) Chrome/126.0.0.0 Safari/537.36"
162.158.129.141 - - [10/Jul/2024:16:59:48 +0000] "GET /aws/contest/3 HTTP/1.1" 200 3975 "https://cms.bitlerbot.ir/aws/task/2" "Mozilla/5.0 (X11; Linux x86_64) AppleWebKit/537.36 (KHTML, like Gecko) Chrome/126.0.0.0 Safari/537.36"
162.158.129.141 - - [10/Jul/2024:16:59:48 +0000] "GET /aws/notifications?last_notification=1720630788.416488 HTTP/1.1" 200 2 "https://cms.bitlerbot.ir/aws/contest/3" "Mozilla/5.0 (X11; Linux x86_64) AppleWebKit/537.36 (KHTML, like Gecko) Chrome/126.0.0.0 Safari/537.36"
172.71.103.117 - - [10/Jul/2024:17:00:01 +0000] "GET /test/notifications HTTP/1.1" 200 2 "https://cms.bitlerbot.ir/test/tasks/fib/submissions?submission_id=BzkO2_QsFKvYBH2xCsePVgpCCd1L7e9nAWSG8956KFM." "Mozilla/5.0 (X11; Linux x86_64; rv:126.0) Gecko/20100101 Firefox/126.0"
162.158.129.141 - - [10/Jul/2024:17:00:04 +0000] "GET /aws/notifications?last_notification=1720630788.416488 HTTP/1.1" 200 2 "https://cms.bitlerbot.ir/aws/contest/3" "Mozilla/5.0 (X11; Linux x86_64) AppleWebKit/537.36 (KHTML, like Gecko) Chrome/126.0.0.0 Safari/537.36"
162.158.129.141 - - [10/Jul/2024:17:00:19 +0000] "GET /aws/notifications?last_notification=1720630788.416488 HTTP/1.1" 200 2 "https://cms.bitlerbot.ir/aws/contest/3" "Mozilla/5.0 (X11; Linux x86_64) AppleWebKit/537.36 (KHTML, like Gecko) Chrome/126.0.0.0 Safari/537.36"
172.71.103.117 - - [10/Jul/2024:17:00:31 +0000] "GET /test/notifications HTTP/1.1" 200 2 "https://cms.bitlerbot.ir/test/tasks/fib/submissions?submission_id=BzkO2_QsFKvYBH2xCsePVgpCCd1L7e9nAWSG8956KFM." "Mozilla/5.0 (X11; Linux x86_64; rv:126.0) Gecko/20100101 Firefox/126.0"
162.158.129.141 - - [10/Jul/2024:17:00:33 +0000] "GET /aws/notifications?last_notification=1720630788.416488 HTTP/1.1" 200 2 "https://cms.bitlerbot.ir/aws/contest/3" "Mozilla/5.0 (X11; Linux x86_64) AppleWebKit/537.36 (KHTML, like Gecko) Chrome/126.0.0.0 Safari/537.36"
162.158.129.141 - - [10/Jul/2024:17:00:34 +0000] "GET /aws/contest/3/announcements HTTP/1.1" 200 1730 "https://cms.bitlerbot.ir/aws/contest/3" "Mozilla/5.0 (X11; Linux x86_64) AppleWebKit/537.36 (KHTML, like Gecko) Chrome/126.0.0.0 Safari/537.36"
162.158.129.141 - - [10/Jul/2024:17:00:34 +0000] "GET /aws/notifications?last_notification=1720630834.112932 HTTP/1.1" 200 2 "https://cms.bitlerbot.ir/aws/contest/3/announcements" "Mozilla/5.0 (X11; Linux x86_64) AppleWebKit/537.36 (KHTML, like Gecko) Chrome/126.0.0.0 Safari/537.36"
162.158.129.141 - - [10/Jul/2024:17:00:38 +0000] "GET /aws/contest/3/tasks HTTP/1.1" 200 1755 "https://cms.bitlerbot.ir/aws/contest/3/announcements" "Mozilla/5.0 (X11; Linux x86_64) AppleWebKit/537.36 (KHTML, like Gecko) Chrome/126.0.0.0 Safari/537.36"
162.158.129.141 - - [10/Jul/2024:17:00:38 +0000] "GET /aws/notifications?last_notification=1720630838.055945 HTTP/1.1" 200 2 "https://cms.bitlerbot.ir/aws/contest/3/tasks" "Mozilla/5.0 (X11; Linux x86_64) AppleWebKit/537.36 (KHTML, like Gecko) Chrome/126.0.0.0 Safari/537.36"
162.158.129.141 - - [10/Jul/2024:17:00:40 +0000] "GET /aws/ HTTP/1.1" 200 3143 "https://cms.bitlerbot.ir/aws/contest/3/tasks" "Mozilla/5.0 (X11; Linux x86_64) AppleWebKit/537.36 (KHTML, like Gecko) Chrome/126.0.0.0 Safari/537.36"
162.158.129.141 - - [10/Jul/2024:17:00:41 +0000] "GET /aws/notifications?last_notification=1720630840.699255 HTTP/1.1" 200 2 "https://cms.bitlerbot.ir/aws/" "Mozilla/5.0 (X11; Linux x86_64) AppleWebKit/537.36 (KHTML, like Gecko) Chrome/126.0.0.0 Safari/537.36"
162.158.129.141 - - [10/Jul/2024:17:00:41 +0000] "POST /aws/rpc/EvaluationService/0/queue_status HTTP/1.1" 200 56 "https://cms.bitlerbot.ir/aws/" "Mozilla/5.0 (X11; Linux x86_64) AppleWebKit/537.36 (KHTML, like Gecko) Chrome/126.0.0.0 Safari/537.36"
162.158.129.141 - - [10/Jul/2024:17:00:41 +0000] "POST /aws/rpc/EvaluationService/0/workers_status HTTP/1.1" 200 114 "https://cms.bitlerbot.ir/aws/" "Mozilla/5.0 (X11; Linux x86_64) AppleWebKit/537.36 (KHTML, like Gecko) Chrome/126.0.0.0 Safari/537.36"
162.158.129.140 - - [10/Jul/2024:17:00:41 +0000] "POST /aws/rpc/LogService/0/last_messages HTTP/1.1" 200 56 "https://cms.bitlerbot.ir/aws/" "Mozilla/5.0 (X11; Linux x86_64) AppleWebKit/537.36 (KHTML, like Gecko) Chrome/126.0.0.0 Safari/537.36"
162.158.129.141 - - [10/Jul/2024:17:00:45 +0000] "GET /aws/task/2 HTTP/1.1" 200 5094 "https://cms.bitlerbot.ir/aws/" "Mozilla/5.0 (X11; Linux x86_64) AppleWebKit/537.36 (KHTML, like Gecko) Chrome/126.0.0.0 Safari/537.36"
162.158.129.141 - - [10/Jul/2024:17:00:45 +0000] "GET /aws/notifications?last_notification=1720630845.000955 HTTP/1.1" 200 2 "https://cms.bitlerbot.ir/aws/task/2" "Mozilla/5.0 (X11; Linux x86_64) AppleWebKit/537.36 (KHTML, like Gecko) Chrome/126.0.0.0 Safari/537.36"
162.158.129.141 - - [10/Jul/2024:17:01:00 +0000] "GET /aws/notifications?last_notification=1720630845.000955 HTTP/1.1" 200 2 "https://cms.bitlerbot.ir/aws/task/2" "Mozilla/5.0 (X11; Linux x86_64) AppleWebKit/537.36 (KHTML, like Gecko) Chrome/126.0.0.0 Safari/537.36"
172.71.103.117 - - [10/Jul/2024:17:01:01 +0000] "GET /test/notifications HTTP/1.1" 200 2 "https://cms.bitlerbot.ir/test/tasks/fib/submissions?submission_id=BzkO2_QsFKvYBH2xCsePVgpCCd1L7e9nAWSG8956KFM." "Mozilla/5.0 (X11; Linux x86_64; rv:126.0) Gecko/20100101 Firefox/126.0"
172.71.103.117 - - [10/Jul/2024:17:01:09 +0000] "GET /test/tasks/fib/description HTTP/1.1" 200 2621 "https://cms.bitlerbot.ir/test/tasks/fib/submissions?submission_id=BzkO2_QsFKvYBH2xCsePVgpCCd1L7e9nAWSG8956KFM." "Mozilla/5.0 (X11; Linux x86_64; rv:126.0) Gecko/20100101 Firefox/126.0"
172.71.103.117 - - [10/Jul/2024:17:01:10 +0000] "GET /test/notifications HTTP/1.1" 200 2 "https://cms.bitlerbot.ir/test/tasks/fib/description" "Mozilla/5.0 (X11; Linux x86_64; rv:126.0) Gecko/20100101 Firefox/126.0"
172.71.103.117 - - [10/Jul/2024:17:01:11 +0000] "GET /test/tasks/fib/submissions HTTP/1.1" 200 4470 "https://cms.bitlerbot.ir/test/tasks/fib/description" "Mozilla/5.0 (X11; Linux x86_64; rv:126.0) Gecko/20100101 Firefox/126.0"
