162.158.129.220 - - [10/Jul/2024:17:11:46 +0000] "GET /test/tasks/fib2/submissions?submission_id=K3YRq-9puUqxlXiPEiWJcab_DEfBB_wYfVRHEZqEtLw. HTTP/1.1" 200 4519 "https://cms.bitlerbot.ir/test/tasks/fib2/submissions" "Mozilla/5.0 (X11; Linux x86_64; rv:126.0) Gecko/20100101 Firefox/126.0"
162.158.129.220 - - [10/Jul/2024:17:11:47 +0000] "GET /test/notifications HTTP/1.1" 200 169 "https://cms.bitlerbot.ir/test/tasks/fib2/submissions?submission_id=K3YRq-9puUqxlXiPEiWJcab_DEfBB_wYfVRHEZqEtLw." "Mozilla/5.0 (X11; Linux x86_64; rv:126.0) Gecko/20100101 Firefox/126.0"
162.158.129.220 - - [10/Jul/2024:17:11:48 +0000] "GET /test/tasks/fib2/submissions/2 HTTP/1.1" 200 68 "https://cms.bitlerbot.ir/test/tasks/fib2/submissions?submission_id=K3YRq-9puUqxlXiPEiWJcab_DEfBB_wYfVRHEZqEtLw." "Mozilla/5.0 (X11; Linux x86_64; rv:126.0) Gecko/20100101 Firefox/126.0"
162.158.129.220 - - [10/Jul/2024:17:11:49 +0000] "GET /test/tasks/fib2/submissions/2 HTTP/1.1" 200 69 "https://cms.bitlerbot.ir/test/tasks/fib2/submissions?submission_id=K3YRq-9puUqxlXiPEiWJcab_DEfBB_wYfVRHEZqEtLw." "Mozilla/5.0 (X11; Linux x86_64; rv:126.0) Gecko/20100101 Firefox/126.0"
162.158.129.220 - - [10/Jul/2024:17:11:52 +0000] "GET /test/tasks/fib2/submissions/2 HTTP/1.1" 200 157 "https://cms.bitlerbot.ir/test/tasks/fib2/submissions?submission_id=K3YRq-9puUqxlXiPEiWJcab_DEfBB_wYfVRHEZqEtLw." "Mozilla/5.0 (X11; Linux x86_64; rv:126.0) Gecko/20100101 Firefox/126.0"
162.158.129.220 - - [10/Jul/2024:17:11:55 +0000] "GET /test/tasks/fib2/submissions/2/details HTTP/1.1" 200 386 "https://cms.bitlerbot.ir/test/tasks/fib2/submissions?submission_id=K3YRq-9puUqxlXiPEiWJcab_DEfBB_wYfVRHEZqEtLw." "Mozilla/5.0 (X11; Linux x86_64; rv:126.0) Gecko/20100101 Firefox/126.0"
162.158.129.140 - - [10/Jul/2024:17:11:58 +0000] "GET /aws/notifications?last_notification=1720631488.42 HTTP/1.1" 200 2 "https://cms.bitlerbot.ir/aws/task/3" "Mozilla/5.0 (X11; Linux x86_64) AppleWebKit/537.36 (KHTML, like Gecko) Chrome/126.0.0.0 Safari/537.36"
162.158.129.220 - - [10/Jul/2024:17:12:01 +0000] "GET /test HTTP/1.1" 200 2516 "https://cms.bitlerbot.ir/test/tasks/fib2/submissions?submission_id=K3YRq-9puUqxlXiPEiWJcab_DEfBB_wYfVRHEZqEtLw." "Mozilla/5.0 (X11; Linux x86_64; rv:126.0) Gecko/20100101 Firefox/126.0"
162.158.129.220 - - [10/Jul/2024:17:12:02 +0000] "GET /test/notifications HTTP/1.1" 200 2 "https://cms.bitlerbot.ir/test" "Mozilla/5.0 (X11; Linux x86_64; rv:126.0) Gecko/20100101 Firefox/126.0"
162.158.129.140 - - [10/Jul/2024:17:12:13 +0000] "GET /aws/notifications?last_notification=1720631488.42 HTTP/1.1" 200 2 "https://cms.bitlerbot.ir/aws/task/3" "Mozilla/5.0 (X11; Linux x86_64) AppleWebKit/537.36 (KHTML, like Gecko) Chrome/126.0.0.0 Safari/537.36"
162.158.129.141 - - [10/Jul/2024:17:12:28 +0000] "GET /aws/notifications?last_notification=1720631488.42 HTTP/1.1" 200 2 "https://cms.bitlerbot.ir/aws/task/3" "Mozilla/5.0 (X11; Linux x86_64) AppleWebKit/537.36 (KHTML, like Gecko) Chrome/126.0.0.0 Safari/537.36"
162.158.129.220 - - [10/Jul/2024:17:12:32 +0000] "GET /test/notifications HTTP/1.1" 200 2 "https://cms.bitlerbot.ir/test" "Mozilla/5.0 (X11; Linux x86_64; rv:126.0) Gecko/20100101 Firefox/126.0"
162.158.129.141 - - [10/Jul/2024:17:12:43 +0000] "GET /aws/notifications?last_notification=1720631488.42 HTTP/1.1" 200 2 "https://cms.bitlerbot.ir/aws/task/3" "Mozilla/5.0 (X11; Linux x86_64) AppleWebKit/537.36 (KHTML, like Gecko) Chrome/126.0.0.0 Safari/537.36"
162.158.129.140 - - [10/Jul/2024:17:12:58 +0000] "GET /aws/notifications?last_notification=1720631488.42 HTTP/1.1" 200 2 "https://cms.bitlerbot.ir/aws/task/3" "Mozilla/5.0 (X11; Linux x86_64) AppleWebKit/537.36 (KHTML, like Gecko) Chrome/126.0.0.0 Safari/537.36"
162.158.129.220 - - [10/Jul/2024:17:13:02 +0000] "GET /test/notifications HTTP/1.1" 200 2 "https://cms.bitlerbot.ir/test" "Mozilla/5.0 (X11; Linux x86_64; rv:126.0) Gecko/20100101 Firefox/126.0"
162.158.129.140 - - [10/Jul/2024:17:13:13 +0000] "GET /aws/notifications?last_notification=1720631488.42 HTTP/1.1" 200 2 "https://cms.bitlerbot.ir/aws/task/3" "Mozilla/5.0 (X11; Linux x86_64) AppleWebKit/537.36 (KHTML, like Gecko) Chrome/126.0.0.0 Safari/537.36"
162.158.129.141 - - [10/Jul/2024:17:13:28 +0000] "GET /aws/notifications?last_notification=1720631488.42 HTTP/1.1" 200 2 "https://cms.bitlerbot.ir/aws/task/3" "Mozilla/5.0 (X11; Linux x86_64) AppleWebKit/537.36 (KHTML, like Gecko) Chrome/126.0.0.0 Safari/537.36"
162.158.129.220 - - [10/Jul/2024:17:13:32 +0000] "GET /test/notifications HTTP/1.1" 200 2 "https://cms.bitlerbot.ir/test" "Mozilla/5.0 (X11; Linux x86_64; rv:126.0) Gecko/20100101 Firefox/126.0"
162.158.129.141 - - [10/Jul/2024:17:13:43 +0000] "GET /aws/notifications?last_notification=1720631488.42 HTTP/1.1" 200 2 "https://cms.bitlerbot.ir/aws/task/3" "Mozilla/5.0 (X11; Linux x86_64) AppleWebKit/537.36 (KHTML, like Gecko) Chrome/126.0.0.0 Safari/537.36"
162.158.129.140 - - [10/Jul/2024:17:13:58 +0000] "GET /aws/notifications?last_notification=1720631488.42 HTTP/1.1" 200 2 "https://cms.bitlerbot.ir/aws/task/3" "Mozilla/5.0 (X11; Linux x86_64) AppleWebKit/537.36 (KHTML, like Gecko) Chrome/126.0.0.0 Safari/537.36"
162.158.129.220 - - [10/Jul/2024:17:14:02 +0000] "GET /test/notifications HTTP/1.1" 200 2 "https://cms.bitlerbot.ir/test" "Mozilla/5.0 (X11; Linux x86_64; rv:126.0) Gecko/20100101 Firefox/126.0"
162.158.129.140 - - [10/Jul/2024:17:14:13 +0000] "GET /aws/notifications?last_notification=1720631488.42 HTTP/1.1" 200 2 "https://cms.bitlerbot.ir/aws/task/3" "Mozilla/5.0 (X11; Linux x86_64) AppleWebKit/537.36 (KHTML, like Gecko) Chrome/126.0.0.0 Safari/537.36"
162.158.129.141 - - [10/Jul/2024:17:14:28 +0000] "GET /aws/notifications?last_notification=1720631488.42 HTTP/1.1" 200 2 "https://cms.bitlerbot.ir/aws/task/3" "Mozilla/5.0 (X11; Linux x86_64) AppleWebKit/537.36 (KHTML, like Gecko) Chrome/126.0.0.0 Safari/537.36"
162.158.129.220 - - [10/Jul/2024:17:14:32 +0000] "GET /test/notifications HTTP/1.1" 200 2 "https://cms.bitlerbot.ir/test" "Mozilla/5.0 (X11; Linux x86_64; rv:126.0) Gecko/20100101 Firefox/126.0"
162.158.129.141 - - [10/Jul/2024:17:14:43 +0000] "GET /aws/notifications?last_notification=1720631488.42 HTTP/1.1" 200 2 "https://cms.bitlerbot.ir/aws/task/3" "Mozilla/5.0 (X11; Linux x86_64) AppleWebKit/537.36 (KHTML, like Gecko) Chrome/126.0.0.0 Safari/537.36"
162.158.129.140 - - [10/Jul/2024:17:14:58 +0000] "GET /aws/notifications?last_notification=1720631488.42 HTTP/1.1" 200 2 "https://cms.bitlerbot.ir/aws/task/3" "Mozilla/5.0 (X11; Linux x86_64) AppleWebKit/537.36 (KHTML, like Gecko) Chrome/126.0.0.0 Safari/537.36"
162.158.129.220 - - [10/Jul/2024:17:15:02 +0000] "GET /test/notifications HTTP/1.1" 200 2 "https://cms.bitlerbot.ir/test" "Mozilla/5.0 (X11; Linux x86_64; rv:126.0) Gecko/20100101 Firefox/126.0"
162.158.129.140 - - [10/Jul/2024:17:15:13 +0000] "GET /aws/notifications?last_notification=1720631488.42 HTTP/1.1" 200 2 "https://cms.bitlerbot.ir/aws/task/3" "Mozilla/5.0 (X11; Linux x86_64) AppleWebKit/537.36 (KHTML, like Gecko) Chrome/126.0.0.0 Safari/537.36"
162.158.129.141 - - [10/Jul/2024:17:15:28 +0000] "GET /aws/notifications?last_notification=1720631488.42 HTTP/1.1" 200 2 "https://cms.bitlerbot.ir/aws/task/3" "Mozilla/5.0 (X11; Linux x86_64) AppleWebKit/537.36 (KHTML, like Gecko) Chrome/126.0.0.0 Safari/537.36"
162.158.87.84 - - [10/Jul/2024:17:15:33 +0000] "GET /test/notifications HTTP/1.1" 200 2 "https://cms.bitlerbot.ir/test" "Mozilla/5.0 (X11; Linux x86_64; rv:126.0) Gecko/20100101 Firefox/126.0"
162.158.129.141 - - [10/Jul/2024:17:15:43 +0000] "GET /aws/notifications?last_notification=1720631488.42 HTTP/1.1" 200 2 "https://cms.bitlerbot.ir/aws/task/3" "Mozilla/5.0 (X11; Linux x86_64) AppleWebKit/537.36 (KHTML, like Gecko) Chrome/126.0.0.0 Safari/537.36"
162.158.129.140 - - [10/Jul/2024:17:15:58 +0000] "GET /aws/notifications?last_notification=1720631488.42 HTTP/1.1" 200 2 "https://cms.bitlerbot.ir/aws/task/3" "Mozilla/5.0 (X11; Linux x86_64) AppleWebKit/537.36 (KHTML, like Gecko) Chrome/126.0.0.0 Safari/537.36"
162.158.87.84 - - [10/Jul/2024:17:16:03 +0000] "GET /test/notifications HTTP/1.1" 200 2 "https://cms.bitlerbot.ir/test" "Mozilla/5.0 (X11; Linux x86_64; rv:126.0) Gecko/20100101 Firefox/126.0"
162.158.129.140 - - [10/Jul/2024:17:16:13 +0000] "GET /aws/notifications?last_notification=1720631488.42 HTTP/1.1" 200 2 "https://cms.bitlerbot.ir/aws/task/3" "Mozilla/5.0 (X11; Linux x86_64) AppleWebKit/537.36 (KHTML, like Gecko) Chrome/126.0.0.0 Safari/537.36"
162.158.129.141 - - [10/Jul/2024:17:16:28 +0000] "GET /aws/notifications?last_notification=1720631488.42 HTTP/1.1" 200 2 "https://cms.bitlerbot.ir/aws/task/3" "Mozilla/5.0 (X11; Linux x86_64) AppleWebKit/537.36 (KHTML, like Gecko) Chrome/126.0.0.0 Safari/537.36"
162.158.87.84 - - [10/Jul/2024:17:16:33 +0000] "GET /test/notifications HTTP/1.1" 200 2 "https://cms.bitlerbot.ir/test" "Mozilla/5.0 (X11; Linux x86_64; rv:126.0) Gecko/20100101 Firefox/126.0"
162.158.129.141 - - [10/Jul/2024:17:16:43 +0000] "GET /aws/notifications?last_notification=1720631488.42 HTTP/1.1" 200 2 "https://cms.bitlerbot.ir/aws/task/3" "Mozilla/5.0 (X11; Linux x86_64) AppleWebKit/537.36 (KHTML, like Gecko) Chrome/126.0.0.0 Safari/537.36"
162.158.129.140 - - [10/Jul/2024:17:16:58 +0000] "GET /aws/notifications?last_notification=1720631488.42 HTTP/1.1" 200 2 "https://cms.bitlerbot.ir/aws/task/3" "Mozilla/5.0 (X11; Linux x86_64) AppleWebKit/537.36 (KHTML, like Gecko) Chrome/126.0.0.0 Safari/537.36"
162.158.87.84 - - [10/Jul/2024:17:17:03 +0000] "GET /test/notifications HTTP/1.1" 200 2 "https://cms.bitlerbot.ir/test" "Mozilla/5.0 (X11; Linux x86_64; rv:126.0) Gecko/20100101 Firefox/126.0"
162.158.129.140 - - [10/Jul/2024:17:17:13 +0000] "GET /aws/notifications?last_notification=1720631488.42 HTTP/1.1" 200 2 "https://cms.bitlerbot.ir/aws/task/3" "Mozilla/5.0 (X11; Linux x86_64) AppleWebKit/537.36 (KHTML, like Gecko) Chrome/126.0.0.0 Safari/537.36"
162.158.129.141 - - [10/Jul/2024:17:17:28 +0000] "GET /aws/notifications?last_notification=1720631488.42 HTTP/1.1" 200 2 "https://cms.bitlerbot.ir/aws/task/3" "Mozilla/5.0 (X11; Linux x86_64) AppleWebKit/537.36 (KHTML, like Gecko) Chrome/126.0.0.0 Safari/537.36"
162.158.87.145 - - [10/Jul/2024:17:17:33 +0000] "GET /test/notifications HTTP/1.1" 200 2 "https://cms.bitlerbot.ir/test" "Mozilla/5.0 (X11; Linux x86_64; rv:126.0) Gecko/20100101 Firefox/126.0"
162.158.129.141 - - [10/Jul/2024:17:17:43 +0000] "GET /aws/notifications?last_notification=1720631488.42 HTTP/1.1" 200 2 "https://cms.bitlerbot.ir/aws/task/3" "Mozilla/5.0 (X11; Linux x86_64) AppleWebKit/537.36 (KHTML, like Gecko) Chrome/126.0.0.0 Safari/537.36"
162.158.129.140 - - [10/Jul/2024:17:18:05 +0000] "GET /aws/notifications?last_notification=1720631488.42 HTTP/1.1" 200 2 "https://cms.bitlerbot.ir/aws/task/3" "Mozilla/5.0 (X11; Linux x86_64) AppleWebKit/537.36 (KHTML, like Gecko) Chrome/126.0.0.0 Safari/537.36"
162.158.129.141 - - [10/Jul/2024:17:18:13 +0000] "GET /aws/notifications?last_notification=1720631488.42 HTTP/1.1" 200 2 "https://cms.bitlerbot.ir/aws/task/3" "Mozilla/5.0 (X11; Linux x86_64) AppleWebKit/537.36 (KHTML, like Gecko) Chrome/126.0.0.0 Safari/537.36"
162.158.129.141 - - [10/Jul/2024:17:18:28 +0000] "GET /aws/notifications?last_notification=1720631488.42 HTTP/1.1" 200 2 "https://cms.bitlerbot.ir/aws/task/3" "Mozilla/5.0 (X11; Linux x86_64) AppleWebKit/537.36 (KHTML, like Gecko) Chrome/126.0.0.0 Safari/537.36"
162.158.87.145 - - [10/Jul/2024:17:18:33 +0000] "GET /test/notifications HTTP/1.1" 200 2 "https://cms.bitlerbot.ir/test" "Mozilla/5.0 (X11; Linux x86_64; rv:126.0) Gecko/20100101 Firefox/126.0"
162.158.129.140 - - [10/Jul/2024:17:18:43 +0000] "GET /aws/notifications?last_notification=1720631488.42 HTTP/1.1" 200 2 "https://cms.bitlerbot.ir/aws/task/3" "Mozilla/5.0 (X11; Linux x86_64) AppleWebKit/537.36 (KHTML, like Gecko) Chrome/126.0.0.0 Safari/537.36"
162.158.129.141 - - [10/Jul/2024:17:18:58 +0000] "GET /aws/notifications?last_notification=1720631488.42 HTTP/1.1" 200 2 "https://cms.bitlerbot.ir/aws/task/3" "Mozilla/5.0 (X11; Linux x86_64) AppleWebKit/537.36 (KHTML, like Gecko) Chrome/126.0.0.0 Safari/537.36"
172.70.46.148 - - [10/Jul/2024:17:19:03 +0000] "GET /test/notifications HTTP/1.1" 200 2 "https://cms.bitlerbot.ir/test" "Mozilla/5.0 (X11; Linux x86_64; rv:126.0) Gecko/20100101 Firefox/126.0"
162.158.129.141 - - [10/Jul/2024:17:19:13 +0000] "GET /aws/notifications?last_notification=1720631488.42 HTTP/1.1" 200 2 "https://cms.bitlerbot.ir/aws/task/3" "Mozilla/5.0 (X11; Linux x86_64) AppleWebKit/537.36 (KHTML, like Gecko) Chrome/126.0.0.0 Safari/537.36"
162.158.129.140 - - [10/Jul/2024:17:19:29 +0000] "GET /aws/notifications?last_notification=1720631488.42 HTTP/1.1" 200 2 "https://cms.bitlerbot.ir/aws/task/3" "Mozilla/5.0 (X11; Linux x86_64) AppleWebKit/537.36 (KHTML, like Gecko) Chrome/126.0.0.0 Safari/537.36"
172.70.46.148 - - [10/Jul/2024:17:19:33 +0000] "GET /test/notifications HTTP/1.1" 200 2 "https://cms.bitlerbot.ir/test" "Mozilla/5.0 (X11; Linux x86_64; rv:126.0) Gecko/20100101 Firefox/126.0"
162.158.129.141 - - [10/Jul/2024:17:19:43 +0000] "GET /aws/notifications?last_notification=1720631488.42 HTTP/1.1" 200 2 "https://cms.bitlerbot.ir/aws/task/3" "Mozilla/5.0 (X11; Linux x86_64) AppleWebKit/537.36 (KHTML, like Gecko) Chrome/126.0.0.0 Safari/537.36"
162.158.129.141 - - [10/Jul/2024:17:19:58 +0000] "GET /aws/notifications?last_notification=1720631488.42 HTTP/1.1" 200 2 "https://cms.bitlerbot.ir/aws/task/3" "Mozilla/5.0 (X11; Linux x86_64) AppleWebKit/537.36 (KHTML, like Gecko) Chrome/126.0.0.0 Safari/537.36"
172.70.46.148 - - [10/Jul/2024:17:20:03 +0000] "GET /test/notifications HTTP/1.1" 200 2 "https://cms.bitlerbot.ir/test" "Mozilla/5.0 (X11; Linux x86_64; rv:126.0) Gecko/20100101 Firefox/126.0"
162.158.129.140 - - [10/Jul/2024:17:20:13 +0000] "GET /aws/notifications?last_notification=1720631488.42 HTTP/1.1" 200 2 "https://cms.bitlerbot.ir/aws/task/3" "Mozilla/5.0 (X11; Linux x86_64) AppleWebKit/537.36 (KHTML, like Gecko) Chrome/126.0.0.0 Safari/537.36"
162.158.129.141 - - [10/Jul/2024:17:20:28 +0000] "GET /aws/notifications?last_notification=1720631488.42 HTTP/1.1" 200 2 "https://cms.bitlerbot.ir/aws/task/3" "Mozilla/5.0 (X11; Linux x86_64) AppleWebKit/537.36 (KHTML, like Gecko) Chrome/126.0.0.0 Safari/537.36"
172.70.46.148 - - [10/Jul/2024:17:20:33 +0000] "GET /test/notifications HTTP/1.1" 200 2 "https://cms.bitlerbot.ir/test" "Mozilla/5.0 (X11; Linux x86_64; rv:126.0) Gecko/20100101 Firefox/126.0"
162.158.129.141 - - [10/Jul/2024:17:20:43 +0000] "GET /aws/notifications?last_notification=1720631488.42 HTTP/1.1" 200 2 "https://cms.bitlerbot.ir/aws/task/3" "Mozilla/5.0 (X11; Linux x86_64) AppleWebKit/537.36 (KHTML, like Gecko) Chrome/126.0.0.0 Safari/537.36"
162.158.129.140 - - [10/Jul/2024:17:20:58 +0000] "GET /aws/notifications?last_notification=1720631488.42 HTTP/1.1" 200 2 "https://cms.bitlerbot.ir/aws/task/3" "Mozilla/5.0 (X11; Linux x86_64) AppleWebKit/537.36 (KHTML, like Gecko) Chrome/126.0.0.0 Safari/537.36"
172.70.46.148 - - [10/Jul/2024:17:21:03 +0000] "GET /test/notifications HTTP/1.1" 200 2 "https://cms.bitlerbot.ir/test" "Mozilla/5.0 (X11; Linux x86_64; rv:126.0) Gecko/20100101 Firefox/126.0"
162.158.129.141 - - [10/Jul/2024:17:21:13 +0000] "GET /aws/notifications?last_notification=1720631488.42 HTTP/1.1" 200 2 "https://cms.bitlerbot.ir/aws/task/3" "Mozilla/5.0 (X11; Linux x86_64) AppleWebKit/537.36 (KHTML, like Gecko) Chrome/126.0.0.0 Safari/537.36"
162.158.129.141 - - [10/Jul/2024:17:21:28 +0000] "GET /aws/notifications?last_notification=1720631488.42 HTTP/1.1" 200 2 "https://cms.bitlerbot.ir/aws/task/3" "Mozilla/5.0 (X11; Linux x86_64) AppleWebKit/537.36 (KHTML, like Gecko) Chrome/126.0.0.0 Safari/537.36"
172.70.46.148 - - [10/Jul/2024:17:21:33 +0000] "GET /test/notifications HTTP/1.1" 200 2 "https://cms.bitlerbot.ir/test" "Mozilla/5.0 (X11; Linux x86_64; rv:126.0) Gecko/20100101 Firefox/126.0"
162.158.129.140 - - [10/Jul/2024:17:21:44 +0000] "GET /aws/notifications?last_notification=1720631488.42 HTTP/1.1" 200 2 "https://cms.bitlerbot.ir/aws/task/3" "Mozilla/5.0 (X11; Linux x86_64) AppleWebKit/537.36 (KHTML, like Gecko) Chrome/126.0.0.0 Safari/537.36"
162.158.129.141 - - [10/Jul/2024:17:21:58 +0000] "GET /aws/notifications?last_notification=1720631488.42 HTTP/1.1" 200 2 "https://cms.bitlerbot.ir/aws/task/3" "Mozilla/5.0 (X11; Linux x86_64) AppleWebKit/537.36 (KHTML, like Gecko) Chrome/126.0.0.0 Safari/537.36"
172.70.46.148 - - [10/Jul/2024:17:22:03 +0000] "GET /test/notifications HTTP/1.1" 200 2 "https://cms.bitlerbot.ir/test" "Mozilla/5.0 (X11; Linux x86_64; rv:126.0) Gecko/20100101 Firefox/126.0"
162.158.129.141 - - [10/Jul/2024:17:22:13 +0000] "GET /aws/notifications?last_notification=1720631488.42 HTTP/1.1" 200 2 "https://cms.bitlerbot.ir/aws/task/3" "Mozilla/5.0 (X11; Linux x86_64) AppleWebKit/537.36 (KHTML, like Gecko) Chrome/126.0.0.0 Safari/537.36"
162.158.129.140 - - [10/Jul/2024:17:22:28 +0000] "GET /aws/notifications?last_notification=1720631488.42 HTTP/1.1" 200 2 "https://cms.bitlerbot.ir/aws/task/3" "Mozilla/5.0 (X11; Linux x86_64) AppleWebKit/537.36 (KHTML, like Gecko) Chrome/126.0.0.0 Safari/537.36"
172.70.46.148 - - [10/Jul/2024:17:22:33 +0000] "GET /test/notifications HTTP/1.1" 200 2 "https://cms.bitlerbot.ir/test" "Mozilla/5.0 (X11; Linux x86_64; rv:126.0) Gecko/20100101 Firefox/126.0"
162.158.129.141 - - [10/Jul/2024:17:22:43 +0000] "GET /aws/notifications?last_notification=1720631488.42 HTTP/1.1" 200 2 "https://cms.bitlerbot.ir/aws/task/3" "Mozilla/5.0 (X11; Linux x86_64) AppleWebKit/537.36 (KHTML, like Gecko) Chrome/126.0.0.0 Safari/537.36"
162.158.129.141 - - [10/Jul/2024:17:22:58 +0000] "GET /aws/notifications?last_notification=1720631488.42 HTTP/1.1" 200 2 "https://cms.bitlerbot.ir/aws/task/3" "Mozilla/5.0 (X11; Linux x86_64) AppleWebKit/537.36 (KHTML, like Gecko) Chrome/126.0.0.0 Safari/537.36"
162.158.129.140 - - [10/Jul/2024:17:23:13 +0000] "GET /aws/notifications?last_notification=1720631488.42 HTTP/1.1" 200 2 "https://cms.bitlerbot.ir/aws/task/3" "Mozilla/5.0 (X11; Linux x86_64) AppleWebKit/537.36 (KHTML, like Gecko) Chrome/126.0.0.0 Safari/537.36"
162.158.129.141 - - [10/Jul/2024:17:23:28 +0000] "GET /aws/notifications?last_notification=1720631488.42 HTTP/1.1" 200 2 "https://cms.bitlerbot.ir/aws/task/3" "Mozilla/5.0 (X11; Linux x86_64) AppleWebKit/537.36 (KHTML, like Gecko) Chrome/126.0.0.0 Safari/537.36"
162.158.130.10 - - [10/Jul/2024:17:23:34 +0000] "GET /test/notifications HTTP/1.1" 200 2 "https://cms.bitlerbot.ir/test" "Mozilla/5.0 (X11; Linux x86_64; rv:126.0) Gecko/20100101 Firefox/126.0"
162.158.129.141 - - [10/Jul/2024:17:23:43 +0000] "GET /aws/notifications?last_notification=1720631488.42 HTTP/1.1" 200 2 "https://cms.bitlerbot.ir/aws/task/3" "Mozilla/5.0 (X11; Linux x86_64) AppleWebKit/537.36 (KHTML, like Gecko) Chrome/126.0.0.0 Safari/537.36"
162.158.129.140 - - [10/Jul/2024:17:23:58 +0000] "GET /aws/notifications?last_notification=1720631488.42 HTTP/1.1" 200 2 "https://cms.bitlerbot.ir/aws/task/3" "Mozilla/5.0 (X11; Linux x86_64) AppleWebKit/537.36 (KHTML, like Gecko) Chrome/126.0.0.0 Safari/537.36"
162.158.130.10 - - [10/Jul/2024:17:24:03 +0000] "GET /test/notifications HTTP/1.1" 200 2 "https://cms.bitlerbot.ir/test" "Mozilla/5.0 (X11; Linux x86_64; rv:126.0) Gecko/20100101 Firefox/126.0"
162.158.129.141 - - [10/Jul/2024:17:24:13 +0000] "GET /aws/notifications?last_notification=1720631488.42 HTTP/1.1" 200 2 "https://cms.bitlerbot.ir/aws/task/3" "Mozilla/5.0 (X11; Linux x86_64) AppleWebKit/537.36 (KHTML, like Gecko) Chrome/126.0.0.0 Safari/537.36"
162.158.129.141 - - [10/Jul/2024:17:24:28 +0000] "GET /aws/notifications?last_notification=1720631488.42 HTTP/1.1" 200 2 "https://cms.bitlerbot.ir/aws/task/3" "Mozilla/5.0 (X11; Linux x86_64) AppleWebKit/537.36 (KHTML, like Gecko) Chrome/126.0.0.0 Safari/537.36"
162.158.130.10 - - [10/Jul/2024:17:24:34 +0000] "GET /test/notifications HTTP/1.1" 200 2 "https://cms.bitlerbot.ir/test" "Mozilla/5.0 (X11; Linux x86_64; rv:126.0) Gecko/20100101 Firefox/126.0"
162.158.129.140 - - [10/Jul/2024:17:24:43 +0000] "GET /aws/notifications?last_notification=1720631488.42 HTTP/1.1" 200 2 "https://cms.bitlerbot.ir/aws/task/3" "Mozilla/5.0 (X11; Linux x86_64) AppleWebKit/537.36 (KHTML, like Gecko) Chrome/126.0.0.0 Safari/537.36"
162.158.129.141 - - [10/Jul/2024:17:24:58 +0000] "GET /aws/notifications?last_notification=1720631488.42 HTTP/1.1" 200 2 "https://cms.bitlerbot.ir/aws/task/3" "Mozilla/5.0 (X11; Linux x86_64) AppleWebKit/537.36 (KHTML, like Gecko) Chrome/126.0.0.0 Safari/537.36"
162.158.130.10 - - [10/Jul/2024:17:25:04 +0000] "GET /test/notifications HTTP/1.1" 200 2 "https://cms.bitlerbot.ir/test" "Mozilla/5.0 (X11; Linux x86_64; rv:126.0) Gecko/20100101 Firefox/126.0"
162.158.129.141 - - [10/Jul/2024:17:25:13 +0000] "GET /aws/notifications?last_notification=1720631488.42 HTTP/1.1" 200 2 "https://cms.bitlerbot.ir/aws/task/3" "Mozilla/5.0 (X11; Linux x86_64) AppleWebKit/537.36 (KHTML, like Gecko) Chrome/126.0.0.0 Safari/537.36"
162.158.130.10 - - [10/Jul/2024:17:25:18 +0000] "POST /test/logout HTTP/1.1" 302 0 "https://cms.bitlerbot.ir/test" "Mozilla/5.0 (X11; Linux x86_64; rv:126.0) Gecko/20100101 Firefox/126.0"
162.158.130.10 - - [10/Jul/2024:17:25:18 +0000] "GET /test HTTP/1.1" 200 1419 "https://cms.bitlerbot.ir/test" "Mozilla/5.0 (X11; Linux x86_64; rv:126.0) Gecko/20100101 Firefox/126.0"
162.158.129.140 - - [10/Jul/2024:17:25:28 +0000] "GET /aws/notifications?last_notification=1720631488.42 HTTP/1.1" 200 2 "https://cms.bitlerbot.ir/aws/task/3" "Mozilla/5.0 (X11; Linux x86_64) AppleWebKit/537.36 (KHTML, like Gecko) Chrome/126.0.0.0 Safari/537.36"
162.158.129.141 - - [10/Jul/2024:17:25:43 +0000] "GET /aws/notifications?last_notification=1720631488.42 HTTP/1.1" 200 2 "https://cms.bitlerbot.ir/aws/task/3" "Mozilla/5.0 (X11; Linux x86_64) AppleWebKit/537.36 (KHTML, like Gecko) Chrome/126.0.0.0 Safari/537.36"
162.158.129.141 - - [10/Jul/2024:17:25:58 +0000] "GET /aws/notifications?last_notification=1720631488.42 HTTP/1.1" 200 2 "https://cms.bitlerbot.ir/aws/task/3" "Mozilla/5.0 (X11; Linux x86_64) AppleWebKit/537.36 (KHTML, like Gecko) Chrome/126.0.0.0 Safari/537.36"
162.158.129.140 - - [10/Jul/2024:17:26:13 +0000] "GET /aws/notifications?last_notification=1720631488.42 HTTP/1.1" 200 2 "https://cms.bitlerbot.ir/aws/task/3" "Mozilla/5.0 (X11; Linux x86_64) AppleWebKit/537.36 (KHTML, like Gecko) Chrome/126.0.0.0 Safari/537.36"
162.158.129.141 - - [10/Jul/2024:17:26:28 +0000] "GET /aws/notifications?last_notification=1720631488.42 HTTP/1.1" 200 2 "https://cms.bitlerbot.ir/aws/task/3" "Mozilla/5.0 (X11; Linux x86_64) AppleWebKit/537.36 (KHTML, like Gecko) Chrome/126.0.0.0 Safari/537.36"
162.158.129.141 - - [10/Jul/2024:17:26:43 +0000] "GET /aws/notifications?last_notification=1720631488.42 HTTP/1.1" 200 2 "https://cms.bitlerbot.ir/aws/task/3" "Mozilla/5.0 (X11; Linux x86_64) AppleWebKit/537.36 (KHTML, like Gecko) Chrome/126.0.0.0 Safari/537.36"
162.158.129.140 - - [10/Jul/2024:17:26:58 +0000] "GET /aws/notifications?last_notification=1720631488.42 HTTP/1.1" 200 2 "https://cms.bitlerbot.ir/aws/task/3" "Mozilla/5.0 (X11; Linux x86_64) AppleWebKit/537.36 (KHTML, like Gecko) Chrome/126.0.0.0 Safari/537.36"
162.158.129.141 - - [10/Jul/2024:17:27:13 +0000] "GET /aws/notifications?last_notification=1720631488.42 HTTP/1.1" 200 2 "https://cms.bitlerbot.ir/aws/task/3" "Mozilla/5.0 (X11; Linux x86_64) AppleWebKit/537.36 (KHTML, like Gecko) Chrome/126.0.0.0 Safari/537.36"
162.158.129.141 - - [10/Jul/2024:17:27:28 +0000] "GET /aws/notifications?last_notification=1720631488.42 HTTP/1.1" 200 2 "https://cms.bitlerbot.ir/aws/task/3" "Mozilla/5.0 (X11; Linux x86_64) AppleWebKit/537.36 (KHTML, like Gecko) Chrome/126.0.0.0 Safari/537.36"
162.158.129.140 - - [10/Jul/2024:17:27:43 +0000] "GET /aws/notifications?last_notification=1720631488.42 HTTP/1.1" 200 2 "https://cms.bitlerbot.ir/aws/task/3" "Mozilla/5.0 (X11; Linux x86_64) AppleWebKit/537.36 (KHTML, like Gecko) Chrome/126.0.0.0 Safari/537.36"
162.158.129.141 - - [10/Jul/2024:17:27:58 +0000] "GET /aws/notifications?last_notification=1720631488.42 HTTP/1.1" 200 2 "https://cms.bitlerbot.ir/aws/task/3" "Mozilla/5.0 (X11; Linux x86_64) AppleWebKit/537.36 (KHTML, like Gecko) Chrome/126.0.0.0 Safari/537.36"
162.158.129.141 - - [10/Jul/2024:17:28:13 +0000] "GET /aws/notifications?last_notification=1720631488.42 HTTP/1.1" 200 2 "https://cms.bitlerbot.ir/aws/task/3" "Mozilla/5.0 (X11; Linux x86_64) AppleWebKit/537.36 (KHTML, like Gecko) Chrome/126.0.0.0 Safari/537.36"
162.158.129.140 - - [10/Jul/2024:17:28:29 +0000] "GET /aws/notifications?last_notification=1720631488.42 HTTP/1.1" 200 2 "https://cms.bitlerbot.ir/aws/task/3" "Mozilla/5.0 (X11; Linux x86_64) AppleWebKit/537.36 (KHTML, like Gecko) Chrome/126.0.0.0 Safari/537.36"
162.158.129.141 - - [10/Jul/2024:17:28:44 +0000] "GET /aws/notifications?last_notification=1720631488.42 HTTP/1.1" 200 2 "https://cms.bitlerbot.ir/aws/task/3" "Mozilla/5.0 (X11; Linux x86_64) AppleWebKit/537.36 (KHTML, like Gecko) Chrome/126.0.0.0 Safari/537.36"
162.158.129.141 - - [10/Jul/2024:17:28:59 +0000] "GET /aws/notifications?last_notification=1720631488.42 HTTP/1.1" 200 2 "https://cms.bitlerbot.ir/aws/task/3" "Mozilla/5.0 (X11; Linux x86_64) AppleWebKit/537.36 (KHTML, like Gecko) Chrome/126.0.0.0 Safari/537.36"
162.158.129.140 - - [10/Jul/2024:17:29:14 +0000] "GET /aws/notifications?last_notification=1720631488.42 HTTP/1.1" 200 2 "https://cms.bitlerbot.ir/aws/task/3" "Mozilla/5.0 (X11; Linux x86_64) AppleWebKit/537.36 (KHTML, like Gecko) Chrome/126.0.0.0 Safari/537.36"
172.70.246.181 - - [10/Jul/2024:17:30:26 +0000] "GET /aws/notifications?last_notification=1720631488.42 HTTP/1.1" 200 2 "https://cms.bitlerbot.ir/aws/task/3" "Mozilla/5.0 (X11; Linux x86_64) AppleWebKit/537.36 (KHTML, like Gecko) Chrome/126.0.0.0 Safari/537.36"
172.71.114.147 - - [10/Jul/2024:17:31:27 +0000] "GET /aws/notifications?last_notification=1720631488.42 HTTP/1.1" 200 2 "https://cms.bitlerbot.ir/aws/task/3" "Mozilla/5.0 (X11; Linux x86_64) AppleWebKit/537.36 (KHTML, like Gecko) Chrome/126.0.0.0 Safari/537.36"
188.114.102.43 - - [10/Jul/2024:17:32:26 +0000] "GET /aws/notifications?last_notification=1720631488.42 HTTP/1.1" 200 2 "https://cms.bitlerbot.ir/aws/task/3" "Mozilla/5.0 (X11; Linux x86_64) AppleWebKit/537.36 (KHTML, like Gecko) Chrome/126.0.0.0 Safari/537.36"
188.114.102.43 - - [10/Jul/2024:17:33:26 +0000] "GET /aws/notifications?last_notification=1720631488.42 HTTP/1.1" 200 2 "https://cms.bitlerbot.ir/aws/task/3" "Mozilla/5.0 (X11; Linux x86_64) AppleWebKit/537.36 (KHTML, like Gecko) Chrome/126.0.0.0 Safari/537.36"
188.114.102.43 - - [10/Jul/2024:17:34:26 +0000] "GET /aws/notifications?last_notification=1720631488.42 HTTP/1.1" 200 2 "https://cms.bitlerbot.ir/aws/task/3" "Mozilla/5.0 (X11; Linux x86_64) AppleWebKit/537.36 (KHTML, like Gecko) Chrome/126.0.0.0 Safari/537.36"
188.114.102.43 - - [10/Jul/2024:17:35:26 +0000] "GET /aws/notifications?last_notification=1720631488.42 HTTP/1.1" 200 2 "https://cms.bitlerbot.ir/aws/task/3" "Mozilla/5.0 (X11; Linux x86_64) AppleWebKit/537.36 (KHTML, like Gecko) Chrome/126.0.0.0 Safari/537.36"
188.114.102.43 - - [10/Jul/2024:17:36:26 +0000] "GET /aws/notifications?last_notification=1720631488.42 HTTP/1.1" 200 2 "https://cms.bitlerbot.ir/aws/task/3" "Mozilla/5.0 (X11; Linux x86_64) AppleWebKit/537.36 (KHTML, like Gecko) Chrome/126.0.0.0 Safari/537.36"
188.114.102.43 - - [10/Jul/2024:17:37:26 +0000] "GET /aws/notifications?last_notification=1720631488.42 HTTP/1.1" 200 2 "https://cms.bitlerbot.ir/aws/task/3" "Mozilla/5.0 (X11; Linux x86_64) AppleWebKit/537.36 (KHTML, like Gecko) Chrome/126.0.0.0 Safari/537.36"
188.114.102.43 - - [10/Jul/2024:17:38:26 +0000] "GET /aws/notifications?last_notification=1720631488.42 HTTP/1.1" 200 2 "https://cms.bitlerbot.ir/aws/task/3" "Mozilla/5.0 (X11; Linux x86_64) AppleWebKit/537.36 (KHTML, like Gecko) Chrome/126.0.0.0 Safari/537.36"
188.114.102.43 - - [10/Jul/2024:17:39:26 +0000] "GET /aws/notifications?last_notification=1720631488.42 HTTP/1.1" 200 2 "https://cms.bitlerbot.ir/aws/task/3" "Mozilla/5.0 (X11; Linux x86_64) AppleWebKit/537.36 (KHTML, like Gecko) Chrome/126.0.0.0 Safari/537.36"
188.114.102.43 - - [10/Jul/2024:17:40:26 +0000] "GET /aws/notifications?last_notification=1720631488.42 HTTP/1.1" 200 2 "https://cms.bitlerbot.ir/aws/task/3" "Mozilla/5.0 (X11; Linux x86_64) AppleWebKit/537.36 (KHTML, like Gecko) Chrome/126.0.0.0 Safari/537.36"
188.114.102.43 - - [10/Jul/2024:17:41:26 +0000] "GET /aws/notifications?last_notification=1720631488.42 HTTP/1.1" 200 2 "https://cms.bitlerbot.ir/aws/task/3" "Mozilla/5.0 (X11; Linux x86_64) AppleWebKit/537.36 (KHTML, like Gecko) Chrome/126.0.0.0 Safari/537.36"
172.69.150.30 - - [10/Jul/2024:18:07:24 +0000] "GET / HTTP/1.1" 200 421 "-" "Mozilla/5.0 (Windows NT 10.0; Win64; x64) AppleWebKit/537.36 (KHTML, like Gecko) Chrome/124.0.0.0 Safari/537.36"
172.69.150.129 - - [10/Jul/2024:18:07:24 +0000] "GET /static/cws_style.css HTTP/1.1" 200 4011 "https://cms.bitlerbot.ir/" "Mozilla/5.0 (Windows NT 10.0; Win64; x64) AppleWebKit/537.36 (KHTML, like Gecko) Chrome/124.0.0.0 Safari/537.36"
172.68.195.226 - - [10/Jul/2024:18:07:24 +0000] "GET /static/jq/jquery-3.6.0.min.js HTTP/1.1" 200 89501 "https://cms.bitlerbot.ir/" "Mozilla/5.0 (Windows NT 10.0; Win64; x64) AppleWebKit/537.36 (KHTML, like Gecko) Chrome/124.0.0.0 Safari/537.36"
172.69.150.68 - - [10/Jul/2024:18:07:24 +0000] "GET /static/js/bootstrap.js HTTP/1.1" 200 22455 "https://cms.bitlerbot.ir/" "Mozilla/5.0 (Windows NT 10.0; Win64; x64) AppleWebKit/537.36 (KHTML, like Gecko) Chrome/124.0.0.0 Safari/537.36"
172.69.150.138 - - [10/Jul/2024:18:07:24 +0000] "GET /static/jq/jquery-migrate-3.3.2.min.js HTTP/1.1" 200 11224 "https://cms.bitlerbot.ir/" "Mozilla/5.0 (Windows NT 10.0; Win64; x64) AppleWebKit/537.36 (KHTML, like Gecko) Chrome/124.0.0.0 Safari/537.36"
172.69.151.62 - - [10/Jul/2024:18:07:24 +0000] "GET /static/cws_utils.js HTTP/1.1" 200 13670 "https://cms.bitlerbot.ir/" "Mozilla/5.0 (Windows NT 10.0; Win64; x64) AppleWebKit/537.36 (KHTML, like Gecko) Chrome/124.0.0.0 Safari/537.36"
172.69.151.63 - - [10/Jul/2024:18:07:24 +0000] "GET /static/css/bootstrap.css HTTP/1.1" 200 16096 "https://cms.bitlerbot.ir/" "Mozilla/5.0 (Windows NT 10.0; Win64; x64) AppleWebKit/537.36 (KHTML, like Gecko) Chrome/124.0.0.0 Safari/537.36"
162.158.110.114 - - [10/Jul/2024:18:07:26 +0000] "GET /static/favicon.ico HTTP/1.1" 200 16958 "https://cms.bitlerbot.ir/" "Mozilla/5.0 (Windows NT 10.0; Win64; x64) AppleWebKit/537.36 (KHTML, like Gecko) Chrome/124.0.0.0 Safari/537.36"
162.158.110.8 - - [10/Jul/2024:18:07:28 +0000] "GET /test HTTP/1.1" 200 1418 "https://cms.bitlerbot.ir/" "Mozilla/5.0 (Windows NT 10.0; Win64; x64) AppleWebKit/537.36 (KHTML, like Gecko) Chrome/124.0.0.0 Safari/537.36"
162.158.110.8 - - [10/Jul/2024:18:07:50 +0000] "POST /test/login HTTP/1.1" 302 0 "https://cms.bitlerbot.ir/test" "Mozilla/5.0 (Windows NT 10.0; Win64; x64) AppleWebKit/537.36 (KHTML, like Gecko) Chrome/124.0.0.0 Safari/537.36"
162.158.110.8 - - [10/Jul/2024:18:07:50 +0000] "GET /test HTTP/1.1" 200 2515 "https://cms.bitlerbot.ir/test" "Mozilla/5.0 (Windows NT 10.0; Win64; x64) AppleWebKit/537.36 (KHTML, like Gecko) Chrome/124.0.0.0 Safari/537.36"
162.158.110.8 - - [10/Jul/2024:18:07:50 +0000] "GET /test/notifications HTTP/1.1" 200 2 "https://cms.bitlerbot.ir/test" "Mozilla/5.0 (Windows NT 10.0; Win64; x64) AppleWebKit/537.36 (KHTML, like Gecko) Chrome/124.0.0.0 Safari/537.36"
162.158.110.8 - - [10/Jul/2024:18:08:15 +0000] "GET /test/tasks/fib/description HTTP/1.1" 200 2637 "https://cms.bitlerbot.ir/test" "Mozilla/5.0 (Windows NT 10.0; Win64; x64) AppleWebKit/537.36 (KHTML, like Gecko) Chrome/124.0.0.0 Safari/537.36"
162.158.110.8 - - [10/Jul/2024:18:08:15 +0000] "GET /test/notifications HTTP/1.1" 200 2 "https://cms.bitlerbot.ir/test/tasks/fib/description" "Mozilla/5.0 (Windows NT 10.0; Win64; x64) AppleWebKit/537.36 (KHTML, like Gecko) Chrome/124.0.0.0 Safari/537.36"
162.158.110.8 - - [10/Jul/2024:18:08:18 +0000] "GET /test/tasks/fib/submissions HTTP/1.1" 200 4509 "https://cms.bitlerbot.ir/test/tasks/fib/description" "Mozilla/5.0 (Windows NT 10.0; Win64; x64) AppleWebKit/537.36 (KHTML, like Gecko) Chrome/124.0.0.0 Safari/537.36"
162.158.110.8 - - [10/Jul/2024:18:08:19 +0000] "GET /test/notifications HTTP/1.1" 200 2 "https://cms.bitlerbot.ir/test/tasks/fib/submissions" "Mozilla/5.0 (Windows NT 10.0; Win64; x64) AppleWebKit/537.36 (KHTML, like Gecko) Chrome/124.0.0.0 Safari/537.36"
162.158.110.55 - - [10/Jul/2024:18:08:22 +0000] "GET /static/loading.gif HTTP/1.1" 200 673 "https://cms.bitlerbot.ir/test/tasks/fib/submissions" "Mozilla/5.0 (Windows NT 10.0; Win64; x64) AppleWebKit/537.36 (KHTML, like Gecko) Chrome/124.0.0.0 Safari/537.36"
162.158.110.8 - - [10/Jul/2024:18:08:22 +0000] "GET /test/tasks/fib/submissions/3/details HTTP/1.1" 200 438 "https://cms.bitlerbot.ir/test/tasks/fib/submissions" "Mozilla/5.0 (Windows NT 10.0; Win64; x64) AppleWebKit/537.36 (KHTML, like Gecko) Chrome/124.0.0.0 Safari/537.36"
162.158.110.8 - - [10/Jul/2024:18:08:49 +0000] "GET /test/notifications HTTP/1.1" 200 2 "https://cms.bitlerbot.ir/test/tasks/fib/submissions" "Mozilla/5.0 (Windows NT 10.0; Win64; x64) AppleWebKit/537.36 (KHTML, like Gecko) Chrome/124.0.0.0 Safari/537.36"
172.69.150.31 - - [10/Jul/2024:18:09:19 +0000] "GET /test/notifications HTTP/1.1" 200 2 "https://cms.bitlerbot.ir/test/tasks/fib/submissions" "Mozilla/5.0 (Windows NT 10.0; Win64; x64) AppleWebKit/537.36 (KHTML, like Gecko) Chrome/124.0.0.0 Safari/537.36"
172.69.150.31 - - [10/Jul/2024:18:09:49 +0000] "GET /test/notifications HTTP/1.1" 200 2 "https://cms.bitlerbot.ir/test/tasks/fib/submissions" "Mozilla/5.0 (Windows NT 10.0; Win64; x64) AppleWebKit/537.36 (KHTML, like Gecko) Chrome/124.0.0.0 Safari/537.36"
172.69.150.31 - - [10/Jul/2024:18:10:49 +0000] "GET /test/notifications HTTP/1.1" 200 2 "https://cms.bitlerbot.ir/test/tasks/fib/submissions" "Mozilla/5.0 (Windows NT 10.0; Win64; x64) AppleWebKit/537.36 (KHTML, like Gecko) Chrome/124.0.0.0 Safari/537.36"
162.158.95.245 - - [10/Jul/2024:18:11:19 +0000] "GET /test/notifications HTTP/1.1" 200 2 "https://cms.bitlerbot.ir/test/tasks/fib/submissions" "Mozilla/5.0 (Windows NT 10.0; Win64; x64) AppleWebKit/537.36 (KHTML, like Gecko) Chrome/124.0.0.0 Safari/537.36"
172.69.150.31 - - [10/Jul/2024:18:11:49 +0000] "GET /test/notifications HTTP/1.1" 200 2 "https://cms.bitlerbot.ir/test/tasks/fib/submissions" "Mozilla/5.0 (Windows NT 10.0; Win64; x64) AppleWebKit/537.36 (KHTML, like Gecko) Chrome/124.0.0.0 Safari/537.36"
172.69.150.31 - - [10/Jul/2024:18:12:19 +0000] "GET /test/notifications HTTP/1.1" 200 2 "https://cms.bitlerbot.ir/test/tasks/fib/submissions" "Mozilla/5.0 (Windows NT 10.0; Win64; x64) AppleWebKit/537.36 (KHTML, like Gecko) Chrome/124.0.0.0 Safari/537.36"
172.69.79.209 - - [10/Jul/2024:18:12:50 +0000] "GET /test/notifications HTTP/1.1" 200 2 "https://cms.bitlerbot.ir/test/tasks/fib/submissions" "Mozilla/5.0 (Windows NT 10.0; Win64; x64) AppleWebKit/537.36 (KHTML, like Gecko) Chrome/124.0.0.0 Safari/537.36"
172.69.79.209 - - [10/Jul/2024:18:13:19 +0000] "GET /test/notifications HTTP/1.1" 200 2 "https://cms.bitlerbot.ir/test/tasks/fib/submissions" "Mozilla/5.0 (Windows NT 10.0; Win64; x64) AppleWebKit/537.36 (KHTML, like Gecko) Chrome/124.0.0.0 Safari/537.36"
172.69.79.174 - - [10/Jul/2024:18:13:52 +0000] "GET /test/notifications HTTP/1.1" 200 2 "https://cms.bitlerbot.ir/test/tasks/fib/submissions" "Mozilla/5.0 (Windows NT 10.0; Win64; x64) AppleWebKit/537.36 (KHTML, like Gecko) Chrome/124.0.0.0 Safari/537.36"
172.69.150.140 - - [10/Jul/2024:18:16:28 +0000] "GET /test/notifications HTTP/1.1" 200 2 "https://cms.bitlerbot.ir/test/tasks/fib/submissions" "Mozilla/5.0 (Windows NT 10.0; Win64; x64) AppleWebKit/537.36 (KHTML, like Gecko) Chrome/124.0.0.0 Safari/537.36"
172.68.243.76 - - [10/Jul/2024:18:17:16 +0000] "GET /test/notifications HTTP/1.1" 200 2 "https://cms.bitlerbot.ir/test/tasks/fib/submissions" "Mozilla/5.0 (Windows NT 10.0; Win64; x64) AppleWebKit/537.36 (KHTML, like Gecko) Chrome/124.0.0.0 Safari/537.36"
172.71.130.169 - - [10/Jul/2024:18:18:08 +0000] "GET / HTTP/1.1" 200 421 "-" "Mozilla/5.0 (Macintosh; Intel Mac OS X 10_15_7) AppleWebKit/537.36 (KHTML, like Gecko) Chrome/126.0.0.0 Safari/537.36"
172.71.130.169 - - [10/Jul/2024:18:18:08 +0000] "GET /test HTTP/1.1" 200 1418 "https://cms.bitlerbot.ir/" "Mozilla/5.0 (Macintosh; Intel Mac OS X 10_15_7) AppleWebKit/537.36 (KHTML, like Gecko) Chrome/126.0.0.0 Safari/537.36"
162.158.134.26 - - [10/Jul/2024:18:18:17 +0000] "GET /test/notifications HTTP/1.1" 200 2 "https://cms.bitlerbot.ir/test/tasks/fib/submissions" "Mozilla/5.0 (Windows NT 10.0; Win64; x64) AppleWebKit/537.36 (KHTML, like Gecko) Chrome/124.0.0.0 Safari/537.36"
162.158.134.26 - - [10/Jul/2024:18:19:16 +0000] "GET /test/notifications HTTP/1.1" 200 2 "https://cms.bitlerbot.ir/test/tasks/fib/submissions" "Mozilla/5.0 (Windows NT 10.0; Win64; x64) AppleWebKit/537.36 (KHTML, like Gecko) Chrome/124.0.0.0 Safari/537.36"
162.158.134.26 - - [10/Jul/2024:18:20:16 +0000] "GET /test/notifications HTTP/1.1" 200 2 "https://cms.bitlerbot.ir/test/tasks/fib/submissions" "Mozilla/5.0 (Windows NT 10.0; Win64; x64) AppleWebKit/537.36 (KHTML, like Gecko) Chrome/124.0.0.0 Safari/537.36"
162.158.134.26 - - [10/Jul/2024:18:21:16 +0000] "GET /test/notifications HTTP/1.1" 200 2 "https://cms.bitlerbot.ir/test/tasks/fib/submissions" "Mozilla/5.0 (Windows NT 10.0; Win64; x64) AppleWebKit/537.36 (KHTML, like Gecko) Chrome/124.0.0.0 Safari/537.36"
162.158.134.26 - - [10/Jul/2024:18:22:16 +0000] "GET /test/notifications HTTP/1.1" 200 2 "https://cms.bitlerbot.ir/test/tasks/fib/submissions" "Mozilla/5.0 (Windows NT 10.0; Win64; x64) AppleWebKit/537.36 (KHTML, like Gecko) Chrome/124.0.0.0 Safari/537.36"
162.158.134.26 - - [10/Jul/2024:18:23:16 +0000] "GET /test/notifications HTTP/1.1" 200 2 "https://cms.bitlerbot.ir/test/tasks/fib/submissions" "Mozilla/5.0 (Windows NT 10.0; Win64; x64) AppleWebKit/537.36 (KHTML, like Gecko) Chrome/124.0.0.0 Safari/537.36"
36.111.150.43 - - [10/Jul/2024:21:19:49 +0000] "SSH-2.0-makiko" 400 157 "-" "-"
36.111.150.43 - - [10/Jul/2024:21:19:54 +0000] "SSH-2.0-makiko" 400 157 "-" "-"
36.111.150.43 - - [10/Jul/2024:21:19:57 +0000] "SSH-2.0-makiko" 400 157 "-" "-"
36.111.150.43 - - [10/Jul/2024:21:19:58 +0000] "SSH-2.0-makiko" 400 157 "-" "-"
36.111.150.43 - - [10/Jul/2024:21:19:59 +0000] "SSH-2.0-makiko" 400 157 "-" "-"
172.71.182.51 - - [10/Jul/2024:21:25:40 +0000] "GET / HTTP/1.1" 200 421 "-" "Mozilla/5.0 (Linux; Android 10; K) AppleWebKit/537.36 (KHTML, like Gecko) Chrome/126.0.0.0 Mobile Safari/537.36"
141.101.76.78 - - [10/Jul/2024:21:25:41 +0000] "GET /static/css/bootstrap.css HTTP/1.1" 200 16096 "https://cms.bitlerbot.ir/" "Mozilla/5.0 (Linux; Android 10; K) AppleWebKit/537.36 (KHTML, like Gecko) Chrome/126.0.0.0 Mobile Safari/537.36"
162.158.130.17 - - [10/Jul/2024:21:25:41 +0000] "GET /static/favicon.ico HTTP/1.1" 200 16958 "https://cms.bitlerbot.ir/" "Mozilla/5.0 (Linux; Android 10; K) AppleWebKit/537.36 (KHTML, like Gecko) Chrome/126.0.0.0 Mobile Safari/537.36"
162.158.129.145 - - [10/Jul/2024:21:25:47 +0000] "GET /test HTTP/1.1" 200 1418 "https://cms.bitlerbot.ir/" "Mozilla/5.0 (Linux; Android 10; K) AppleWebKit/537.36 (KHTML, like Gecko) Chrome/126.0.0.0 Mobile Safari/537.36"
162.158.129.145 - - [10/Jul/2024:21:26:00 +0000] "POST /test/login HTTP/1.1" 302 0 "https://cms.bitlerbot.ir/test" "Mozilla/5.0 (Linux; Android 10; K) AppleWebKit/537.36 (KHTML, like Gecko) Chrome/126.0.0.0 Mobile Safari/537.36"
162.158.129.145 - - [10/Jul/2024:21:26:01 +0000] "GET /test HTTP/1.1" 200 2513 "https://cms.bitlerbot.ir/test" "Mozilla/5.0 (Linux; Android 10; K) AppleWebKit/537.36 (KHTML, like Gecko) Chrome/126.0.0.0 Mobile Safari/537.36"
162.158.129.145 - - [10/Jul/2024:21:26:01 +0000] "GET /test/notifications HTTP/1.1" 200 2 "https://cms.bitlerbot.ir/test" "Mozilla/5.0 (Linux; Android 10; K) AppleWebKit/537.36 (KHTML, like Gecko) Chrome/126.0.0.0 Mobile Safari/537.36"
162.158.129.145 - - [10/Jul/2024:21:26:17 +0000] "POST /test/logout HTTP/1.1" 302 0 "https://cms.bitlerbot.ir/test" "Mozilla/5.0 (Linux; Android 10; K) AppleWebKit/537.36 (KHTML, like Gecko) Chrome/126.0.0.0 Mobile Safari/537.36"
162.158.129.145 - - [10/Jul/2024:21:26:18 +0000] "GET /test HTTP/1.1" 200 1417 "https://cms.bitlerbot.ir/test" "Mozilla/5.0 (Linux; Android 10; K) AppleWebKit/537.36 (KHTML, like Gecko) Chrome/126.0.0.0 Mobile Safari/537.36"
162.158.129.145 - - [10/Jul/2024:21:26:34 +0000] "POST /test/login HTTP/1.1" 302 0 "https://cms.bitlerbot.ir/test" "Mozilla/5.0 (Linux; Android 10; K) AppleWebKit/537.36 (KHTML, like Gecko) Chrome/126.0.0.0 Mobile Safari/537.36"
162.158.129.145 - - [10/Jul/2024:21:26:34 +0000] "GET /test HTTP/1.1" 200 2513 "https://cms.bitlerbot.ir/test" "Mozilla/5.0 (Linux; Android 10; K) AppleWebKit/537.36 (KHTML, like Gecko) Chrome/126.0.0.0 Mobile Safari/537.36"
162.158.129.145 - - [10/Jul/2024:21:26:34 +0000] "GET /test/notifications HTTP/1.1" 200 2 "https://cms.bitlerbot.ir/test" "Mozilla/5.0 (Linux; Android 10; K) AppleWebKit/537.36 (KHTML, like Gecko) Chrome/126.0.0.0 Mobile Safari/537.36"
162.158.129.145 - - [10/Jul/2024:21:26:47 +0000] "GET /test/tasks/fib/description HTTP/1.1" 200 2638 "https://cms.bitlerbot.ir/test" "Mozilla/5.0 (Linux; Android 10; K) AppleWebKit/537.36 (KHTML, like Gecko) Chrome/126.0.0.0 Mobile Safari/537.36"
162.158.129.145 - - [10/Jul/2024:21:26:48 +0000] "GET /test/notifications HTTP/1.1" 200 2 "https://cms.bitlerbot.ir/test/tasks/fib/description" "Mozilla/5.0 (Linux; Android 10; K) AppleWebKit/537.36 (KHTML, like Gecko) Chrome/126.0.0.0 Mobile Safari/537.36"
162.158.129.145 - - [10/Jul/2024:21:26:51 +0000] "GET /test/tasks/fib/description HTTP/1.1" 200 2632 "https://cms.bitlerbot.ir/test/tasks/fib/description" "Mozilla/5.0 (Linux; Android 10; K) AppleWebKit/537.36 (KHTML, like Gecko) Chrome/126.0.0.0 Mobile Safari/537.36"
162.158.129.145 - - [10/Jul/2024:21:26:52 +0000] "GET /test/notifications HTTP/1.1" 200 2 "https://cms.bitlerbot.ir/test/tasks/fib/description" "Mozilla/5.0 (Linux; Android 10; K) AppleWebKit/537.36 (KHTML, like Gecko) Chrome/126.0.0.0 Mobile Safari/537.36"
162.158.129.145 - - [10/Jul/2024:21:26:53 +0000] "GET /test/tasks/fib/submissions HTTP/1.1" 200 4508 "https://cms.bitlerbot.ir/test/tasks/fib/description" "Mozilla/5.0 (Linux; Android 10; K) AppleWebKit/537.36 (KHTML, like Gecko) Chrome/126.0.0.0 Mobile Safari/537.36"
162.158.129.145 - - [10/Jul/2024:21:26:54 +0000] "GET /test/notifications HTTP/1.1" 200 2 "https://cms.bitlerbot.ir/test/tasks/fib/submissions" "Mozilla/5.0 (Linux; Android 10; K) AppleWebKit/537.36 (KHTML, like Gecko) Chrome/126.0.0.0 Mobile Safari/537.36"
162.158.129.145 - - [10/Jul/2024:21:26:57 +0000] "GET /test/tasks/fib/description HTTP/1.1" 200 2637 "https://cms.bitlerbot.ir/test/tasks/fib/submissions" "Mozilla/5.0 (Linux; Android 10; K) AppleWebKit/537.36 (KHTML, like Gecko) Chrome/126.0.0.0 Mobile Safari/537.36"
162.158.129.145 - - [10/Jul/2024:21:26:58 +0000] "GET /test/notifications HTTP/1.1" 200 2 "https://cms.bitlerbot.ir/test/tasks/fib/description" "Mozilla/5.0 (Linux; Android 10; K) AppleWebKit/537.36 (KHTML, like Gecko) Chrome/126.0.0.0 Mobile Safari/537.36"
162.158.129.145 - - [10/Jul/2024:21:27:03 +0000] "GET /test/tasks/fib2/description HTTP/1.1" 200 2632 "https://cms.bitlerbot.ir/test/tasks/fib/description" "Mozilla/5.0 (Linux; Android 10; K) AppleWebKit/537.36 (KHTML, like Gecko) Chrome/126.0.0.0 Mobile Safari/537.36"
162.158.129.145 - - [10/Jul/2024:21:27:03 +0000] "GET /test/notifications HTTP/1.1" 200 2 "https://cms.bitlerbot.ir/test/tasks/fib2/description" "Mozilla/5.0 (Linux; Android 10; K) AppleWebKit/537.36 (KHTML, like Gecko) Chrome/126.0.0.0 Mobile Safari/537.36"
162.158.129.145 - - [10/Jul/2024:21:27:06 +0000] "GET /test/tasks/fib2/submissions HTTP/1.1" 200 4489 "https://cms.bitlerbot.ir/test/tasks/fib2/description" "Mozilla/5.0 (Linux; Android 10; K) AppleWebKit/537.36 (KHTML, like Gecko) Chrome/126.0.0.0 Mobile Safari/537.36"
162.158.129.145 - - [10/Jul/2024:21:27:06 +0000] "GET /test/notifications HTTP/1.1" 200 2 "https://cms.bitlerbot.ir/test/tasks/fib2/submissions" "Mozilla/5.0 (Linux; Android 10; K) AppleWebKit/537.36 (KHTML, like Gecko) Chrome/126.0.0.0 Mobile Safari/537.36"
172.71.182.50 - - [10/Jul/2024:21:27:36 +0000] "GET /test/notifications HTTP/1.1" 200 2 "https://cms.bitlerbot.ir/test/tasks/fib2/submissions" "Mozilla/5.0 (Linux; Android 10; K) AppleWebKit/537.36 (KHTML, like Gecko) Chrome/126.0.0.0 Mobile Safari/537.36"
172.71.182.50 - - [10/Jul/2024:21:28:06 +0000] "GET /test/notifications HTTP/1.1" 200 2 "https://cms.bitlerbot.ir/test/tasks/fib2/submissions" "Mozilla/5.0 (Linux; Android 10; K) AppleWebKit/537.36 (KHTML, like Gecko) Chrome/126.0.0.0 Mobile Safari/537.36"
188.114.102.42 - - [10/Jul/2024:21:28:37 +0000] "GET /test/notifications HTTP/1.1" 200 2 "https://cms.bitlerbot.ir/test/tasks/fib2/submissions" "Mozilla/5.0 (Linux; Android 10; K) AppleWebKit/537.36 (KHTML, like Gecko) Chrome/126.0.0.0 Mobile Safari/537.36"
162.158.129.220 - - [10/Jul/2024:21:30:04 +0000] "GET /test/notifications HTTP/1.1" 200 2 "https://cms.bitlerbot.ir/test/tasks/fib2/submissions" "Mozilla/5.0 (Linux; Android 10; K) AppleWebKit/537.36 (KHTML, like Gecko) Chrome/126.0.0.0 Mobile Safari/537.36"
162.158.87.81 - - [10/Jul/2024:21:31:04 +0000] "GET /test/notifications HTTP/1.1" 200 2 "https://cms.bitlerbot.ir/test/tasks/fib2/submissions" "Mozilla/5.0 (Linux; Android 10; K) AppleWebKit/537.36 (KHTML, like Gecko) Chrome/126.0.0.0 Mobile Safari/537.36"
172.69.150.31 - - [10/Jul/2024:21:32:03 +0000] "GET /test/notifications HTTP/1.1" 200 2 "https://cms.bitlerbot.ir/test/tasks/fib2/submissions" "Mozilla/5.0 (Linux; Android 10; K) AppleWebKit/537.36 (KHTML, like Gecko) Chrome/126.0.0.0 Mobile Safari/537.36"
8.137.97.155 - - [10/Jul/2024:21:33:17 +0000] "SSH-2.0-makiko" 400 157 "-" "-"
8.137.97.155 - - [10/Jul/2024:21:33:17 +0000] "SSH-2.0-makiko" 400 157 "-" "-"
8.137.97.155 - - [10/Jul/2024:21:33:18 +0000] "SSH-2.0-makiko" 400 157 "-" "-"
8.137.97.155 - - [10/Jul/2024:21:33:18 +0000] "SSH-2.0-makiko" 400 157 "-" "-"
8.137.97.155 - - [10/Jul/2024:21:33:19 +0000] "SSH-2.0-makiko" 400 157 "-" "-"
8.138.83.224 - - [10/Jul/2024:21:47:32 +0000] "hi\x00" 400 157 "-" "-"
47.250.178.232 - - [10/Jul/2024:22:00:41 +0000] "hi\x00" 400 157 "-" "-"
174.138.61.44 - - [10/Jul/2024:22:11:29 +0000] "SSH-2.0-OpenSSH_8.1" 400 157 "-" "-"
36.140.101.10 - - [10/Jul/2024:22:17:39 +0000] "SSH-2.0-libssh2_1.11.0" 400 157 "-" "-"
44.199.226.178 - - [10/Jul/2024:22:22:03 +0000] "SSH-2.0-Go" 400 157 "-" "-"
172.71.250.143 - - [10/Jul/2024:22:44:47 +0000] "GET / HTTP/1.1" 200 421 "-" "Mozilla/5.0 (Linux; Android 10; K) AppleWebKit/537.36 (KHTML, like Gecko) Chrome/126.0.0.0 Mobile Safari/537.36"
172.71.250.15 - - [10/Jul/2024:22:44:47 +0000] "GET /static/css/bootstrap.css HTTP/1.1" 200 16096 "https://cms.bitlerbot.ir/" "Mozilla/5.0 (Linux; Android 10; K) AppleWebKit/537.36 (KHTML, like Gecko) Chrome/126.0.0.0 Mobile Safari/537.36"
172.71.250.41 - - [10/Jul/2024:22:44:47 +0000] "GET /static/jq/jquery-migrate-3.3.2.min.js HTTP/1.1" 200 11224 "https://cms.bitlerbot.ir/" "Mozilla/5.0 (Linux; Android 10; K) AppleWebKit/537.36 (KHTML, like Gecko) Chrome/126.0.0.0 Mobile Safari/537.36"
172.71.250.51 - - [10/Jul/2024:22:44:47 +0000] "GET /static/jq/jquery-3.6.0.min.js HTTP/1.1" 200 89501 "https://cms.bitlerbot.ir/" "Mozilla/5.0 (Linux; Android 10; K) AppleWebKit/537.36 (KHTML, like Gecko) Chrome/126.0.0.0 Mobile Safari/537.36"
172.71.250.3 - - [10/Jul/2024:22:44:47 +0000] "GET /static/cws_style.css HTTP/1.1" 200 4011 "https://cms.bitlerbot.ir/" "Mozilla/5.0 (Linux; Android 10; K) AppleWebKit/537.36 (KHTML, like Gecko) Chrome/126.0.0.0 Mobile Safari/537.36"
172.71.250.34 - - [10/Jul/2024:22:44:47 +0000] "GET /static/cws_utils.js HTTP/1.1" 200 13670 "https://cms.bitlerbot.ir/" "Mozilla/5.0 (Linux; Android 10; K) AppleWebKit/537.36 (KHTML, like Gecko) Chrome/126.0.0.0 Mobile Safari/537.36"
172.71.250.135 - - [10/Jul/2024:22:44:47 +0000] "GET /static/js/bootstrap.js HTTP/1.1" 200 22455 "https://cms.bitlerbot.ir/" "Mozilla/5.0 (Linux; Android 10; K) AppleWebKit/537.36 (KHTML, like Gecko) Chrome/126.0.0.0 Mobile Safari/537.36"
172.71.250.56 - - [10/Jul/2024:22:44:47 +0000] "GET /static/favicon.ico HTTP/1.1" 200 16958 "https://cms.bitlerbot.ir/" "Mozilla/5.0 (Linux; Android 10; K) AppleWebKit/537.36 (KHTML, like Gecko) Chrome/126.0.0.0 Mobile Safari/537.36"
172.71.250.143 - - [10/Jul/2024:22:44:50 +0000] "GET /test HTTP/1.1" 200 1420 "https://cms.bitlerbot.ir/" "Mozilla/5.0 (Linux; Android 10; K) AppleWebKit/537.36 (KHTML, like Gecko) Chrome/126.0.0.0 Mobile Safari/537.36"
172.71.250.143 - - [10/Jul/2024:22:44:58 +0000] "GET / HTTP/1.1" 200 421 "-" "Mozilla/5.0 (Linux; Android 10; K) AppleWebKit/537.36 (KHTML, like Gecko) Chrome/126.0.0.0 Mobile Safari/537.36"
172.71.250.143 - - [10/Jul/2024:22:44:59 +0000] "GET /test HTTP/1.1" 200 1419 "https://cms.bitlerbot.ir/" "Mozilla/5.0 (Linux; Android 10; K) AppleWebKit/537.36 (KHTML, like Gecko) Chrome/126.0.0.0 Mobile Safari/537.36"
172.71.250.143 - - [10/Jul/2024:22:45:05 +0000] "POST /test/login HTTP/1.1" 302 0 "https://cms.bitlerbot.ir/test" "Mozilla/5.0 (Linux; Android 10; K) AppleWebKit/537.36 (KHTML, like Gecko) Chrome/126.0.0.0 Mobile Safari/537.36"
172.71.250.143 - - [10/Jul/2024:22:45:05 +0000] "GET /test?login_error=true HTTP/1.1" 200 1514 "https://cms.bitlerbot.ir/test" "Mozilla/5.0 (Linux; Android 10; K) AppleWebKit/537.36 (KHTML, like Gecko) Chrome/126.0.0.0 Mobile Safari/537.36"
172.71.250.143 - - [10/Jul/2024:22:45:14 +0000] "POST /test/login HTTP/1.1" 302 0 "https://cms.bitlerbot.ir/test?login_error=true" "Mozilla/5.0 (Linux; Android 10; K) AppleWebKit/537.36 (KHTML, like Gecko) Chrome/126.0.0.0 Mobile Safari/537.36"
